###############################################################################
#
# IAR ELF Linker V8.40.2.214/W32 for ARM                  30/Jan/2026  09:26:09
# Copyright 2007-2019 IAR Systems AB.
#
#    Output file  =
#        D:\Project_STM32\Project_Slave_Level_Ultra\EWARM\Project_Slave_Level_Ultra\Exe\Project_Slave_Level_Ultra.out
#    Map file     =
#        D:\Project_STM32\Project_Slave_Level_Ultra\EWARM\Project_Slave_Level_Ultra\List\Project_Slave_Level_Ultra.map
#    Command line =
#        -f C:\Users\PC\AppData\Local\Temp\EW2AE4.tmp
#        (D:\Project_STM32\Project_Slave_Level_Ultra\EWARM\Project_Slave_Level_Ultra\Obj\button.o
#        D:\Project_STM32\Project_Slave_Level_Ultra\EWARM\Project_Slave_Level_Ultra\Obj\dac.o
#        D:\Project_STM32\Project_Slave_Level_Ultra\EWARM\Project_Slave_Level_Ultra\Obj\dma.o
#        D:\Project_STM32\Project_Slave_Level_Ultra\EWARM\Project_Slave_Level_Ultra\Obj\event_driven.o
#        D:\Project_STM32\Project_Slave_Level_Ultra\EWARM\Project_Slave_Level_Ultra\Obj\glcd.o
#        D:\Project_STM32\Project_Slave_Level_Ultra\EWARM\Project_Slave_Level_Ultra\Obj\gpio.o
#        D:\Project_STM32\Project_Slave_Level_Ultra\EWARM\Project_Slave_Level_Ultra\Obj\graphics.o
#        D:\Project_STM32\Project_Slave_Level_Ultra\EWARM\Project_Slave_Level_Ultra\Obj\graphs.o
#        D:\Project_STM32\Project_Slave_Level_Ultra\EWARM\Project_Slave_Level_Ultra\Obj\iwdg.o
#        D:\Project_STM32\Project_Slave_Level_Ultra\EWARM\Project_Slave_Level_Ultra\Obj\lcd_display.o
#        D:\Project_STM32\Project_Slave_Level_Ultra\EWARM\Project_Slave_Level_Ultra\Obj\main.o
#        D:\Project_STM32\Project_Slave_Level_Ultra\EWARM\Project_Slave_Level_Ultra\Obj\NT75451.o
#        D:\Project_STM32\Project_Slave_Level_Ultra\EWARM\Project_Slave_Level_Ultra\Obj\onchipflash.o
#        D:\Project_STM32\Project_Slave_Level_Ultra\EWARM\Project_Slave_Level_Ultra\Obj\PCD8544.o
#        D:\Project_STM32\Project_Slave_Level_Ultra\EWARM\Project_Slave_Level_Ultra\Obj\queue_p.o
#        D:\Project_STM32\Project_Slave_Level_Ultra\EWARM\Project_Slave_Level_Ultra\Obj\rtc.o
#        D:\Project_STM32\Project_Slave_Level_Ultra\EWARM\Project_Slave_Level_Ultra\Obj\spi.o
#        D:\Project_STM32\Project_Slave_Level_Ultra\EWARM\Project_Slave_Level_Ultra\Obj\ST7565R.o
#        D:\Project_STM32\Project_Slave_Level_Ultra\EWARM\Project_Slave_Level_Ultra\Obj\startup_stm32l433xx.o
#        D:\Project_STM32\Project_Slave_Level_Ultra\EWARM\Project_Slave_Level_Ultra\Obj\STM32F0xx.o
#        D:\Project_STM32\Project_Slave_Level_Ultra\EWARM\Project_Slave_Level_Ultra\Obj\STM32F10x.o
#        D:\Project_STM32\Project_Slave_Level_Ultra\EWARM\Project_Slave_Level_Ultra\Obj\STM32F4.o
#        D:\Project_STM32\Project_Slave_Level_Ultra\EWARM\Project_Slave_Level_Ultra\Obj\STM32L4.o
#        D:\Project_STM32\Project_Slave_Level_Ultra\EWARM\Project_Slave_Level_Ultra\Obj\stm32l4xx_hal.o
#        D:\Project_STM32\Project_Slave_Level_Ultra\EWARM\Project_Slave_Level_Ultra\Obj\stm32l4xx_hal_cortex.o
#        D:\Project_STM32\Project_Slave_Level_Ultra\EWARM\Project_Slave_Level_Ultra\Obj\stm32l4xx_hal_dac.o
#        D:\Project_STM32\Project_Slave_Level_Ultra\EWARM\Project_Slave_Level_Ultra\Obj\stm32l4xx_hal_dac_ex.o
#        D:\Project_STM32\Project_Slave_Level_Ultra\EWARM\Project_Slave_Level_Ultra\Obj\stm32l4xx_hal_dma.o
#        D:\Project_STM32\Project_Slave_Level_Ultra\EWARM\Project_Slave_Level_Ultra\Obj\stm32l4xx_hal_dma_ex.o
#        D:\Project_STM32\Project_Slave_Level_Ultra\EWARM\Project_Slave_Level_Ultra\Obj\stm32l4xx_hal_exti.o
#        D:\Project_STM32\Project_Slave_Level_Ultra\EWARM\Project_Slave_Level_Ultra\Obj\stm32l4xx_hal_flash.o
#        D:\Project_STM32\Project_Slave_Level_Ultra\EWARM\Project_Slave_Level_Ultra\Obj\stm32l4xx_hal_flash_ex.o
#        D:\Project_STM32\Project_Slave_Level_Ultra\EWARM\Project_Slave_Level_Ultra\Obj\stm32l4xx_hal_flash_ramfunc.o
#        D:\Project_STM32\Project_Slave_Level_Ultra\EWARM\Project_Slave_Level_Ultra\Obj\stm32l4xx_hal_gpio.o
#        D:\Project_STM32\Project_Slave_Level_Ultra\EWARM\Project_Slave_Level_Ultra\Obj\stm32l4xx_hal_i2c.o
#        D:\Project_STM32\Project_Slave_Level_Ultra\EWARM\Project_Slave_Level_Ultra\Obj\stm32l4xx_hal_i2c_ex.o
#        D:\Project_STM32\Project_Slave_Level_Ultra\EWARM\Project_Slave_Level_Ultra\Obj\stm32l4xx_hal_iwdg.o
#        D:\Project_STM32\Project_Slave_Level_Ultra\EWARM\Project_Slave_Level_Ultra\Obj\stm32l4xx_hal_msp.o
#        D:\Project_STM32\Project_Slave_Level_Ultra\EWARM\Project_Slave_Level_Ultra\Obj\stm32l4xx_hal_pwr.o
#        D:\Project_STM32\Project_Slave_Level_Ultra\EWARM\Project_Slave_Level_Ultra\Obj\stm32l4xx_hal_pwr_ex.o
#        D:\Project_STM32\Project_Slave_Level_Ultra\EWARM\Project_Slave_Level_Ultra\Obj\stm32l4xx_hal_rcc.o
#        D:\Project_STM32\Project_Slave_Level_Ultra\EWARM\Project_Slave_Level_Ultra\Obj\stm32l4xx_hal_rcc_ex.o
#        D:\Project_STM32\Project_Slave_Level_Ultra\EWARM\Project_Slave_Level_Ultra\Obj\stm32l4xx_hal_rtc.o
#        D:\Project_STM32\Project_Slave_Level_Ultra\EWARM\Project_Slave_Level_Ultra\Obj\stm32l4xx_hal_rtc_ex.o
#        D:\Project_STM32\Project_Slave_Level_Ultra\EWARM\Project_Slave_Level_Ultra\Obj\stm32l4xx_hal_spi.o
#        D:\Project_STM32\Project_Slave_Level_Ultra\EWARM\Project_Slave_Level_Ultra\Obj\stm32l4xx_hal_spi_ex.o
#        D:\Project_STM32\Project_Slave_Level_Ultra\EWARM\Project_Slave_Level_Ultra\Obj\stm32l4xx_hal_tim.o
#        D:\Project_STM32\Project_Slave_Level_Ultra\EWARM\Project_Slave_Level_Ultra\Obj\stm32l4xx_hal_tim_ex.o
#        D:\Project_STM32\Project_Slave_Level_Ultra\EWARM\Project_Slave_Level_Ultra\Obj\stm32l4xx_hal_uart.o
#        D:\Project_STM32\Project_Slave_Level_Ultra\EWARM\Project_Slave_Level_Ultra\Obj\stm32l4xx_hal_uart_ex.o
#        D:\Project_STM32\Project_Slave_Level_Ultra\EWARM\Project_Slave_Level_Ultra\Obj\stm32l4xx_it.o
#        D:\Project_STM32\Project_Slave_Level_Ultra\EWARM\Project_Slave_Level_Ultra\Obj\system_stm32l4xx.o
#        D:\Project_STM32\Project_Slave_Level_Ultra\EWARM\Project_Slave_Level_Ultra\Obj\text.o
#        D:\Project_STM32\Project_Slave_Level_Ultra\EWARM\Project_Slave_Level_Ultra\Obj\text_tiny.o
#        D:\Project_STM32\Project_Slave_Level_Ultra\EWARM\Project_Slave_Level_Ultra\Obj\tim.o
#        D:\Project_STM32\Project_Slave_Level_Ultra\EWARM\Project_Slave_Level_Ultra\Obj\unit_tests.o
#        D:\Project_STM32\Project_Slave_Level_Ultra\EWARM\Project_Slave_Level_Ultra\Obj\usart.o
#        D:\Project_STM32\Project_Slave_Level_Ultra\EWARM\Project_Slave_Level_Ultra\Obj\user_adv_trace.o
#        D:\Project_STM32\Project_Slave_Level_Ultra\EWARM\Project_Slave_Level_Ultra\Obj\user_app_comm.o
#        D:\Project_STM32\Project_Slave_Level_Ultra\EWARM\Project_Slave_Level_Ultra\Obj\user_app_modbus_rtu.o
#        D:\Project_STM32\Project_Slave_Level_Ultra\EWARM\Project_Slave_Level_Ultra\Obj\user_app_rs485.o
#        D:\Project_STM32\Project_Slave_Level_Ultra\EWARM\Project_Slave_Level_Ultra\Obj\user_app_sensor.o
#        D:\Project_STM32\Project_Slave_Level_Ultra\EWARM\Project_Slave_Level_Ultra\Obj\user_at_serial.o
#        D:\Project_STM32\Project_Slave_Level_Ultra\EWARM\Project_Slave_Level_Ultra\Obj\user_connect_sensor.o
#        D:\Project_STM32\Project_Slave_Level_Ultra\EWARM\Project_Slave_Level_Ultra\Obj\user_convert_variable.o
#        D:\Project_STM32\Project_Slave_Level_Ultra\EWARM\Project_Slave_Level_Ultra\Obj\user_internal_mem.o
#        D:\Project_STM32\Project_Slave_Level_Ultra\EWARM\Project_Slave_Level_Ultra\Obj\user_mem_comm.o
#        D:\Project_STM32\Project_Slave_Level_Ultra\EWARM\Project_Slave_Level_Ultra\Obj\user_modbus_rtu.o
#        D:\Project_STM32\Project_Slave_Level_Ultra\EWARM\Project_Slave_Level_Ultra\Obj\user_obis_sv.o
#        D:\Project_STM32\Project_Slave_Level_Ultra\EWARM\Project_Slave_Level_Ultra\Obj\user_rs485.o
#        D:\Project_STM32\Project_Slave_Level_Ultra\EWARM\Project_Slave_Level_Ultra\Obj\user_rtc.o
#        D:\Project_STM32\Project_Slave_Level_Ultra\EWARM\Project_Slave_Level_Ultra\Obj\user_string.o
#        D:\Project_STM32\Project_Slave_Level_Ultra\EWARM\Project_Slave_Level_Ultra\Obj\user_time.o
#        D:\Project_STM32\Project_Slave_Level_Ultra\EWARM\Project_Slave_Level_Ultra\Obj\user_timer.o
#        D:\Project_STM32\Project_Slave_Level_Ultra\EWARM\Project_Slave_Level_Ultra\Obj\user_tiny_vsnprintf.o
#        D:\Project_STM32\Project_Slave_Level_Ultra\EWARM\Project_Slave_Level_Ultra\Obj\user_uart.o
#        D:\Project_STM32\Project_Slave_Level_Ultra\EWARM\Project_Slave_Level_Ultra\Obj\user_util.o
#        --no_out_extension -o
#        D:\Project_STM32\Project_Slave_Level_Ultra\EWARM\Project_Slave_Level_Ultra\Exe\Project_Slave_Level_Ultra.out
#        --redirect _Printf=_PrintfFullNoMb --redirect _Scanf=_ScanfFullNoMb
#        --map
#        D:\Project_STM32\Project_Slave_Level_Ultra\EWARM\Project_Slave_Level_Ultra\List\Project_Slave_Level_Ultra.map
#        --config
#        D:\Project_STM32\Project_Slave_Level_Ultra\EWARM/stm32l433xx_flash.icf
#        --semihosting --entry __iar_program_start --vfe --text_out locale)
#
###############################################################################

*******************************************************************************
*** RUNTIME MODEL ATTRIBUTES
***

CppFlavor       = *
__Heap_Handler  = DLMalloc
__SystemLibrary = DLib
__dlib_version  = 6


*******************************************************************************
*** HEAP SELECTION
***

The advanced heap was selected because the application calls memory
allocation functions outside of system library functions, and there
are calls to deallocation functions in the application.


*******************************************************************************
*** PLACEMENT SUMMARY
***

"A0":  place at address 0x800'0000 { ro section .intvec };
"P1":  place in [from 0x800'0000 to 0x803'ffff] { ro };
define block CSTACK with size = 1K, alignment = 8 { };
define block HEAP with size = 512, alignment = 8 { };
"P2":  place in [from 0x2000'0000 to 0x2000'ffff] {
          rw, block CSTACK, block HEAP };
initialize by copy { rw };

  Section            Kind         Address    Size  Object
  -------            ----         -------    ----  ------
"A0":                                       0x18c
  .intvec            ro code   0x800'0000   0x18c  startup_stm32l433xx.o [1]
                             - 0x800'018c   0x18c

"P1":                                      0xfd2f
  .text              ro code   0x800'018c  0x1334  user_app_sensor.o [1]
  .text              ro code   0x800'14c0   0x264  stm32l4xx_hal_dac.o [1]
  .text              ro code   0x800'1724     0xc  stm32l4xx_hal.o [1]
  .text              ro code   0x800'1730   0x21c  user_util.o [1]
  .text              ro code   0x800'194c    0x42  event_driven.o [1]
  .text              ro code   0x800'198e    0x80  stm32l4xx_hal_iwdg.o [1]
  .text              ro code   0x800'1a0e    0x3a  zero_init3.o [4]
  .text              ro code   0x800'1a48    0x66  ABImemset.o [4]
  .text              ro code   0x800'1aae     0xa  xsprout.o [2]
  .text              ro code   0x800'1ab8   0x40c  user_convert_variable.o [1]
  .text              ro code   0x800'1ec4   0x172  onchipflash.o [1]
  .rodata            const     0x800'2036     0x2  xlocale_c.o [2]
  .text              ro code   0x800'2038   0xbc8  user_app_modbus_rtu.o [1]
  .text              ro code   0x800'2c00  0x107c  stm32l4xx_hal_uart.o [1]
  .text              ro code   0x800'3c7c    0xa6  ABImemcpy.o [4]
  .rodata            const     0x800'3d22     0x1  xlocale_c.o [2]
  .text              ro code   0x800'3d24    0x70  user_connect_sensor.o [1]
  .text              ro code   0x800'3d94    0xb8  dac.o [1]
  .text              ro code   0x800'3e4c    0x28  stm32l4xx_hal.o [1]
  .text              ro code   0x800'3e74    0x36  strlen.o [4]
  .text              ro code   0x800'3eac    0x22  S32ToDbl.o [3]
  .text              ro code   0x800'3ed0    0x16  math_wrappers64.o [3]
  .text              ro code   0x800'3ee8   0x246  DblDiv.o [3]
  .text              ro code   0x800'4130    0x68  DblToFlt.o [3]
  .text              ro code   0x800'4198    0x1a  U32ToDbl.o [3]
  .text              ro code   0x800'41b4    0x48  FltToDbl.o [3]
  .text              ro code   0x800'41fc    0x40  sprintf.o [2]
  .text              ro code   0x800'423c   0x230  I64DivMod.o [4]
  .text              ro code   0x800'446c   0x1a2  DblMul.o [3]
  .text              ro code   0x800'4610   0x17a  DblAdd.o [3]
  .text              ro code   0x800'478c    0x3a  DblToS32.o [3]
  .text              ro code   0x800'47c8   0x1b8  stm32l4xx_hal_flash.o [1]
  .text              ro code   0x800'4980    0xa0  stm32l4xx_hal_flash_ex.o [1]
  .text              ro code   0x800'4a20   0x380  stm32l4xx_hal_gpio.o [1]
  .text              ro code   0x800'4da0   0x1cc  user_modbus_rtu.o [1]
  .text              ro code   0x800'4f6c   0x3a0  usart.o [1]
  .text              ro code   0x800'530c   0x426  stm32l4xx_hal_dma.o [1]
  .text              ro code   0x800'5734   0x128  user_uart.o [1]
  .text              ro code   0x800'585c    0x72  stm32l4xx_hal_uart_ex.o [1]
  .text              ro code   0x800'58d0   0x9fc  stm32l4xx_hal_rcc.o [1]
  .text              ro code   0x800'62cc     0x2  stm32l4xx_hal_uart.o [1]
  .text              ro code   0x800'62ce     0x2  stm32l4xx_hal_uart.o [1]
  .text              ro code   0x800'62d0   0x194  stm32l4xx_hal_cortex.o [1]
  .text              ro code   0x800'6464    0x14  memset.o [4]
  .text              ro code   0x800'6478    0xce  main.o [1]
  .text              ro code   0x800'6548   0x6ec  pow64.o [3]
  .text              ro code   0x800'6c34   0xfc6  xprintffull_nomb.o [2]
  .text              ro code   0x800'7bfc     0x2  I64DivZer.o [4]
  .text              ro code   0x800'7c00    0xe2  DblSub.o [3]
  .text              ro code   0x800'7ce4   0x4e8  stm32l4xx_hal_rcc_ex.o [1]
  .text              ro code   0x800'81cc   0x4f4  user_app_comm.o [1]
  .text              ro code   0x800'86c0    0x70  user_rs485.o [1]
  .text              ro code   0x800'8730   0x23a  user_adv_trace.o [1]
  .text              ro code   0x800'896c    0x60  stm32l4xx_hal.o [1]
  .text              ro code   0x800'89cc    0x94  stm32l4xx_hal_pwr_ex.o [1]
  .text              ro code   0x800'8a60    0x24  stm32l4xx_hal.o [1]
  .text              ro code   0x800'8a84   0x158  gpio.o [1]
  .text              ro code   0x800'8bdc    0x60  dma.o [1]
  .text              ro code   0x800'8c3c    0x2c  iwdg.o [1]
  .text              ro code   0x800'8c68   0x150  rtc.o [1]
  .text              ro code   0x800'8db8    0xc8  spi.o [1]
  .text              ro code   0x800'8e80    0xb0  tim.o [1]
  .text              ro code   0x800'8f30    0x20  DblCmpEq.o [3]
  .text              ro code   0x800'8f50    0x70  frexp.o [3]
  .text              ro code   0x800'8fc0    0x2e  DblCmpLe.o [3]
  .text              ro code   0x800'8ff0    0x2e  DblCmpGe.o [3]
  .text              ro code   0x800'9020   0x3e8  iar_Exp64.o [3]
  .text              ro code   0x800'9408    0x16  strchr.o [4]
  .text              ro code   0x800'9420    0x40  xfail_s.o [2]
  .text              ro code   0x800'9460    0x58  memchr.o [4]
  .text              ro code   0x800'94b8   0x13a  ldexp.o [3]
  .text              ro code   0x800'95f4    0x28  DblToU32.o [3]
  .text              ro code   0x800'961c     0x8  xlocale_c.o [2]
  .text              ro code   0x800'9624   0x310  user_timer.o [1]
  .text              ro code   0x800'9934   0x1dc  user_at_serial.o [1]
  .text              ro code   0x800'9b10    0x58  user_time.o [1]
  .text              ro code   0x800'9b68   0x144  user_app_rs485.o [1]
  .text              ro code   0x800'9cac   0xa00  lcd_display.o [1]
  .text              ro code   0x800'a6ac   0x350  user_tiny_vsnprintf.o [1]
  .text              ro code   0x800'a9fc    0x38  stm32l4xx_hal_msp.o [1]
  .text              ro code   0x800'aa34   0x78e  stm32l4xx_hal_rtc.o [1]
  .text              ro code   0x800'b1c4   0x52a  stm32l4xx_hal_spi.o [1]
  .text              ro code   0x800'b6f0   0x3ca  stm32l4xx_hal_tim.o [1]
  .text              ro code   0x800'babc    0x7c  stm32l4xx_hal_tim_ex.o [1]
  .text              ro code   0x800'bb38     0x6  abort.o [2]
  .text              ro code   0x800'bb3e   0x1e6  user_string.o [1]
  .text              ro code   0x800'bd24    0xa4  STM32L4.o [1]
  .text              ro code   0x800'bdc8    0xe8  glcd.o [1]
  .text              ro code   0x800'beb0   0x154  ST7565R.o [1]
  .text              ro code   0x800'c004   0x290  text_tiny.o [1]
  .text              ro code   0x800'c294    0x14  unit_tests.o [1]
  .text              ro code   0x800'c2a8  0x1274  button.o [1]
  .text              ro code   0x800'd51c   0x390  text.o [1]
  .text              ro code   0x800'd8ac   0x3a8  user_rtc.o [1]
  .text              ro code   0x800'dc54     0x2  stm32l4xx_hal_rtc_ex.o [1]
  .text              ro code   0x800'dc56     0x2  stm32l4xx_hal_tim.o [1]
  .text              ro code   0x800'dc58     0x2  stm32l4xx_hal_tim.o [1]
  .text              ro code   0x800'dc5a     0x2  stm32l4xx_hal_tim.o [1]
  .text              ro code   0x800'dc5c     0x2  stm32l4xx_hal_tim_ex.o [1]
  .text              ro code   0x800'dc5e     0x2  stm32l4xx_hal_tim_ex.o [1]
  .text              ro code   0x800'dc60     0x2  stm32l4xx_hal_tim.o [1]
  .text              ro code   0x800'dc62     0x2  stm32l4xx_hal_tim_ex.o [1]
  .text              ro code   0x800'dc64    0x14  exit.o [5]
  .text              ro code   0x800'dc78    0xf4  graphics.o [1]
  .text              ro code   0x800'dd6c    0x48  stm32l4xx_hal_rtc_ex.o [1]
  .rodata            const     0x800'ddb4   0x548  lcd_display.o [1]
  .rodata            const     0x800'e300   0x420  pow64.o [3]
  .rodata            const     0x800'e720   0x228  lcd_display.o [1]
  .rodata            const     0x800'e948   0x214  lcd_display.o [1]
  .rodata            const     0x800'eb5c   0x200  unit_tests.o [1]
  .text              ro code   0x800'ed5c    0x94  stm32l4xx_it.o [1]
  .text              ro code   0x800'edf0    0x18  stm32l4xx_hal.o [1]
  .text              ro code   0x800'ee08    0x78  lz77_init_single.o [4]
  .rodata            const     0x800'ee80    0x34  user_app_sensor.o [1]
  .rodata            const     0x800'eeb4    0x34  user_app_sensor.o [1]
  .rodata            const     0x800'eee8    0x34  user_app_sensor.o [1]
  .rodata            const     0x800'ef1c    0x34  user_app_sensor.o [1]
  .rodata            const     0x800'ef50    0x34  user_app_sensor.o [1]
  .rodata            const     0x800'ef84    0x34  user_app_sensor.o [1]
  .rodata            const     0x800'efb8    0x34  user_app_sensor.o [1]
  .rodata            const     0x800'efec    0x30  system_stm32l4xx.o [1]
  .rodata            const     0x800'f01c    0x2c  user_rtc.o [1]
  .rodata            const     0x800'f048    0x28  user_tiny_vsnprintf.o [1]
  .rodata            const     0x800'f070    0x28  user_tiny_vsnprintf.o [1]
  .text              ro code   0x800'f098    0x28  data_init.o [4]
  .text              ro code   0x800'f0c0    0x22  fpinit_M.o [3]
  .iar.init_table    const     0x800'f0e4    0x20  - Linker created -
  .rodata            const     0x800'f104    0x20  user_app_comm.o [1]
  .rodata            const     0x800'f124    0x20  user_rtc.o [1]
  .text              ro code   0x800'f144    0x1e  cmain.o [4]
  .text              ro code   0x800'f162     0x4  low_level_init.o [2]
  .text              ro code   0x800'f166     0x4  exit.o [2]
  .text              ro code   0x800'f16c     0xa  cexit.o [4]
  .rodata            const     0x800'f178    0x1c  user_app_comm.o [1]
  .rodata            const     0x800'f194    0x1c  user_app_comm.o [1]
  .rodata            const     0x800'f1b0    0x1c  user_app_comm.o [1]
  .rodata            const     0x800'f1cc    0x1c  user_uart.o [1]
  .rodata            const     0x800'f1e8    0x18  user_app_comm.o [1]
  .rodata            const     0x800'f200    0x14  lcd_display.o [1]
  .rodata            const     0x800'f214    0x14  lcd_display.o [1]
  .rodata            const     0x800'f228    0x14  user_app_comm.o [1]
  .rodata            const     0x800'f23c    0x14  user_at_serial.o [1]
  .rodata            const     0x800'f250    0x14  user_at_serial.o [1]
  .rodata            const     0x800'f264    0x14  user_at_serial.o [1]
  .rodata            const     0x800'f278    0x14  user_at_serial.o [1]
  .rodata            const     0x800'f28c    0x14  user_at_serial.o [1]
  .rodata            const     0x800'f2a0    0x10  lcd_display.o [1]
  .rodata            const     0x800'f2b0    0x10  lcd_display.o [1]
  .rodata            const     0x800'f2c0    0x10  lcd_display.o [1]
  .rodata            const     0x800'f2d0    0x10  lcd_display.o [1]
  .rodata            const     0x800'f2e0    0x10  lcd_display.o [1]
  .rodata            const     0x800'f2f0    0x10  lcd_display.o [1]
  .rodata            const     0x800'f300    0x10  lcd_display.o [1]
  .rodata            const     0x800'f310    0x10  lcd_display.o [1]
  .rodata            const     0x800'f320    0x10  lcd_display.o [1]
  .rodata            const     0x800'f330    0x10  lcd_display.o [1]
  .rodata            const     0x800'f340    0x10  system_stm32l4xx.o [1]
  .rodata            const     0x800'f350    0x10  user_app_sensor.o [1]
  .rodata            const     0x800'f360    0x10  user_at_serial.o [1]
  .rodata            const     0x800'f370    0x10  user_at_serial.o [1]
  .rodata            const     0x800'f380    0x10  user_at_serial.o [1]
  .rodata            const     0x800'f390    0x10  user_at_serial.o [1]
  .rodata            const     0x800'f3a0    0x10  user_at_serial.o [1]
  .rodata            const     0x800'f3b0    0x10  user_at_serial.o [1]
  .rodata            const     0x800'f3c0    0x10  user_at_serial.o [1]
  .rodata            const     0x800'f3d0    0x10  user_at_serial.o [1]
  .rodata            const     0x800'f3e0    0x10  user_at_serial.o [1]
  .rodata            const     0x800'f3f0    0x10  user_at_serial.o [1]
  .rodata            const     0x800'f400    0x10  user_at_serial.o [1]
  .rodata            const     0x800'f410    0x10  user_at_serial.o [1]
  .rodata            const     0x800'f420    0x10  user_at_serial.o [1]
  .rodata            const     0x800'f430    0x10  user_at_serial.o [1]
  .rodata            const     0x800'f440    0x10  user_at_serial.o [1]
  .rodata            const     0x800'f450    0x10  user_at_serial.o [1]
  .rodata            const     0x800'f460    0x10  user_at_serial.o [1]
  .rodata            const     0x800'f470    0x10  user_at_serial.o [1]
  .rodata            const     0x800'f480    0x10  user_at_serial.o [1]
  .rodata            const     0x800'f490    0x10  user_at_serial.o [1]
  .rodata            const     0x800'f4a0    0x10  user_at_serial.o [1]
  .rodata            const     0x800'f4b0    0x10  user_at_serial.o [1]
  .rodata            const     0x800'f4c0    0x10  user_at_serial.o [1]
  .rodata            const     0x800'f4d0    0x10  user_at_serial.o [1]
  .rodata            const     0x800'f4e0    0x10  user_at_serial.o [1]
  .rodata            const     0x800'f4f0    0x10  user_at_serial.o [1]
  .rodata            const     0x800'f500    0x10  user_at_serial.o [1]
  .rodata            const     0x800'f510    0x10  user_at_serial.o [1]
  .rodata            const     0x800'f520    0x10  user_at_serial.o [1]
  .rodata            const     0x800'f530    0x10  user_at_serial.o [1]
  .rodata            const     0x800'f540    0x10  user_at_serial.o [1]
  .rodata            const     0x800'f550    0x10  user_at_serial.o [1]
  .rodata            const     0x800'f560    0x10  user_at_serial.o [1]
  .rodata            const     0x800'f570    0x10  user_at_serial.o [1]
  .rodata            const     0x800'f580    0x10  user_at_serial.o [1]
  .rodata            const     0x800'f590    0x10  user_at_serial.o [1]
  .rodata            const     0x800'f5a0    0x10  user_at_serial.o [1]
  .text              ro code   0x800'f5b0    0x10  startup_stm32l433xx.o [1]
  .text              ro code   0x800'f5c0    0x10  system_stm32l4xx.o [1]
  .rodata            const     0x800'f5d0     0xc  lcd_display.o [1]
  .rodata            const     0x800'f5dc     0xc  lcd_display.o [1]
  .rodata            const     0x800'f5e8     0xc  lcd_display.o [1]
  .rodata            const     0x800'f5f4     0xc  lcd_display.o [1]
  .rodata            const     0x800'f600     0xc  lcd_display.o [1]
  .rodata            const     0x800'f60c     0xc  lcd_display.o [1]
  .rodata            const     0x800'f618     0xc  lcd_display.o [1]
  .rodata            const     0x800'f624     0xc  lcd_display.o [1]
  .rodata            const     0x800'f630     0xc  lcd_display.o [1]
  .rodata            const     0x800'f63c     0xc  lcd_display.o [1]
  .rodata            const     0x800'f648     0xc  user_app_comm.o [1]
  .rodata            const     0x800'f654     0xc  user_app_sensor.o [1]
  .rodata            const     0x800'f660     0xc  user_at_serial.o [1]
  .rodata            const     0x800'f66c     0xc  user_at_serial.o [1]
  .rodata            const     0x800'f678     0xc  user_at_serial.o [1]
  .rodata            const     0x800'f684     0xc  user_at_serial.o [1]
  .rodata            const     0x800'f690     0xc  user_at_serial.o [1]
  .rodata            const     0x800'f69c     0xc  user_at_serial.o [1]
  .rodata            const     0x800'f6a8     0xc  user_at_serial.o [1]
  .rodata            const     0x800'f6b4     0xc  user_at_serial.o [1]
  .rodata            const     0x800'f6c0     0xc  user_at_serial.o [1]
  .rodata            const     0x800'f6cc     0xc  user_at_serial.o [1]
  .rodata            const     0x800'f6d8     0xc  user_at_serial.o [1]
  .rodata            const     0x800'f6e4     0xc  user_at_serial.o [1]
  .rodata            const     0x800'f6f0     0xc  user_at_serial.o [1]
  .rodata            const     0x800'f6fc     0xc  user_at_serial.o [1]
  .rodata            const     0x800'f708     0xc  user_at_serial.o [1]
  .rodata            const     0x800'f714     0xc  user_at_serial.o [1]
  .rodata            const     0x800'f720     0xc  user_at_serial.o [1]
  .rodata            const     0x800'f72c     0xc  user_at_serial.o [1]
  .rodata            const     0x800'f738     0xc  user_at_serial.o [1]
  .rodata            const     0x800'f744     0xc  user_at_serial.o [1]
  .rodata            const     0x800'f750     0xc  user_at_serial.o [1]
  .rodata            const     0x800'f75c     0xc  user_at_serial.o [1]
  .rodata            const     0x800'f768     0xc  user_at_serial.o [1]
  .rodata            const     0x800'f774     0xc  user_at_serial.o [1]
  .rodata            const     0x800'f780     0xc  user_at_serial.o [1]
  .rodata            const     0x800'f78c     0xc  user_at_serial.o [1]
  .rodata            const     0x800'f798     0xc  user_at_serial.o [1]
  .rodata            const     0x800'f7a4     0xc  user_at_serial.o [1]
  .rodata            const     0x800'f7b0     0xc  user_rtc.o [1]
  .rodata            const     0x800'f7bc     0xc  user_rtc.o [1]
  .text              ro code   0x800'f7c8     0xc  cstartup_M.o [4]
  .rodata            const     0x800'f7d4     0x8  lcd_display.o [1]
  .rodata            const     0x800'f7dc     0x8  lcd_display.o [1]
  .rodata            const     0x800'f7e4     0x8  lcd_display.o [1]
  .rodata            const     0x800'f7ec     0x8  lcd_display.o [1]
  .rodata            const     0x800'f7f4     0x8  lcd_display.o [1]
  .rodata            const     0x800'f7fc     0x8  lcd_display.o [1]
  .rodata            const     0x800'f804     0x8  lcd_display.o [1]
  .rodata            const     0x800'f80c     0x8  lcd_display.o [1]
  .rodata            const     0x800'f814     0x8  lcd_display.o [1]
  .rodata            const     0x800'f81c     0x8  system_stm32l4xx.o [1]
  .rodata            const     0x800'f824     0x8  user_app_modbus_rtu.o [1]
  .rodata            const     0x800'f82c     0x8  user_app_modbus_rtu.o [1]
  .rodata            const     0x800'f834     0x8  user_app_sensor.o [1]
  .rodata            const     0x800'f83c     0x8  user_app_sensor.o [1]
  .rodata            const     0x800'f844     0x8  user_app_sensor.o [1]
  .rodata            const     0x800'f84c     0x8  user_app_sensor.o [1]
  .rodata            const     0x800'f854     0x8  user_app_sensor.o [1]
  .rodata            const     0x800'f85c     0x8  user_app_sensor.o [1]
  .rodata            const     0x800'f864     0x8  user_app_sensor.o [1]
  .rodata            const     0x800'f86c     0x8  user_app_sensor.o [1]
  .rodata            const     0x800'f874     0x8  user_app_sensor.o [1]
  .rodata            const     0x800'f87c     0x8  user_at_serial.o [1]
  .rodata            const     0x800'f884     0x8  user_at_serial.o [1]
  .rodata            const     0x800'f88c     0x8  user_at_serial.o [1]
  .rodata            const     0x800'f894     0x8  user_at_serial.o [1]
  .rodata            const     0x800'f89c     0x8  user_at_serial.o [1]
  .rodata            const     0x800'f8a4     0x8  user_tiny_vsnprintf.o [1]
  .rodata            const     0x800'f8ac     0x8  user_util.o [1]
  .rodata            const     0x800'f8b4     0x8  xprintffull_nomb.o [2]
  .rodata            const     0x800'f8bc     0x4  lcd_display.o [1]
  .rodata            const     0x800'f8c0     0x4  lcd_display.o [1]
  .text              ro code   0x800'f8c4     0x4  startup_stm32l433xx.o [1]
  .text              ro code   0x800'f8c8     0x4  startup_stm32l433xx.o [1]
  .text              ro code   0x800'f8cc     0x4  startup_stm32l433xx.o [1]
  .text              ro code   0x800'f8d0     0x4  startup_stm32l433xx.o [1]
  .text              ro code   0x800'f8d4     0x4  startup_stm32l433xx.o [1]
  .text              ro code   0x800'f8d8     0x4  startup_stm32l433xx.o [1]
  .text              ro code   0x800'f8dc     0x4  startup_stm32l433xx.o [1]
  .text              ro code   0x800'f8e0     0x4  startup_stm32l433xx.o [1]
  .text              ro code   0x800'f8e4     0x4  startup_stm32l433xx.o [1]
  .text              ro code   0x800'f8e8     0x4  startup_stm32l433xx.o [1]
  .text              ro code   0x800'f8ec     0x4  startup_stm32l433xx.o [1]
  .text              ro code   0x800'f8f0     0x4  startup_stm32l433xx.o [1]
  .text              ro code   0x800'f8f4     0x4  startup_stm32l433xx.o [1]
  .text              ro code   0x800'f8f8     0x4  startup_stm32l433xx.o [1]
  .text              ro code   0x800'f8fc     0x4  startup_stm32l433xx.o [1]
  .text              ro code   0x800'f900     0x4  startup_stm32l433xx.o [1]
  .text              ro code   0x800'f904     0x4  startup_stm32l433xx.o [1]
  .text              ro code   0x800'f908     0x4  startup_stm32l433xx.o [1]
  .text              ro code   0x800'f90c     0x4  startup_stm32l433xx.o [1]
  .text              ro code   0x800'f910     0x4  startup_stm32l433xx.o [1]
  .text              ro code   0x800'f914     0x4  startup_stm32l433xx.o [1]
  .text              ro code   0x800'f918     0x4  startup_stm32l433xx.o [1]
  .text              ro code   0x800'f91c     0x4  startup_stm32l433xx.o [1]
  .text              ro code   0x800'f920     0x4  startup_stm32l433xx.o [1]
  .text              ro code   0x800'f924     0x4  startup_stm32l433xx.o [1]
  .text              ro code   0x800'f928     0x4  startup_stm32l433xx.o [1]
  .text              ro code   0x800'f92c     0x4  startup_stm32l433xx.o [1]
  .text              ro code   0x800'f930     0x4  startup_stm32l433xx.o [1]
  .text              ro code   0x800'f934     0x4  startup_stm32l433xx.o [1]
  .text              ro code   0x800'f938     0x4  startup_stm32l433xx.o [1]
  .text              ro code   0x800'f93c     0x4  startup_stm32l433xx.o [1]
  .text              ro code   0x800'f940     0x4  startup_stm32l433xx.o [1]
  .text              ro code   0x800'f944     0x4  startup_stm32l433xx.o [1]
  .text              ro code   0x800'f948     0x4  startup_stm32l433xx.o [1]
  .text              ro code   0x800'f94c     0x4  startup_stm32l433xx.o [1]
  .text              ro code   0x800'f950     0x4  startup_stm32l433xx.o [1]
  .text              ro code   0x800'f954     0x4  startup_stm32l433xx.o [1]
  .text              ro code   0x800'f958     0x4  startup_stm32l433xx.o [1]
  .text              ro code   0x800'f95c     0x4  startup_stm32l433xx.o [1]
  .text              ro code   0x800'f960     0x4  startup_stm32l433xx.o [1]
  .text              ro code   0x800'f964     0x4  startup_stm32l433xx.o [1]
  .text              ro code   0x800'f968     0x4  startup_stm32l433xx.o [1]
  .text              ro code   0x800'f96c     0x4  startup_stm32l433xx.o [1]
  .text              ro code   0x800'f970     0x4  startup_stm32l433xx.o [1]
  .text              ro code   0x800'f974     0x4  startup_stm32l433xx.o [1]
  .text              ro code   0x800'f978     0x4  startup_stm32l433xx.o [1]
  .text              ro code   0x800'f97c     0x4  startup_stm32l433xx.o [1]
  .text              ro code   0x800'f980     0x4  startup_stm32l433xx.o [1]
  .text              ro code   0x800'f984     0x4  startup_stm32l433xx.o [1]
  .text              ro code   0x800'f988     0x4  startup_stm32l433xx.o [1]
  .text              ro code   0x800'f98c     0x4  startup_stm32l433xx.o [1]
  .text              ro code   0x800'f990     0x4  startup_stm32l433xx.o [1]
  .text              ro code   0x800'f994     0x4  startup_stm32l433xx.o [1]
  .text              ro code   0x800'f998     0x4  startup_stm32l433xx.o [1]
  .text              ro code   0x800'f99c     0x4  startup_stm32l433xx.o [1]
  .text              ro code   0x800'f9a0     0x4  startup_stm32l433xx.o [1]
  .text              ro code   0x800'f9a4     0x4  startup_stm32l433xx.o [1]
  .text              ro code   0x800'f9a8     0x4  startup_stm32l433xx.o [1]
  .rodata            const     0x800'f9ac     0x0  zero_init3.o [4]
  .rodata            const     0x800'f9ac     0x0  lz77_init_single.o [4]
  Initializer bytes  const     0x800'f9ac   0x50f  <for P2-1>
                             - 0x800'febb  0xfd2f

"P2", part 1 of 3:                          0xb6f
  P2-1                        0x2000'0000   0xb6f  <Init block>
    .data            inited   0x2000'0000     0xc  button.o [1]
    .data            inited   0x2000'000c    0x60  lcd_display.o [1]
    .data            inited   0x2000'006c     0x8  lcd_display.o [1]
    .data            inited   0x2000'0074     0x4  lcd_display.o [1]
    .data            inited   0x2000'0078    0x10  lcd_display.o [1]
    .data            inited   0x2000'0088    0x10  lcd_display.o [1]
    .data            inited   0x2000'0098    0x10  lcd_display.o [1]
    .data            inited   0x2000'00a8    0x10  lcd_display.o [1]
    .data            inited   0x2000'00b8    0x10  lcd_display.o [1]
    .data            inited   0x2000'00c8     0x8  lcd_display.o [1]
    .data            inited   0x2000'00d0     0x8  lcd_display.o [1]
    .data            inited   0x2000'00d8   0x318  lcd_display.o [1]
    .data            inited   0x2000'03f0     0x4  stm32l4xx_hal.o [1]
    .data            inited   0x2000'03f4    0x20  stm32l4xx_hal_flash.o [1]
    .data            inited   0x2000'0414     0x4  system_stm32l4xx.o [1]
    .data            inited   0x2000'0418    0x70  user_app_comm.o [1]
    .data            inited   0x2000'0488     0x8  user_app_comm.o [1]
    .data            inited   0x2000'0490     0x8  user_app_comm.o [1]
    .data            inited   0x2000'0498   0x104  user_app_modbus_rtu.o [1]
    .data            inited   0x2000'059c    0x2c  user_app_modbus_rtu.o [1]
    .data            inited   0x2000'05c8     0x4  user_app_modbus_rtu.o [1]
    .data            inited   0x2000'05cc     0x8  user_app_modbus_rtu.o [1]
    .data            inited   0x2000'05d4    0x40  user_app_rs485.o [1]
    .data            inited   0x2000'0614    0x60  user_app_sensor.o [1]
    .data            inited   0x2000'0674     0x8  user_at_serial.o [1]
    .data            inited   0x2000'067c   0x4a0  user_at_serial.o [1]
    .data            inited   0x2000'0b1c     0x8  user_connect_sensor.o [1]
    .data            inited   0x2000'0b24     0x8  user_rs485.o [1]
    .data            inited   0x2000'0b2c     0x4  user_tiny_vsnprintf.o [1]
    .data            inited   0x2000'0b30     0x4  user_tiny_vsnprintf.o [1]
    .data            inited   0x2000'0b34    0x38  xlocale_c.o [2]
    .data            inited   0x2000'0b6c     0x1  lcd_display.o [1]
    .data            inited   0x2000'0b6d     0x1  stm32l4xx_hal.o [1]
    .data            inited   0x2000'0b6e     0x1  user_util.o [1]
                            - 0x2000'0b6f   0xb6f

"P2", part 2 of 3:                         0x1adc
  .bss               zero     0x2000'0b70   0x4b0  user_app_comm.o [1]
  .bss               zero     0x2000'1020   0x400  user_adv_trace.o [1]
  .bss               zero     0x2000'1420   0x200  glcd.o [1]
  .bss               zero     0x2000'1620   0x200  user_adv_trace.o [1]
  .bss               zero     0x2000'1820   0x200  user_connect_sensor.o [1]
  .bss               zero     0x2000'1a20   0x200  user_rs485.o [1]
  .bss               zero     0x2000'1c20   0x18c  lcd_display.o [1]
  .bss               zero     0x2000'1dac    0x88  usart.o [1]
  .bss               zero     0x2000'1e34    0x88  usart.o [1]
  .bss               zero     0x2000'1ebc    0x88  usart.o [1]
  .bss               zero     0x2000'1f44    0x80  user_app_modbus_rtu.o [1]
  .bss               zero     0x2000'1fc4    0x80  user_app_modbus_rtu.o [1]
  .bss               zero     0x2000'2044    0x80  user_app_modbus_rtu.o [1]
  .bss               zero     0x2000'20c4    0x80  user_at_serial.o [1]
  .bss               zero     0x2000'2144    0x80  user_at_serial.o [1]
  .bss               zero     0x2000'21c4    0x64  lcd_display.o [1]
  .bss               zero     0x2000'2228    0x64  spi.o [1]
  .bss               zero     0x2000'228c    0x64  user_app_comm.o [1]
  .bss               zero     0x2000'22f0    0x4c  tim.o [1]
  .bss               zero     0x2000'233c    0x48  usart.o [1]
  .bss               zero     0x2000'2384    0x48  usart.o [1]
  .bss               zero     0x2000'23cc    0x48  usart.o [1]
  .bss               zero     0x2000'2414    0x3c  user_app_sensor.o [1]
  .bss               zero     0x2000'2450    0x3c  user_app_sensor.o [1]
  .bss               zero     0x2000'248c    0x30  lcd_display.o [1]
  .bss               zero     0x2000'24bc    0x2c  user_rtc.o [1]
  .bss               zero     0x2000'24e8    0x24  rtc.o [1]
  .bss               zero     0x2000'250c    0x20  user_app_sensor.o [1]
  .bss               zero     0x2000'252c    0x1c  user_rtc.o [1]
  .bss               zero     0x2000'2548    0x18  button.o [1]
  .bss               zero     0x2000'2560    0x18  user_adv_trace.o [1]
  .bss               zero     0x2000'2578    0x18  user_app_comm.o [1]
  .bss               zero     0x2000'2590    0x14  dac.o [1]
  .bss               zero     0x2000'25a4    0x10  iwdg.o [1]
  .bss               zero     0x2000'25b4    0x10  lcd_display.o [1]
  .bss               zero     0x2000'25c4     0xc  text.o [1]
  .bss               zero     0x2000'25d0     0xc  user_app_sensor.o [1]
  .bss               zero     0x2000'25dc     0xc  user_util.o [1]
  .bss               zero     0x2000'25e8     0x8  user_app_sensor.o [1]
  .bss               zero     0x2000'25f0     0x4  button.o [1]
  .bss               zero     0x2000'25f4     0x4  glcd.o [1]
  .bss               zero     0x2000'25f8     0x4  glcd.o [1]
  .bss               zero     0x2000'25fc     0x4  glcd.o [1]
  .bss               zero     0x2000'2600     0x4  lcd_display.o [1]
  .bss               zero     0x2000'2604     0x4  lcd_display.o [1]
  .bss               zero     0x2000'2608     0x4  stm32l4xx_hal.o [1]
  .bss               zero     0x2000'260c     0x4  user_app_comm.o [1]
  .bss               zero     0x2000'2610     0x4  user_app_sensor.o [1]
  .bss               zero     0x2000'2614     0x4  user_app_sensor.o [1]
  .bss               zero     0x2000'2618     0x4  user_app_sensor.o [1]
  .bss               zero     0x2000'261c     0x4  user_rtc.o [1]
  .bss               zero     0x2000'2620     0x4  user_timer.o [1]
  .bss               zero     0x2000'2624     0x4  user_util.o [1]
  .bss               zero     0x2000'2628     0x4  user_util.o [1]
  .bss               zero     0x2000'262c     0x4  user_util.o [1]
  .bss               zero     0x2000'2630     0x4  xfail_s.o [2]
  .bss               zero     0x2000'2634     0x2  lcd_display.o [1]
  .bss               zero     0x2000'2636     0x2  user_app_comm.o [1]
  .bss               zero     0x2000'2638     0x2  user_app_comm.o [1]
  .bss               zero     0x2000'263a     0x2  user_uart.o [1]
  .bss               zero     0x2000'263c     0x1  button.o [1]
  .bss               zero     0x2000'263d     0x1  lcd_display.o [1]
  .bss               zero     0x2000'263e     0x1  lcd_display.o [1]
  .bss               zero     0x2000'263f     0x1  lcd_display.o [1]
  .bss               zero     0x2000'2640     0x1  user_app_comm.o [1]
  .bss               zero     0x2000'2641     0x1  user_app_rs485.o [1]
  .bss               zero     0x2000'2642     0x1  user_app_sensor.o [1]
  .bss               zero     0x2000'2643     0x1  user_at_serial.o [1]
  .bss               zero     0x2000'2644     0x1  user_connect_sensor.o [1]
  .bss               zero     0x2000'2645     0x1  user_connect_sensor.o [1]
  .bss               zero     0x2000'2646     0x1  user_rs485.o [1]
  .bss               zero     0x2000'2647     0x1  user_rs485.o [1]
  .bss               zero     0x2000'2648     0x1  user_rtc.o [1]
  .bss               zero     0x2000'2649     0x1  user_uart.o [1]
                            - 0x2000'264a  0x1ada

"P2", part 3 of 3:                          0x400
  CSTACK                      0x2000'2650   0x400  <Block>
    CSTACK           uninit   0x2000'2650   0x400  <Block tail>
                            - 0x2000'2a50   0x400

Unused ranges:

         From           To      Size
         ----           --      ----
   0x800'febb   0x803'ffff  0x3'0145
  0x2000'0b6f  0x2000'0b6f       0x1
  0x2000'264c  0x2000'264f       0x4
  0x2000'2a50  0x2000'ffff    0xd5b0


*******************************************************************************
*** INIT TABLE
***

          Address      Size
          -------      ----
Zero (__iar_zero_init3)
    1 destination range, total size 0x1ada:
          0x2000'0b70  0x1ada

Copy/lz77 (__iar_lz77_init_single3)
    1 source range, total size 0x50f (44% of destination):
           0x800'f9ac   0x50f
    1 destination range, total size 0xb6f:
          0x2000'0000   0xb6f



*******************************************************************************
*** MODULE SUMMARY
***

    Module                    ro code  ro data  rw data
    ------                    -------  -------  -------
command line/config:
    ---------------------------------------------------
    Total:

D:\Project_STM32\Project_Slave_Level_Ultra\EWARM\Project_Slave_Level_Ultra\Obj: [1]
    ST7565R.o                     340
    STM32L4.o                     164
    button.o                    4'724        5       41
    dac.o                         184                20
    dma.o                          96
    event_driven.o                 66
    glcd.o                        232               524
    gpio.o                        344
    graphics.o                    244
    iwdg.o                         44                16
    lcd_display.o               2'560    3'277    1'570
    main.o                        206
    onchipflash.o                 370
    rtc.o                         336                36
    spi.o                         200               100
    startup_stm32l433xx.o         644
    stm32l4xx_hal.o               208        2        9
    stm32l4xx_hal_cortex.o        404
    stm32l4xx_hal_dac.o           612
    stm32l4xx_hal_dma.o         1'062
    stm32l4xx_hal_flash.o         440       14       32
    stm32l4xx_hal_flash_ex.o      160
    stm32l4xx_hal_gpio.o          896
    stm32l4xx_hal_iwdg.o          128
    stm32l4xx_hal_msp.o            56
    stm32l4xx_hal_pwr_ex.o        148
    stm32l4xx_hal_rcc.o         2'556
    stm32l4xx_hal_rcc_ex.o      1'256
    stm32l4xx_hal_rtc.o         1'934
    stm32l4xx_hal_rtc_ex.o         74
    stm32l4xx_hal_spi.o         1'322
    stm32l4xx_hal_tim.o           978
    stm32l4xx_hal_tim_ex.o        130
    stm32l4xx_hal_uart.o        4'224
    stm32l4xx_hal_uart_ex.o       114
    stm32l4xx_it.o                148
    system_stm32l4xx.o             16       74        4
    text.o                        912                12
    text_tiny.o                   656
    tim.o                         176                76
    unit_tests.o                   20      512
    usart.o                       928               624
    user_adv_trace.o              570             1'560
    user_app_comm.o             1'268      229    1'461
    user_app_modbus_rtu.o       3'016      156      700
    user_app_rs485.o              324       28       65
    user_app_sensor.o           4'916      506      281
    user_at_serial.o              476    1'596    1'449
    user_connect_sensor.o         112        3      522
    user_convert_variable.o     1'036
    user_modbus_rtu.o             460
    user_rs485.o                  112        4      522
    user_rtc.o                    936      100       77
    user_string.o                 486
    user_time.o                    88
    user_timer.o                  784                 4
    user_tiny_vsnprintf.o         848       91        8
    user_uart.o                   296       28        3
    user_util.o                   540        9       25
    ---------------------------------------------------
    Total:                     46'580    6'634    9'741

dl7M_tlf.a: [2]
    abort.o                         6
    exit.o                          4
    low_level_init.o                4
    sprintf.o                      64
    xfail_s.o                      64                 4
    xlocale_c.o                     8       28       56
    xprintffull_nomb.o          4'038        8
    xsprout.o                      10
    ---------------------------------------------------
    Total:                      4'198       36       60

m7M_tls.a: [3]
    DblAdd.o                      378
    DblCmpEq.o                     32
    DblCmpGe.o                     46
    DblCmpLe.o                     46
    DblDiv.o                      582
    DblMul.o                      418
    DblSub.o                      226
    DblToFlt.o                    104
    DblToS32.o                     58
    DblToU32.o                     40
    FltToDbl.o                     72
    S32ToDbl.o                     34
    U32ToDbl.o                     26
    fpinit_M.o                     34
    frexp.o                       112
    iar_Exp64.o                 1'000
    ldexp.o                       314
    math_wrappers64.o              22
    pow64.o                     1'772    1'056
    ---------------------------------------------------
    Total:                      5'316    1'056

rt7M_tl.a: [4]
    ABImemcpy.o                   166
    ABImemset.o                   102
    I64DivMod.o                   560
    I64DivZer.o                     2
    cexit.o                        10
    cmain.o                        30
    cstartup_M.o                   12
    data_init.o                    40
    lz77_init_single.o            120
    memchr.o                       88
    memset.o                       20
    strchr.o                       22
    strlen.o                       54
    zero_init3.o                   58
    ---------------------------------------------------
    Total:                      1'284

shb_l.a: [5]
    exit.o                         20
    ---------------------------------------------------
    Total:                         20

    Gaps                           47        8
    Linker created                          32    1'024
-------------------------------------------------------
    Grand Total:               57'445    7'766   10'825


*******************************************************************************
*** ENTRY LIST
***

Entry                       Address   Size  Type      Object
-----                       -------   ----  ----      ------
.iar.init_table$$Base    0x800'f0e4          --   Gb  - Linker created -
.iar.init_table$$Limit   0x800'f104          --   Gb  - Linker created -
?main                    0x800'f145         Code  Gb  cmain.o [4]
ADV_TRACE_Buffer        0x2000'1020  0x400  Data  Lc  user_adv_trace.o [1]
ADV_TRACE_Ctx           0x2000'2560   0x18  Data  Lc  user_adv_trace.o [1]
AHBPrescTable            0x800'f340   0x10  Data  Gb  system_stm32l4xx.o [1]
APBPrescTable            0x800'f81c    0x8  Data  Gb  system_stm32l4xx.o [1]
AT_CMD_Get_BR_Slave      0x800'0d29   0x5a  Code  Gb  user_app_sensor.o [1]
AT_CMD_Get_Current_Out   0x800'126d   0x64  Code  Gb  user_app_sensor.o [1]
AT_CMD_Get_ID_Slave      0x800'0c21   0x5a  Code  Gb  user_app_sensor.o [1]
AT_CMD_Get_State_Clb_DAC
                         0x800'0e39   0x5a  Code  Gb  user_app_sensor.o [1]
AT_CMD_Get_Value_Clb_DAC
                         0x800'0f35   0x5a  Code  Gb  user_app_sensor.o [1]
AT_CMD_Get_Value_DAC_20mA
                         0x800'1129   0x52  Code  Gb  user_app_sensor.o [1]
AT_CMD_Get_Value_DAC_4mA
                         0x800'102f   0x5a  Code  Gb  user_app_sensor.o [1]
AT_CMD_Reset_Slave       0x800'0b2d   0x50  Code  Gb  user_app_sensor.o [1]
AT_CMD_Restore_Slave     0x800'0b91   0x88  Code  Gb  user_app_sensor.o [1]
AT_CMD_Set_BR_Slave      0x800'0d8d   0xa2  Code  Gb  user_app_sensor.o [1]
AT_CMD_Set_ID_Slave      0x800'0c81   0xa4  Code  Gb  user_app_sensor.o [1]
AT_CMD_Set_State_Clb_DAC
                         0x800'0e9d   0x98  Code  Gb  user_app_sensor.o [1]
AT_CMD_Set_Value_Clb_DAC
                         0x800'0f95   0x9a  Code  Gb  user_app_sensor.o [1]
AT_CMD_Set_Value_DAC_20mA
                         0x800'11b9   0x96  Code  Gb  user_app_sensor.o [1]
AT_CMD_Set_Value_DAC_4mA
                         0x800'108d   0x96  Code  Gb  user_app_sensor.o [1]
AppComm_DBG_Init_RX_Mode
                         0x800'8471   0x32  Code  Gb  user_app_comm.o [1]
AppComm_DBG_Init_Uart    0x800'8469    0x8  Code  Gb  user_app_comm.o [1]
AppComm_DBG_Rx_Callback
                         0x800'84b1  0x176  Code  Gb  user_app_comm.o [1]
AppComm_DBG_Stop_RX_Mode
                         0x800'84a3    0xa  Code  Gb  user_app_comm.o [1]
AppComm_Get_Reset_Source
                         0x800'8431   0x38  Code  Gb  user_app_comm.o [1]
AppComm_IRQ_Timer_CallBack
                         0x800'83f1    0xc  Code  Gb  user_app_comm.o [1]
AppComm_Init             0x800'832f   0x20  Code  Gb  user_app_comm.o [1]
AppComm_Set_Next_TxTimer
                         0x800'8417    0x2  Code  Gb  user_app_comm.o [1]
AppComm_Task             0x800'834f   0xa0  Code  Gb  user_app_comm.o [1]
AppComm_Uart_Debug_Send
                         0x800'8419   0x18  Code  Lc  user_app_comm.o [1]
AppRs485_Task            0x800'9c0d   0x84  Code  Gb  user_app_rs485.o [1]
AppSensor_Task           0x800'1375   0x84  Code  Gb  user_app_sensor.o [1]
BUTTON_Down_Process      0x800'ce1d  0x27c  Code  Gb  button.o [1]
BUTTON_ESC_Process       0x800'd0a5  0x434  Code  Gb  button.o [1]
BUTTON_Enter_Process     0x800'c3d9  0x7b6  Code  Gb  button.o [1]
BUTTON_Process           0x800'c2a9   0x34  Code  Gb  button.o [1]
BUTTON_Up_Process        0x800'cb99  0x26c  Code  Gb  button.o [1]
BUTTON_scan              0x800'c2dd   0xfc  Code  Gb  button.o [1]
BUTTON_scan::hold       0x2000'25f0    0x4  Data  Lc  button.o [1]
BUTTON_scan::last_value
                        0x2000'263c    0x1  Data  Lc  button.o [1]
BusFault_Handler         0x800'ed63    0x2  Code  Gb  stm32l4xx_it.o [1]
CSTACK$$Base            0x2000'2650          --   Gb  - Linker created -
CSTACK$$Limit           0x2000'2a50          --   Gb  - Linker created -
Cal_Time                 0x800'174f   0x12  Code  Gb  user_util.o [1]
Calculator_Scale         0x800'1ab9   0x54  Code  Gb  user_convert_variable.o [1]
CheckList_AT_CONFIG     0x2000'067c  0x4a0  Data  Gb  user_at_serial.o [1]
Check_Time_Out           0x800'1731   0x1e  Code  Gb  user_util.o [1]
ConvertTemperature_Calib
                         0x800'0511   0xa8  Code  Gb  user_app_sensor.o [1]
Convert_Point_Int_To_String
                         0x800'1b0d   0xce  Code  Gb  user_convert_variable.o [1]
Convert_Point_Int_To_String_Scale
                         0x800'1bdb   0xea  Code  Gb  user_convert_variable.o [1]
Convert_Scale            0x800'18a1   0x5c  Code  Gb  user_util.o [1]
Convert_String_To_Dec    0x800'1e35   0x5c  Code  Gb  user_convert_variable.o [1]
Convert_uint32Hex_To_Float
                         0x800'1cf1  0x144  Code  Gb  user_convert_variable.o [1]
DMA1_Channel3_IRQHandler
                         0x800'ed7d    0xa  Code  Gb  stm32l4xx_it.o [1]
DMA1_Channel6_IRQHandler
                         0x800'ed87    0xa  Code  Gb  stm32l4xx_it.o [1]
DMA2_Channel7_IRQHandler
                         0x800'edc3    0xa  Code  Gb  stm32l4xx_it.o [1]
DMA_SetConfig            0x800'5701   0x32  Code  Lc  stm32l4xx_hal_dma.o [1]
DaysInMonth              0x800'f7b0    0xc  Data  Lc  user_rtc.o [1]
DaysInMonthLeapYear      0x800'f7bc    0xc  Data  Lc  user_rtc.o [1]
DebugMon_Handler         0x800'ed69    0x2  Code  Gb  stm32l4xx_it.o [1]
Deinit_LCD12864          0x800'a5d1   0x3a  Code  Gb  lcd_display.o [1]
Display_Check_Password   0x800'a541   0x2e  Code  Gb  lcd_display.o [1]
Display_Check_Toggle     0x800'a3d1   0xae  Code  Gb  lcd_display.o [1]
Display_Check_Toggle::Hide
                        0x2000'21c4   0x64  Data  Lc  lcd_display.o [1]
Display_Check_Toggle::LandMarkToggle_u32
                        0x2000'1c20  0x18c  Data  Lc  lcd_display.o [1]
Display_Init             0x800'9cad   0x94  Code  Gb  lcd_display.o [1]
Display_Set_Screen       0x800'a50b   0x36  Code  Gb  lcd_display.o [1]
Display_Set_Screen_Flag
                         0x800'a4c5   0x46  Code  Gb  lcd_display.o [1]
Display_Show_Oject       0x800'a0a1  0x330  Code  Gb  lcd_display.o [1]
Display_Show_Screen      0x800'a47f   0x46  Code  Gb  lcd_display.o [1]
Display_Show_State_Setting
                         0x800'a56f   0x5c  Code  Gb  lcd_display.o [1]
Display_Task             0x800'9d41   0x7e  Code  Gb  lcd_display.o [1]
Error_Handler            0x800'6543    0x4  Code  Gb  main.o [1]
FLASH_FlushCaches        0x800'49ab   0x6a  Code  Gb  stm32l4xx_hal_flash_ex.o [1]
FLASH_PageErase          0x800'4981   0x2a  Code  Gb  stm32l4xx_hal_flash_ex.o [1]
FLASH_Program_DoubleWord
                         0x800'490f   0x1a  Code  Lc  stm32l4xx_hal_flash.o [1]
FLASH_Program_Fast       0x800'4929   0x32  Code  Lc  stm32l4xx_hal_flash.o [1]
FLASH_WaitForLastOperation
                         0x800'48a9   0x66  Code  Gb  stm32l4xx_hal_flash.o [1]
Find_String_V2           0x800'bb3f  0x130  Code  Gb  user_string.o [1]
Find_str_fix             0x800'bc91   0x94  Code  Gb  user_string.o [1]
Font5x7                  0x800'e948  0x214  Data  Lc  lcd_display.o [1]
Get_RTC                  0x800'9b11   0x4e  Code  Gb  user_time.o [1]
HAL_DAC_ConfigChannel    0x800'158b  0x19a  Code  Gb  stm32l4xx_hal_dac.o [1]
HAL_DAC_Init             0x800'14c1   0x2c  Code  Gb  stm32l4xx_hal_dac.o [1]
HAL_DAC_MspInit          0x800'3de1   0x5a  Code  Gb  dac.o [1]
HAL_DAC_SetValue         0x800'155b   0x30  Code  Gb  stm32l4xx_hal_dac.o [1]
HAL_DAC_Start            0x800'14ed   0x6e  Code  Gb  stm32l4xx_hal_dac.o [1]
HAL_DMA_Abort            0x800'5559   0x54  Code  Gb  stm32l4xx_hal_dma.o [1]
HAL_DMA_Abort_IT         0x800'55ad   0x5e  Code  Gb  stm32l4xx_hal_dma.o [1]
HAL_DMA_DeInit           0x800'53ed   0xb8  Code  Gb  stm32l4xx_hal_dma.o [1]
HAL_DMA_GetError         0x800'56fd    0x4  Code  Gb  stm32l4xx_hal_dma.o [1]
HAL_DMA_IRQHandler       0x800'560b   0xf2  Code  Gb  stm32l4xx_hal_dma.o [1]
HAL_DMA_Init             0x800'530d   0xe0  Code  Gb  stm32l4xx_hal_dma.o [1]
HAL_DMA_Start_IT         0x800'54c1   0x98  Code  Gb  stm32l4xx_hal_dma.o [1]
HAL_Delay                0x800'3e4d   0x28  Code  Wk  stm32l4xx_hal.o [1]
HAL_FLASH_Lock           0x800'489b    0xe  Code  Gb  stm32l4xx_hal_flash.o [1]
HAL_FLASH_Program        0x800'47c9   0xb0  Code  Gb  stm32l4xx_hal_flash.o [1]
HAL_FLASH_Unlock         0x800'4879   0x22  Code  Gb  stm32l4xx_hal_flash.o [1]
HAL_GPIO_DeInit          0x800'4be3  0x166  Code  Gb  stm32l4xx_hal_gpio.o [1]
HAL_GPIO_Init            0x800'4a21  0x1c2  Code  Gb  stm32l4xx_hal_gpio.o [1]
HAL_GPIO_ReadPin         0x800'4d49   0x16  Code  Gb  stm32l4xx_hal_gpio.o [1]
HAL_GPIO_WritePin        0x800'4d5f   0x18  Code  Gb  stm32l4xx_hal_gpio.o [1]
HAL_GetTick              0x800'1725    0xc  Code  Wk  stm32l4xx_hal.o [1]
HAL_IWDG_Init            0x800'198f   0x72  Code  Gb  stm32l4xx_hal_iwdg.o [1]
HAL_IWDG_Refresh         0x800'1a01    0xe  Code  Gb  stm32l4xx_hal_iwdg.o [1]
HAL_IncTick              0x800'edf1   0x18  Code  Wk  stm32l4xx_hal.o [1]
HAL_Init                 0x800'8a61   0x24  Code  Gb  stm32l4xx_hal.o [1]
HAL_InitTick             0x800'896d   0x60  Code  Wk  stm32l4xx_hal.o [1]
HAL_MspInit              0x800'a9fd   0x38  Code  Gb  stm32l4xx_hal_msp.o [1]
HAL_NVIC_DisableIRQ      0x800'6427    0xe  Code  Gb  stm32l4xx_hal_cortex.o [1]
HAL_NVIC_EnableIRQ       0x800'6419    0xe  Code  Gb  stm32l4xx_hal_cortex.o [1]
HAL_NVIC_SetPriority     0x800'63ef   0x2a  Code  Gb  stm32l4xx_hal_cortex.o [1]
HAL_NVIC_SetPriorityGrouping
                         0x800'63e3    0xc  Code  Gb  stm32l4xx_hal_cortex.o [1]
HAL_PWREx_ControlVoltageScaling
                         0x800'89d9   0x76  Code  Gb  stm32l4xx_hal_pwr_ex.o [1]
HAL_PWREx_GetVoltageRange
                         0x800'89cd    0xc  Code  Gb  stm32l4xx_hal_pwr_ex.o [1]
HAL_RCCEx_PeriphCLKConfig
                         0x800'7ce5  0x34c  Code  Gb  stm32l4xx_hal_rcc_ex.o [1]
HAL_RCC_ClockConfig      0x800'5f59  0x17a  Code  Gb  stm32l4xx_hal_rcc.o [1]
HAL_RCC_GetHCLKFreq      0x800'61a7    0x6  Code  Gb  stm32l4xx_hal_rcc.o [1]
HAL_RCC_GetPCLK1Freq     0x800'61ad   0x1a  Code  Gb  stm32l4xx_hal_rcc.o [1]
HAL_RCC_GetPCLK2Freq     0x800'61c7   0x1a  Code  Gb  stm32l4xx_hal_rcc.o [1]
HAL_RCC_GetResetSource   0x800'61f1   0x12  Code  Gb  stm32l4xx_hal_rcc.o [1]
HAL_RCC_GetSysClockFreq
                         0x800'60d3   0xd4  Code  Gb  stm32l4xx_hal_rcc.o [1]
HAL_RCC_OscConfig        0x800'58d1  0x688  Code  Gb  stm32l4xx_hal_rcc.o [1]
HAL_RTCEx_AlarmBEventCallback
                         0x800'dc55    0x2  Code  Wk  stm32l4xx_hal_rtc_ex.o [1]
HAL_RTCEx_EnableBypassShadow
                         0x800'dd6d   0x48  Code  Gb  stm32l4xx_hal_rtc_ex.o [1]
HAL_RTC_AlarmAEventCallback
                         0x800'd9bd    0xc  Code  Gb  user_rtc.o [1]
HAL_RTC_AlarmIRQHandler
                         0x800'b039   0x60  Code  Gb  stm32l4xx_hal_rtc.o [1]
HAL_RTC_DeactivateAlarm
                         0x800'af5f   0xda  Code  Gb  stm32l4xx_hal_rtc.o [1]
HAL_RTC_GetDate          0x800'ad27   0x52  Code  Gb  stm32l4xx_hal_rtc.o [1]
HAL_RTC_GetTime          0x800'abf5   0x66  Code  Gb  stm32l4xx_hal_rtc.o [1]
HAL_RTC_Init             0x800'aa35   0xca  Code  Gb  stm32l4xx_hal_rtc.o [1]
HAL_RTC_MspInit          0x800'8d5d   0x50  Code  Gb  rtc.o [1]
HAL_RTC_SetAlarm_IT      0x800'ad79  0x1e6  Code  Gb  stm32l4xx_hal_rtc.o [1]
HAL_RTC_SetDate          0x800'ac5b   0xcc  Code  Gb  stm32l4xx_hal_rtc.o [1]
HAL_RTC_SetTime          0x800'aaff   0xf6  Code  Gb  stm32l4xx_hal_rtc.o [1]
HAL_RTC_WaitForSynchro   0x800'b099   0x2e  Code  Gb  stm32l4xx_hal_rtc.o [1]
HAL_SPI_Init             0x800'b1c5   0xf8  Code  Gb  stm32l4xx_hal_spi.o [1]
HAL_SPI_MspInit          0x800'8e09   0x62  Code  Gb  spi.o [1]
HAL_SPI_Transmit         0x800'b2bd  0x1fe  Code  Gb  stm32l4xx_hal_spi.o [1]
HAL_SYSTICK_Config       0x800'6435    0xc  Code  Gb  stm32l4xx_hal_cortex.o [1]
HAL_TIMEx_Break2Callback
                         0x800'dc5f    0x2  Code  Wk  stm32l4xx_hal_tim_ex.o [1]
HAL_TIMEx_BreakCallback
                         0x800'dc5d    0x2  Code  Wk  stm32l4xx_hal_tim_ex.o [1]
HAL_TIMEx_CommutCallback
                         0x800'dc63    0x2  Code  Wk  stm32l4xx_hal_tim_ex.o [1]
HAL_TIMEx_MasterConfigSynchronization
                         0x800'babd   0x74  Code  Gb  stm32l4xx_hal_tim_ex.o [1]
HAL_TIM_Base_Init        0x800'b6f1   0x7a  Code  Gb  stm32l4xx_hal_tim.o [1]
HAL_TIM_Base_MspInit     0x800'8ef7   0x32  Code  Gb  tim.o [1]
HAL_TIM_ConfigClockSource
                         0x800'b8c1   0xf6  Code  Gb  stm32l4xx_hal_tim.o [1]
HAL_TIM_IRQHandler       0x800'b76b  0x156  Code  Gb  stm32l4xx_hal_tim.o [1]
HAL_TIM_PeriodElapsedCallback
                         0x800'a60b   0x12  Code  Gb  lcd_display.o [1]
HAL_UARTEx_ReceiveToIdle_DMA
                         0x800'585d   0x70  Code  Gb  stm32l4xx_hal_uart_ex.o [1]
HAL_UARTEx_RxEventCallback
                         0x800'576b   0x3e  Code  Gb  user_uart.o [1]
HAL_UARTEx_WakeupCallback
                         0x800'58cd    0x2  Code  Wk  stm32l4xx_hal_uart_ex.o [1]
HAL_UART_DMAStop         0x800'2da5   0xb2  Code  Gb  stm32l4xx_hal_uart.o [1]
HAL_UART_ErrorCallback   0x800'57a9   0x3e  Code  Gb  user_uart.o [1]
HAL_UART_IRQHandler      0x800'2e57  0x35c  Code  Gb  stm32l4xx_hal_uart.o [1]
HAL_UART_Init            0x800'2c01   0x7a  Code  Gb  stm32l4xx_hal_uart.o [1]
HAL_UART_MspDeInit       0x800'5249   0x84  Code  Gb  usart.o [1]
HAL_UART_MspInit         0x800'5021  0x228  Code  Gb  usart.o [1]
HAL_UART_Receive_IT      0x800'2d47   0x5e  Code  Gb  stm32l4xx_hal_uart.o [1]
HAL_UART_RxCpltCallback
                         0x800'5735   0x36  Code  Gb  user_uart.o [1]
HAL_UART_Transmit        0x800'2c7b   0xcc  Code  Gb  stm32l4xx_hal_uart.o [1]
Handle_Float_To_hexUint32
                         0x800'1ea1   0x24  Code  Gb  user_convert_variable.o [1]
HardFault_Handler        0x800'ed5f    0x2  Code  Gb  stm32l4xx_it.o [1]
IndexUartError          0x2000'2649    0x1  Data  Lc  user_uart.o [1]
Init_AppRs485            0x800'9bf7   0x16  Code  Gb  user_app_rs485.o [1]
Init_AppSensor           0x800'12d9   0x78  Code  Gb  user_app_sensor.o [1]
Init_CalibDAC            0x800'09fd   0x5e  Code  Gb  user_app_sensor.o [1]
Init_CalibTemperature    0x800'0789  0x160  Code  Gb  user_app_sensor.o [1]
Init_InforSlaveModbusRTU
                         0x800'280b   0x3c  Code  Gb  user_app_modbus_rtu.o [1]
Init_ModeConfig          0x800'0adb   0x52  Code  Gb  user_app_sensor.o [1]
Init_TempAlarm           0x800'08ed   0xa2  Code  Gb  user_app_sensor.o [1]
Init_UartRs485           0x800'9bb9   0x3e  Code  Gb  user_app_rs485.o [1]
Insert_String_To_String
                         0x800'1cc5   0x2a  Code  Gb  user_convert_variable.o [1]
Liberation_Sans15x21_Numbers
                         0x800'e720  0x228  Data  Lc  lcd_display.o [1]
Liberation_Sans17x17_Alpha
                         0x800'ddb4  0x548  Data  Lc  lcd_display.o [1]
MSIRangeTable            0x800'efec   0x30  Data  Gb  system_stm32l4xx.o [1]
MX_DAC1_Init             0x800'3d95   0x4c  Code  Gb  dac.o [1]
MX_DMA_Init              0x800'8bdd   0x60  Code  Gb  dma.o [1]
MX_GPIO_Init             0x800'8a85  0x158  Code  Gb  gpio.o [1]
MX_IWDG_Init             0x800'8c3d   0x2c  Code  Gb  iwdg.o [1]
MX_RTC_Init              0x800'8c69   0xf4  Code  Gb  rtc.o [1]
MX_SPI2_Init             0x800'8db9   0x50  Code  Gb  spi.o [1]
MX_TIM2_Init             0x800'8e81   0x76  Code  Gb  tim.o [1]
MX_USART1_UART_Init      0x800'4f6d   0x3c  Code  Gb  usart.o [1]
MX_USART2_UART_Init      0x800'4fa9   0x3c  Code  Gb  usart.o [1]
MX_USART3_UART_Init      0x800'4fe5   0x3c  Code  Gb  usart.o [1]
Main_Task                0x800'82d5   0x5a  Code  Gb  user_app_comm.o [1]
MemManage_Handler        0x800'ed61    0x2  Code  Gb  stm32l4xx_it.o [1]
ModRTU_CRC               0x800'4da1   0x3c  Code  Gb  user_modbus_rtu.o [1]
ModRTU_Slave_ACK_Read_Frame
                         0x800'4ddd   0xa2  Code  Gb  user_modbus_rtu.o [1]
ModRTU_Slave_ACK_Write_Frame
                         0x800'4e7f   0xee  Code  Gb  user_modbus_rtu.o [1]
Modem_Check_AT           0x800'9935  0x1dc  Code  Gb  user_at_serial.o [1]
Modem_Check_RTU          0x800'2847  0x37e  Code  Gb  user_app_modbus_rtu.o [1]
NMI_Handler              0x800'ed5d    0x2  Code  Gb  stm32l4xx_it.o [1]
NONE_Register_CallBack   0x800'2039    0x6  Code  Gb  user_app_modbus_rtu.o [1]
NVIC_EncodePriority      0x800'6373   0x40  Code  Lc  stm32l4xx_hal_cortex.o [1]
OldPosDMADebug          0x2000'2636    0x2  Data  Lc  user_app_comm.o [1]
OnchipFlashPageErase     0x800'1f51   0x5a  Code  Gb  onchipflash.o [1]
OnchipFlashWriteData     0x800'1ec5   0x8c  Code  Gb  onchipflash.o [1]
PendSV_Handler           0x800'ed6b    0x2  Code  Gb  stm32l4xx_it.o [1]
PortConfig              0x2000'2643    0x1  Data  Gb  user_at_serial.o [1]
RC                       0x800'bc6f   0x22  Code  Gb  user_string.o [1]
RCCEx_PLLSAI1_Config     0x800'8045  0x16e  Code  Lc  stm32l4xx_hal_rcc_ex.o [1]
RCC_SetFlashLatencyFromMSIRange
                         0x800'6209   0x8a  Code  Lc  stm32l4xx_hal_rcc.o [1]
RS232_Init_RX_Mode       0x800'3d25   0x1e  Code  Gb  user_connect_sensor.o [1]
RS232_Rx_Callback        0x800'3d45   0x3c  Code  Gb  user_connect_sensor.o [1]
RS232_Stop_RX_Mode       0x800'3d43    0x2  Code  Gb  user_connect_sensor.o [1]
RS485_Init_RX_Mode       0x800'86c1   0x1e  Code  Gb  user_rs485.o [1]
RS485_Rx_Callback        0x800'86e1   0x3c  Code  Gb  user_rs485.o [1]
RS485_Stop_RX_Mode       0x800'86df    0x2  Code  Gb  user_rs485.o [1]
RTC_AlarmStructure      0x2000'24bc   0x2c  Data  Lc  user_rtc.o [1]
RTC_Alarm_IRQHandler     0x800'edb9    0xa  Code  Gb  stm32l4xx_it.o [1]
RTC_Bcd2ToByte           0x800'b1ad   0x16  Code  Gb  stm32l4xx_hal_rtc.o [1]
RTC_ByteToBcd2           0x800'b191   0x1c  Code  Gb  stm32l4xx_hal_rtc.o [1]
RTC_EnterInitMode        0x800'b0c7   0x4c  Code  Gb  stm32l4xx_hal_rtc.o [1]
RTC_ExitInitMode         0x800'b113   0x58  Code  Gb  stm32l4xx_hal_rtc.o [1]
RTC_GetCalendarValue     0x800'db8f   0x90  Code  Lc  user_rtc.o [1]
RTC_IF_Convert_Tick2ms   0x800'd9ad   0x10  Code  Gb  user_rtc.o [1]
RTC_IF_Convert_ms2Tick   0x800'd99b   0x12  Code  Gb  user_rtc.o [1]
RTC_IF_GetMinimumTimeout
                         0x800'd997    0x4  Code  Gb  user_rtc.o [1]
RTC_IF_GetTimerContext   0x800'd95b    0x8  Code  Gb  user_rtc.o [1]
RTC_IF_GetTimerElapsedTime
                         0x800'd963   0x16  Code  Gb  user_rtc.o [1]
RTC_IF_GetTimerValue     0x800'd979   0x1e  Code  Gb  user_rtc.o [1]
RTC_IF_Init              0x800'd8e5   0x30  Code  Gb  user_rtc.o [1]
RTC_IF_SetTimerContext   0x800'd945   0x16  Code  Gb  user_rtc.o [1]
RTC_IF_StartTimer        0x800'd915    0xe  Code  Gb  user_rtc.o [1]
RTC_IF_StopTimer         0x800'd923   0x22  Code  Gb  user_rtc.o [1]
RTC_Initalized          0x2000'2648    0x1  Data  Lc  user_rtc.o [1]
RTC_StartWakeUpAlarm     0x800'd9c9  0x1c6  Code  Lc  user_rtc.o [1]
ReInit_Rx_Mode_Uart_Error
                         0x800'57e7   0x5a  Code  Gb  user_uart.o [1]
Region$$Table$$Base      0x800'f0e4          --   Gb  - Linker created -
Region$$Table$$Limit     0x800'f104          --   Gb  - Linker created -
Reset_Buff               0x800'17c1   0x24  Code  Gb  user_util.o [1]
Rs232Status_u8          0x2000'2645    0x1  Data  Gb  user_connect_sensor.o [1]
Rs485Status_u8          0x2000'2647    0x1  Data  Gb  user_rs485.o [1]
RtCountSystick_u32      0x2000'2624    0x4  Data  Gb  user_util.o [1]
RtcTimerContext         0x2000'252c   0x1c  Data  Lc  user_rtc.o [1]
SPI_EndRxTxTransaction   0x800'b685   0x6a  Code  Lc  stm32l4xx_hal_spi.o [1]
SPI_WaitFifoStateUntilTimeout
                         0x800'b593   0xee  Code  Lc  stm32l4xx_hal_spi.o [1]
SPI_WaitFlagStateUntilTimeout
                         0x800'b4bb   0xd8  Code  Lc  stm32l4xx_hal_spi.o [1]
SVC_Handler              0x800'ed67    0x2  Code  Gb  stm32l4xx_it.o [1]
Save_Array               0x800'1fb1   0x86  Code  Gb  onchipflash.o [1]
Save_CalibDAC            0x800'098f   0x6e  Code  Gb  user_app_sensor.o [1]
Save_CalibTemperature    0x800'05b9  0x1c4  Code  Gb  user_app_sensor.o [1]
Save_InforSlaveModbusRTU
                         0x800'27b9   0x52  Code  Gb  user_app_modbus_rtu.o [1]
Save_ModeConfig          0x800'0a61   0x7a  Code  Gb  user_app_sensor.o [1]
Send_RS458_Sensor        0x800'277d   0x3c  Code  Gb  user_app_modbus_rtu.o [1]
SysApp_Init              0x800'8289    0xc  Code  Gb  user_app_comm.o [1]
SysApp_Setting           0x800'8295   0x40  Code  Gb  user_app_comm.o [1]
SysTick_Config           0x800'63b3   0x30  Code  Lc  stm32l4xx_hal_cortex.o [1]
SysTick_Handler          0x800'ed6d   0x10  Code  Gb  stm32l4xx_it.o [1]
SystemClock_Config       0x800'64b1   0x92  Code  Gb  main.o [1]
SystemCoreClock         0x2000'0414    0x4  Data  Gb  system_stm32l4xx.o [1]
SystemInit               0x800'f5c1    0xc  Code  Gb  system_stm32l4xx.o [1]
TIM2_IRQHandler          0x800'ed91    0xa  Code  Gb  stm32l4xx_it.o [1]
TIM_Base_SetConfig       0x800'b9b9   0x7c  Code  Gb  stm32l4xx_hal_tim.o [1]
TIM_ETR_SetConfig        0x800'baa3   0x18  Code  Gb  stm32l4xx_hal_tim.o [1]
TIM_ITRx_SetConfig       0x800'ba93   0x10  Code  Lc  stm32l4xx_hal_tim.o [1]
TIM_TI1_ConfigInputStage
                         0x800'ba49   0x24  Code  Lc  stm32l4xx_hal_tim.o [1]
TIM_TI2_ConfigInputStage
                         0x800'ba6d   0x26  Code  Lc  stm32l4xx_hal_tim.o [1]
TRACE_AllocateBufer      0x800'8891   0xa2  Code  Lc  user_adv_trace.o [1]
TRACE_IsLocked           0x800'8947   0x10  Code  Lc  user_adv_trace.o [1]
TRACE_Lock               0x800'8933    0xa  Code  Lc  user_adv_trace.o [1]
TRACE_Send               0x800'880b   0x84  Code  Lc  user_adv_trace.o [1]
TRACE_UnLock             0x800'893d    0xa  Code  Lc  user_adv_trace.o [1]
TimerExists              0x800'989d   0x1a  Code  Gb  user_timer.o [1]
TimerInsertNewHeadTimer
                         0x800'9911   0x1c  Code  Gb  user_timer.o [1]
TimerInsertTimer         0x800'98e3   0x2e  Code  Gb  user_timer.o [1]
TimerListHead           0x2000'2620    0x4  Data  Lc  user_timer.o [1]
TimerSetTimeout          0x800'98b7   0x2c  Code  Gb  user_timer.o [1]
TimerTx                 0x2000'2578   0x18  Data  Lc  user_app_comm.o [1]
TxCpltCallback          0x2000'260c    0x4  Data  Lc  user_app_comm.o [1]
UART_AdvFeatureConfig    0x800'34b1   0xda  Code  Gb  stm32l4xx_hal_uart.o [1]
UART_CheckIdleState      0x800'358b   0xd2  Code  Gb  stm32l4xx_hal_uart.o [1]
UART_DMAAbortOnError     0x800'3a3d   0x1a  Code  Lc  stm32l4xx_hal_uart.o [1]
UART_DMAError            0x800'39ed   0x50  Code  Lc  stm32l4xx_hal_uart.o [1]
UART_DMAReceiveCplt      0x800'3921   0xa2  Code  Lc  stm32l4xx_hal_uart.o [1]
UART_DMARxHalfCplt       0x800'39c5   0x28  Code  Lc  stm32l4xx_hal_uart.o [1]
UART_EndRxTransfer       0x800'38c3   0x5e  Code  Lc  stm32l4xx_hal_uart.o [1]
UART_EndTransmit_IT      0x800'3a57   0x2a  Code  Lc  stm32l4xx_hal_uart.o [1]
UART_EndTxTransfer       0x800'38a7   0x1c  Code  Lc  stm32l4xx_hal_uart.o [1]
UART_RxISR_16BIT         0x800'3b75   0xee  Code  Lc  stm32l4xx_hal_uart.o [1]
UART_RxISR_8BIT          0x800'3a81   0xec  Code  Lc  stm32l4xx_hal_uart.o [1]
UART_SetConfig           0x800'31b9  0x2ec  Code  Gb  stm32l4xx_hal_uart.o [1]
UART_Start_Receive_DMA   0x800'37eb   0xbc  Code  Gb  stm32l4xx_hal_uart.o [1]
UART_Start_Receive_IT    0x800'36fb   0xf0  Code  Gb  stm32l4xx_hal_uart.o [1]
UART_WaitOnFlagUntilTimeout
                         0x800'365d   0x9e  Code  Gb  stm32l4xx_hal_uart.o [1]
USART1_IRQHandler        0x800'ed9b    0xa  Code  Gb  stm32l4xx_it.o [1]
USART2_IRQHandler        0x800'eda5    0xa  Code  Gb  stm32l4xx_it.o [1]
USART3_IRQHandler        0x800'edaf    0xa  Code  Gb  stm32l4xx_it.o [1]
UTIL_ADV_TRACE_COND_FSend
                         0x800'8731   0xda  Code  Gb  user_adv_trace.o [1]
UTIL_Log_Str             0x800'1845   0x36  Code  Gb  user_util.o [1]
UTIL_MEM_cpy             0x800'1881   0x1e  Code  Gb  user_util.o [1]
UTIL_MEM_set             0x800'17e5   0x18  Code  Gb  user_util.o [1]
UTIL_Printf              0x800'17fd   0x2c  Code  Gb  user_util.o [1]
UTIL_Printf_Str          0x800'1829   0x1c  Code  Gb  user_util.o [1]
UTIL_TIMER_Create        0x800'9639   0x4c  Code  Gb  user_timer.o [1]
UTIL_TIMER_IRQ_Handler   0x800'97eb   0xb2  Code  Gb  user_timer.o [1]
UTIL_TIMER_Init          0x800'9625   0x14  Code  Gb  user_timer.o [1]
UTIL_TIMER_SetPeriod     0x800'97b1   0x3a  Code  Gb  user_timer.o [1]
UTIL_TIMER_Start         0x800'9685   0x92  Code  Gb  user_timer.o [1]
UTIL_TIMER_Stop          0x800'9717   0x9a  Code  Gb  user_timer.o [1]
UTIL_TimerDriver         0x800'f01c   0x2c  Data  Gb  user_rtc.o [1]
UTIL_TraceDriver         0x800'f648    0xc  Data  Gb  user_app_comm.o [1]
Uart232RxByte           0x2000'2644    0x1  Data  Lc  user_connect_sensor.o [1]
Uart485RxByte           0x2000'2646    0x1  Data  Lc  user_rs485.o [1]
UartDebugBuff           0x2000'0b70  0x4b0  Data  Gb  user_app_comm.o [1]
UartDebugCountFail      0x2000'263a    0x2  Data  Lc  user_uart.o [1]
Update_ParaDisplay       0x800'9ff1   0xaa  Code  Gb  lcd_display.o [1]
UsageFault_Handler       0x800'ed65    0x2  Code  Gb  stm32l4xx_it.o [1]
User_RTC_Init            0x800'd8ad   0x38  Code  Lc  user_rtc.o [1]
UtilFloatToString        0x800'18fd   0x2e  Code  Gb  user_util.o [1]
UtilIntToStringWithScale
                         0x800'1761   0x60  Code  Gb  user_util.o [1]
VLevelDebug             0x2000'0b6e    0x1  Data  Gb  user_util.o [1]
_Cb_Display_Auto_SW      0x800'9f25   0x7e  Code  Lc  lcd_display.o [1]
_Cb_Display_Auto_SW::MarkButtPressed
                        0x2000'263f    0x1  Data  Lc  lcd_display.o [1]
_Cb_Display_Auto_SW::cNext
                        0x2000'2634    0x2  Data  Lc  lcd_display.o [1]
_Cb_Display_Init         0x800'9dbf   0x42  Code  Lc  lcd_display.o [1]
_Cb_Display_Logo         0x800'9e01   0xa8  Code  Lc  lcd_display.o [1]
_Cb_Display_Logo::step_u8
                        0x2000'263d    0x1  Data  Lc  lcd_display.o [1]
_Cb_Display_Show         0x800'9ea9   0x7c  Code  Lc  lcd_display.o [1]
_Cb_Display_Show::LandMarkChange_u32
                        0x2000'2600    0x4  Data  Lc  lcd_display.o [1]
_Cb_Display_Show::ScreenLast
                        0x2000'263e    0x1  Data  Lc  lcd_display.o [1]
_Cb_HandLer_IDLE         0x800'8277    0x6  Code  Lc  user_app_comm.o [1]
_Cb_R_ModbusRTU_REG_Baudrate
                         0x800'20e7   0x2e  Code  Gb  user_app_modbus_rtu.o [1]
_Cb_R_ModbusRTU_REG_CalibPoint_1
                         0x800'2407   0x5a  Code  Gb  user_app_modbus_rtu.o [1]
_Cb_R_ModbusRTU_REG_CalibPoint_2
                         0x800'2519   0x5a  Code  Gb  user_app_modbus_rtu.o [1]
_Cb_R_ModbusRTU_REG_Compensation
                         0x800'22f5   0x5a  Code  Gb  user_app_modbus_rtu.o [1]
_Cb_R_ModbusRTU_REG_Decimal_Point
                         0x800'21af   0x2a  Code  Gb  user_app_modbus_rtu.o [1]
_Cb_R_ModbusRTU_REG_ID   0x800'203f   0x2e  Code  Gb  user_app_modbus_rtu.o [1]
_Cb_R_ModbusRTU_REG_Mode_Config
                         0x800'2635   0x2e  Code  Gb  user_app_modbus_rtu.o [1]
_Cb_R_ModbusRTU_REG_Mode_Level
                         0x800'26d1   0x32  Code  Gb  user_app_modbus_rtu.o [1]
_Cb_R_ModbusRTU_REG_Unit
                         0x800'2185   0x2a  Code  Gb  user_app_modbus_rtu.o [1]
_Cb_R_ModbusRTU_REG_Value
                         0x800'21d9   0x3e  Code  Gb  user_app_modbus_rtu.o [1]
_Cb_R_ModbusRTU_REG_Zero_Point
                         0x800'2217   0x2a  Code  Gb  user_app_modbus_rtu.o [1]
_Cb_Save_Box             0x800'8283    0x6  Code  Lc  user_app_comm.o [1]
_Cb_Set_RTC              0x800'825b   0x1c  Code  Lc  user_app_comm.o [1]
_Cb_TX_Timer_Event       0x800'83fd   0x1a  Code  Lc  user_app_comm.o [1]
_Cb_Timer_IRQ            0x800'81cd    0xc  Code  Lc  user_app_comm.o [1]
_Cb_Tx_Timer             0x800'827d    0x6  Code  Lc  user_app_comm.o [1]
_Cb_Uart_Error           0x800'824f    0xc  Code  Lc  user_app_comm.o [1]
_Cb_Uart_Rx_Debug        0x800'81d9   0x76  Code  Lc  user_app_comm.o [1]
_Cb_Uart_Rx_Debug::LastLengthRecv
                        0x2000'2638    0x2  Data  Lc  user_app_comm.o [1]
_Cb_Uart_Rx_Debug::MarkFirstRecvUart
                        0x2000'2640    0x1  Data  Lc  user_app_comm.o [1]
_Cb_W_ModbusRTU_REG_Baudrate
                         0x800'2115   0x70  Code  Gb  user_app_modbus_rtu.o [1]
_Cb_W_ModbusRTU_REG_CalibPoint_1
                         0x800'2461   0xb8  Code  Gb  user_app_modbus_rtu.o [1]
_Cb_W_ModbusRTU_REG_CalibPoint_2
                         0x800'2579   0xb8  Code  Gb  user_app_modbus_rtu.o [1]
_Cb_W_ModbusRTU_REG_Compensation
                         0x800'234f   0xb8  Code  Gb  user_app_modbus_rtu.o [1]
_Cb_W_ModbusRTU_REG_ID   0x800'206d   0x7a  Code  Gb  user_app_modbus_rtu.o [1]
_Cb_W_ModbusRTU_REG_ID_Restore
                         0x800'2241   0xb4  Code  Gb  user_app_modbus_rtu.o [1]
_Cb_W_ModbusRTU_REG_Mode_Config
                         0x800'2663   0x6e  Code  Gb  user_app_modbus_rtu.o [1]
_Cb_W_ModbusRTU_REG_Mode_Level
                         0x800'2703   0x7a  Code  Gb  user_app_modbus_rtu.o [1]
_Cb_button_detect        0x800'9fd7   0x18  Code  Lc  lcd_display.o [1]
_Cb_button_scan          0x800'9fa3   0x34  Code  Lc  lcd_display.o [1]
_LitobFullNoMb           0x800'79f5  0x10a  Code  Lc  xprintffull_nomb.o [2]
_Locale_lconv           0x2000'0b34   0x38  Data  Lc  xlocale_c.o [2]
_PrintfFullNoMb          0x800'6c35  0xd9c  Code  Gb  xprintffull_nomb.o [2]
_PutcharFullNoMb         0x800'7b65   0x20  Code  Lc  xprintffull_nomb.o [2]
_PutcharsFullNoMb        0x800'7b85   0x2e  Code  Lc  xprintffull_nomb.o [2]
_SProut                  0x800'1aaf    0xa  Code  Gb  xsprout.o [2]
__NVIC_DisableIRQ        0x800'6321   0x26  Code  Lc  stm32l4xx_hal_cortex.o [1]
__NVIC_EnableIRQ         0x800'6301   0x20  Code  Lc  stm32l4xx_hal_cortex.o [1]
__NVIC_GetPriorityGrouping
                         0x800'62f3    0xc  Code  Lc  stm32l4xx_hal_cortex.o [1]
__NVIC_SetPriority       0x800'6347   0x2c  Code  Lc  stm32l4xx_hal_cortex.o [1]
__NVIC_SetPriorityGrouping
                         0x800'62d1   0x22  Code  Lc  stm32l4xx_hal_cortex.o [1]
__aeabi_cdcmpeq          0x800'8f31         Code  Gb  DblCmpEq.o [3]
__aeabi_cdcmple          0x800'8fc1         Code  Gb  DblCmpLe.o [3]
__aeabi_cdrcmple         0x800'8ff1         Code  Gb  DblCmpGe.o [3]
__aeabi_d2f              0x800'4131         Code  Gb  DblToFlt.o [3]
__aeabi_d2iz             0x800'478d         Code  Gb  DblToS32.o [3]
__aeabi_d2uiz            0x800'95f5         Code  Gb  DblToU32.o [3]
__aeabi_dadd             0x800'4611         Code  Gb  DblAdd.o [3]
__aeabi_ddiv             0x800'3ee9         Code  Gb  DblDiv.o [3]
__aeabi_dmul             0x800'446d         Code  Gb  DblMul.o [3]
__aeabi_dsub             0x800'7c01         Code  Gb  DblSub.o [3]
__aeabi_f2d              0x800'41b5         Code  Gb  FltToDbl.o [3]
__aeabi_i2d              0x800'3ead         Code  Gb  S32ToDbl.o [3]
__aeabi_ldiv0            0x800'7bfd         Code  Gb  I64DivZer.o [4]
__aeabi_memcpy           0x800'3c7d         Code  Gb  ABImemcpy.o [4]
__aeabi_memcpy4          0x800'3c9d         Code  Gb  ABImemcpy.o [4]
__aeabi_memcpy8          0x800'3c9d         Code  Gb  ABImemcpy.o [4]
__aeabi_memset           0x800'1a49         Code  Gb  ABImemset.o [4]
__aeabi_ui2d             0x800'4199         Code  Gb  U32ToDbl.o [3]
__aeabi_uldivmod         0x800'423d         Code  Gb  I64DivMod.o [4]
__cmain                  0x800'f145         Code  Gb  cmain.o [4]
__exit                   0x800'dc65   0x14  Code  Gb  exit.o [5]
__iar_Exp64              0x800'9021  0x388  Code  Gb  iar_Exp64.o [3]
__iar_Fail_s             0x800'9421   0x1c  Code  Gb  xfail_s.o [2]
__iar_Memchr             0x800'9461         Code  Gb  memchr.o [4]
__iar_Memset             0x800'1a49         Code  Gb  ABImemset.o [4]
__iar_Memset_word        0x800'1a51         Code  Gb  ABImemset.o [4]
__iar_Strchr             0x800'9409         Code  Gb  strchr.o [4]
__iar_dadd               0x800'7c11         Code  Gb  DblSub.o [3]
__iar_data_init3         0x800'f099   0x28  Code  Gb  data_init.o [4]
__iar_dsub               0x800'4621         Code  Gb  DblAdd.o [3]
__iar_dsubStart          0x800'4633         Code  Gb  DblAdd.o [3]
__iar_frexp              0x800'8f5d         Code  Gb  frexp.o [3]
__iar_frexpl             0x800'8f5d         Code  Gb  frexp.o [3]
__iar_init_vfp           0x800'f0c1         Code  Gb  fpinit_M.o [3]
__iar_ldexp64            0x800'94b9         Code  Gb  ldexp.o [3]
__iar_lz77_init_single3
                         0x800'ee09   0x78  Code  Gb  lz77_init_single.o [4]
__iar_pow64              0x800'6549  0x6ec  Code  Gb  pow64.o [3]
__iar_pow_medium         0x800'6549  0x6ec  Code  Gb  pow64.o [3]
__iar_pow_medium64       0x800'6549  0x6ec  Code  Gb  pow64.o [3]
__iar_pow_mediuml        0x800'6549  0x6ec  Code  Gb  pow64.o [3]
__iar_program_start      0x800'f7c9         Code  Gb  cstartup_M.o [4]
__iar_scalbln64          0x800'94b9         Code  Gb  ldexp.o [3]
__iar_scalbn64           0x800'94b9         Code  Gb  ldexp.o [3]
__iar_softfp___iar_frexp64
                         0x800'8f51         Code  Gb  frexp.o [3]
__iar_softfp_frexp       0x800'8f51         Code  Gb  frexp.o [3]
__iar_softfp_frexpl      0x800'8f51         Code  Gb  frexp.o [3]
__iar_vfp_pow            0x800'3ed7   0x10  Code  Gb  math_wrappers64.o [3]
__iar_zero_init3         0x800'1a0f   0x3a  Code  Gb  zero_init3.o [4]
__low_level_init         0x800'f163    0x4  Code  Gb  low_level_init.o [2]
__vector_table           0x800'0000         Data  Gb  startup_stm32l433xx.o [1]
_call_main               0x800'f151         Code  Gb  cmain.o [4]
_exit                    0x800'f16d         Code  Gb  cexit.o [4]
_main                    0x800'f15f         Code  Gb  cmain.o [4]
aAT_CMD                 0x2000'2144   0x80  Data  Lc  user_at_serial.o [1]
aBaudrate_value         0x2000'059c   0x2c  Data  Gb  user_app_modbus_rtu.o [1]
aDATA_CONFIG            0x2000'1f44   0x80  Data  Lc  user_app_modbus_rtu.o [1]
aDATA_CONFIG            0x2000'20c4   0x80  Data  Lc  user_at_serial.o [1]
aDATA_LOG_REGISTER      0x2000'1fc4   0x80  Data  Lc  user_app_modbus_rtu.o [1]
aModeConfig             0x2000'00c8    0x8  Data  Gb  lcd_display.o [1]
aModeInterface          0x2000'00d0    0x8  Data  Gb  lcd_display.o [1]
aPASSWORD               0x2000'0074    0x4  Data  Gb  lcd_display.o [1]
aSTT_SETTING_DONE       0x2000'00a8   0x10  Data  Gb  lcd_display.o [1]
aSTT_SETTING_ENTER      0x2000'0088   0x10  Data  Gb  lcd_display.o [1]
aSTT_SETTING_ERROR      0x2000'00b8   0x10  Data  Gb  lcd_display.o [1]
aSTT_SETTING_FREE       0x2000'0078   0x10  Data  Gb  lcd_display.o [1]
aSTT_SETTING_WAIT       0x2000'0098   0x10  Data  Gb  lcd_display.o [1]
aSampling_STT           0x2000'2414   0x3c  Data  Gb  user_app_sensor.o [1]
aSampling_VALUE         0x2000'2450   0x3c  Data  Gb  user_app_sensor.o [1]
aTEST                   0x2000'0000    0xc  Data  Lc  button.o [1]
aUART_232_DATA          0x2000'1820  0x200  Data  Lc  user_connect_sensor.o [1]
aUART_485_DATA          0x2000'1a20  0x200  Data  Lc  user_rs485.o [1]
aUART_DBG_DMA_RX        0x2000'228c   0x64  Data  Lc  user_app_comm.o [1]
abort                    0x800'bb39    0x6  Code  Gb  abort.o [2]
aframe                  0x2000'2044   0x80  Data  Gb  user_app_modbus_rtu.o [1]
bmp_SV_logo_12832        0x800'eb5c  0x200  Data  Gb  unit_tests.o [1]
charNotDetectPress      0x2000'0b6c    0x1  Data  Lc  lcd_display.o [1]
delay_ms                 0x800'bdbd    0xc  Code  Gb  STM32L4.o [1]
ee_number                0x800'a6d5  0x146  Code  Lc  user_tiny_vsnprintf.o [1]
ee_skip_atoi             0x800'a6ad   0x28  Code  Lc  user_tiny_vsnprintf.o [1]
exit                     0x800'f167    0x4  Code  Gb  exit.o [2]
fevent_active            0x800'194d   0x1e  Code  Gb  event_driven.o [1]
fevent_detect_connect    0x800'034b   0x1c  Code  Lc  user_app_sensor.o [1]
fevent_enable            0x800'196b   0x24  Code  Gb  event_driven.o [1]
fevent_refresh_iwdg      0x800'037b   0x1c  Code  Lc  user_app_sensor.o [1]
fevent_rs485_entry       0x800'9b69    0x6  Code  Lc  user_app_rs485.o [1]
fevent_rs485_init_uart   0x800'9b6f   0x2e  Code  Lc  user_app_rs485.o [1]
fevent_rs485_init_uart::stamp
                        0x2000'2641    0x1  Data  Lc  user_app_rs485.o [1]
fevent_rs485_receive_complete
                         0x800'9b9d   0x16  Code  Lc  user_app_rs485.o [1]
fevent_rs485_refresh     0x800'9bb3    0x6  Code  Lc  user_app_rs485.o [1]
fevent_sensor_dac        0x800'0269   0xe2  Code  Lc  user_app_sensor.o [1]
fevent_sensor_entry      0x800'018d   0x12  Code  Lc  user_app_sensor.o [1]
fevent_sensor_handle     0x800'019f   0xc8  Code  Lc  user_app_sensor.o [1]
fevent_temp_alarm        0x800'0367   0x14  Code  Lc  user_app_sensor.o [1]
font_current            0x2000'25c4    0xc  Data  Gb  text.o [1]
glcd_ST7565R_init        0x800'bfd1   0x34  Code  Gb  ST7565R.o [1]
glcd_bbox               0x2000'25f4    0x4  Data  Gb  glcd.o [1]
glcd_bbox_refresh        0x800'be5d   0x1c  Code  Gb  glcd.o [1]
glcd_bbox_selected      0x2000'25fc    0x4  Data  Gb  glcd.o [1]
glcd_buffer             0x2000'1420  0x200  Data  Gb  glcd.o [1]
glcd_buffer_selected    0x2000'25f8    0x4  Data  Gb  glcd.o [1]
glcd_clear_buffer        0x800'be79   0x24  Code  Gb  glcd.o [1]
glcd_command             0x800'beb1   0x18  Code  Gb  ST7565R.o [1]
glcd_data                0x800'bec9   0x18  Code  Gb  ST7565R.o [1]
glcd_draw_bitmap         0x800'dd45   0x1e  Code  Gb  graphics.o [1]
glcd_draw_char_xy        0x800'd537  0x33a  Code  Gb  text.o [1]
glcd_draw_string_xy      0x800'd871   0x38  Code  Gb  text.o [1]
glcd_enable_backlight    0x800'bd49    0x2  Code  Gb  STM32L4.o [1]
glcd_init                0x800'bd25   0x24  Code  Gb  STM32L4.o [1]
glcd_reset               0x800'bd75   0x38  Code  Gb  STM32L4.o [1]
glcd_reset_bbox          0x800'be41   0x1c  Code  Gb  glcd.o [1]
glcd_select_screen       0x800'be9d    0xa  Code  Gb  glcd.o [1]
glcd_set_column_lower    0x800'bf45    0xe  Code  Gb  ST7565R.o [1]
glcd_set_column_upper    0x800'bf2f   0x16  Code  Gb  ST7565R.o [1]
glcd_set_contrast        0x800'bee1   0x24  Code  Gb  ST7565R.o [1]
glcd_set_font            0x800'd51d   0x1a  Code  Gb  text.o [1]
glcd_set_pixel           0x800'dc79   0xcc  Code  Gb  graphics.o [1]
glcd_set_x_address       0x800'bf19   0x16  Code  Gb  ST7565R.o [1]
glcd_set_y_address       0x800'bf05   0x14  Code  Gb  ST7565R.o [1]
glcd_spi_write           0x800'bd4b   0x2a  Code  Gb  STM32L4.o [1]
glcd_test_bitmap_128x64
                         0x800'c295    0xe  Code  Gb  unit_tests.o [1]
glcd_tiny_draw_char      0x800'c01f  0x21a  Code  Gb  text_tiny.o [1]
glcd_tiny_draw_string    0x800'c239   0x54  Code  Gb  text_tiny.o [1]
glcd_tiny_set_font       0x800'c005   0x1a  Code  Gb  text_tiny.o [1]
glcd_update_bbox         0x800'bdc9   0x78  Code  Gb  glcd.o [1]
glcd_write               0x800'bf53   0x70  Code  Gb  ST7565R.o [1]
hdac1                   0x2000'2590   0x14  Data  Gb  dac.o [1]
hdma_usart1_rx          0x2000'233c   0x48  Data  Gb  usart.o [1]
hdma_usart2_rx          0x2000'2384   0x48  Data  Gb  usart.o [1]
hdma_usart3_rx          0x2000'23cc   0x48  Data  Gb  usart.o [1]
hiwdg                   0x2000'25a4   0x10  Data  Gb  iwdg.o [1]
hrtc                    0x2000'24e8   0x24  Data  Gb  rtc.o [1]
hspi2                   0x2000'2228   0x64  Data  Gb  spi.o [1]
htim2                   0x2000'22f0   0x4c  Data  Gb  tim.o [1]
huart1                  0x2000'1dac   0x88  Data  Gb  usart.o [1]
huart2                  0x2000'1e34   0x88  Data  Gb  usart.o [1]
huart3                  0x2000'1ebc   0x88  Data  Gb  usart.o [1]
ldexp                    0x800'94b9         Code  Gb  ldexp.o [3]
ldexpl                   0x800'94b9         Code  Gb  ldexp.o [3]
lnbias                   0x800'e300  0x420  Data  Lc  pow64.o [3]
localeconv               0x800'961d    0x4  Code  Gb  xlocale_c.o [2]
lower_digits            0x2000'0b2c    0x4  Data  Lc  user_tiny_vsnprintf.o [1]
main                     0x800'6479   0x38  Code  Gb  main.o [1]
memchr                   0x800'9461         Code  Gb  memchr.o [4]
memset                   0x800'6465   0x14  Code  Gb  memset.o [4]
pFlash                  0x2000'03f4   0x20  Data  Gb  stm32l4xx_hal_flash.o [1]
pFunc_UTIL_Debug_Send   0x2000'262c    0x4  Data  Gb  user_util.o [1]
pFunc_UTIL_Log_To_Mem   0x2000'2628    0x4  Data  Gb  user_util.o [1]
pModemProcessIRQTimer   0x2000'261c    0x4  Data  Gb  user_rtc.o [1]
pow                      0x800'6549  0x6ec  Code  Gb  pow64.o [3]
powl                     0x800'6549  0x6ec  Code  Gb  pow64.o [3]
quickSort_Sampling       0x800'0397   0x9a  Code  Gb  user_app_sensor.o [1]
quickSort_Sampling_Value
                         0x800'0431   0xd4  Code  Gb  user_app_sensor.o [1]
quickSort_Sampling_Value::Handle_Once
                        0x2000'2642    0x1  Data  Lc  user_app_sensor.o [1]
sButton                 0x2000'2548   0x18  Data  Gb  button.o [1]
sCalibDAC               0x2000'25e8    0x8  Data  Gb  user_app_sensor.o [1]
sCheckList_Reg_Modbus_RTU
                        0x2000'0498  0x104  Data  Gb  user_app_modbus_rtu.o [1]
sEventAppComm           0x2000'0418   0x70  Data  Gb  user_app_comm.o [1]
sEventAppRs485          0x2000'05d4   0x40  Data  Gb  user_app_rs485.o [1]
sEventAppSensor         0x2000'0614   0x60  Data  Gb  user_app_sensor.o [1]
sEventDisplay           0x2000'000c   0x60  Data  Gb  lcd_display.o [1]
sFirmVersion            0x2000'0488    0x8  Data  Gb  user_app_comm.o [1]
sLCD                    0x2000'25b4   0x10  Data  Gb  lcd_display.o [1]
sLCDObject              0x2000'00d8  0x318  Data  Gb  lcd_display.o [1]
sLogData_ModbusRTU      0x2000'05cc    0x8  Data  Gb  user_app_modbus_rtu.o [1]
sModeConfig             0x2000'2610    0x4  Data  Gb  user_app_sensor.o [1]
sModelVersion           0x2000'006c    0x8  Data  Gb  lcd_display.o [1]
sParaDisplay            0x2000'248c   0x30  Data  Gb  lcd_display.o [1]
sRTC                    0x2000'25dc    0xc  Data  Gb  user_util.o [1]
sSensorLevel            0x2000'250c   0x20  Data  Gb  user_app_sensor.o [1]
sSlave_ModbusRTU        0x2000'05c8    0x4  Data  Gb  user_app_modbus_rtu.o [1]
sTempAlarm              0x2000'25d0    0xc  Data  Gb  user_app_sensor.o [1]
sUart232                0x2000'0b1c    0x8  Data  Gb  user_connect_sensor.o [1]
sUart485                0x2000'0b24    0x8  Data  Gb  user_rs485.o [1]
sUartDebug              0x2000'0490    0x8  Data  Gb  user_app_comm.o [1]
scalbln                  0x800'94b9         Code  Gb  ldexp.o [3]
scalblnl                 0x800'94b9         Code  Gb  ldexp.o [3]
scalbn                   0x800'94b9         Code  Gb  ldexp.o [3]
scalbnl                  0x800'94b9         Code  Gb  ldexp.o [3]
scale                    0x800'7aff   0x46  Code  Lc  xprintffull_nomb.o [2]
sec_hand                0x2000'2630    0x4  Data  Lc  xfail_s.o [2]
sprintf                  0x800'41fd   0x40  Code  Gb  sprintf.o [2]
strATcmd                0x2000'0674    0x8  Data  Gb  user_at_serial.o [1]
strchr                   0x800'9409         Code  Gb  strchr.o [4]
strlen                   0x800'3e75         Code  Gb  strlen.o [4]
sztmp                   0x2000'1620  0x200  Data  Lc  user_adv_trace.o [1]
test_gettick            0x2000'2614    0x4  Data  Gb  user_app_sensor.o [1]
test_gettick_2          0x2000'2618    0x4  Data  Gb  user_app_sensor.o [1]
test_tim2               0x2000'2604    0x4  Data  Gb  lcd_display.o [1]
tiny_vsnprintf_like      0x800'a81b  0x1d6  Code  Gb  user_tiny_vsnprintf.o [1]
upper_digits            0x2000'0b30    0x4  Data  Lc  user_tiny_vsnprintf.o [1]
uwTick                  0x2000'2608    0x4  Data  Gb  stm32l4xx_hal.o [1]
uwTickFreq              0x2000'0b6d    0x1  Data  Gb  stm32l4xx_hal.o [1]
uwTickPrio              0x2000'03f0    0x4  Data  Gb  stm32l4xx_hal.o [1]
vcom_DeInit              0x800'8631   0x1e  Code  Gb  user_app_comm.o [1]
vcom_Init                0x800'8627    0xa  Code  Gb  user_app_comm.o [1]
vcom_Trace_DMA           0x800'864f   0x24  Code  Gb  user_app_comm.o [1]


[1] = D:\Project_STM32\Project_Slave_Level_Ultra\EWARM\Project_Slave_Level_Ultra\Obj
[2] = dl7M_tlf.a
[3] = m7M_tls.a
[4] = rt7M_tl.a
[5] = shb_l.a

  57'445 bytes of readonly  code memory
   7'766 bytes of readonly  data memory
  10'825 bytes of readwrite data memory

Errors: none
Warnings: none
