###############################################################################
#
# IAR ELF Linker V8.40.2.214/W32 for ARM                  09/Jun/2026  08:39:11
# Copyright 2007-2019 IAR Systems AB.
#
#    Output file  =
#        D:\Saoviet_Git\Saoviet_Slave_Level_Ultrasonic\Project_Slave_Level_Ultra\EWARM\Project_Slave_Level_Ultra\Exe\Project_Slave_Level_Ultra.out
#    Map file     =
#        D:\Saoviet_Git\Saoviet_Slave_Level_Ultrasonic\Project_Slave_Level_Ultra\EWARM\Project_Slave_Level_Ultra\List\Project_Slave_Level_Ultra.map
#    Command line =
#        -f C:\Users\PC\AppData\Local\Temp\EW1FE4.tmp
#        (D:\Saoviet_Git\Saoviet_Slave_Level_Ultrasonic\Project_Slave_Level_Ultra\EWARM\Project_Slave_Level_Ultra\Obj\button.o
#        D:\Saoviet_Git\Saoviet_Slave_Level_Ultrasonic\Project_Slave_Level_Ultra\EWARM\Project_Slave_Level_Ultra\Obj\dac.o
#        D:\Saoviet_Git\Saoviet_Slave_Level_Ultrasonic\Project_Slave_Level_Ultra\EWARM\Project_Slave_Level_Ultra\Obj\dma.o
#        D:\Saoviet_Git\Saoviet_Slave_Level_Ultrasonic\Project_Slave_Level_Ultra\EWARM\Project_Slave_Level_Ultra\Obj\event_driven.o
#        D:\Saoviet_Git\Saoviet_Slave_Level_Ultrasonic\Project_Slave_Level_Ultra\EWARM\Project_Slave_Level_Ultra\Obj\glcd.o
#        D:\Saoviet_Git\Saoviet_Slave_Level_Ultrasonic\Project_Slave_Level_Ultra\EWARM\Project_Slave_Level_Ultra\Obj\gpio.o
#        D:\Saoviet_Git\Saoviet_Slave_Level_Ultrasonic\Project_Slave_Level_Ultra\EWARM\Project_Slave_Level_Ultra\Obj\graphics.o
#        D:\Saoviet_Git\Saoviet_Slave_Level_Ultrasonic\Project_Slave_Level_Ultra\EWARM\Project_Slave_Level_Ultra\Obj\graphs.o
#        D:\Saoviet_Git\Saoviet_Slave_Level_Ultrasonic\Project_Slave_Level_Ultra\EWARM\Project_Slave_Level_Ultra\Obj\iwdg.o
#        D:\Saoviet_Git\Saoviet_Slave_Level_Ultrasonic\Project_Slave_Level_Ultra\EWARM\Project_Slave_Level_Ultra\Obj\lcd_display.o
#        D:\Saoviet_Git\Saoviet_Slave_Level_Ultrasonic\Project_Slave_Level_Ultra\EWARM\Project_Slave_Level_Ultra\Obj\main.o
#        D:\Saoviet_Git\Saoviet_Slave_Level_Ultrasonic\Project_Slave_Level_Ultra\EWARM\Project_Slave_Level_Ultra\Obj\NT75451.o
#        D:\Saoviet_Git\Saoviet_Slave_Level_Ultrasonic\Project_Slave_Level_Ultra\EWARM\Project_Slave_Level_Ultra\Obj\onchipflash.o
#        D:\Saoviet_Git\Saoviet_Slave_Level_Ultrasonic\Project_Slave_Level_Ultra\EWARM\Project_Slave_Level_Ultra\Obj\PCD8544.o
#        D:\Saoviet_Git\Saoviet_Slave_Level_Ultrasonic\Project_Slave_Level_Ultra\EWARM\Project_Slave_Level_Ultra\Obj\queue_p.o
#        D:\Saoviet_Git\Saoviet_Slave_Level_Ultrasonic\Project_Slave_Level_Ultra\EWARM\Project_Slave_Level_Ultra\Obj\rtc.o
#        D:\Saoviet_Git\Saoviet_Slave_Level_Ultrasonic\Project_Slave_Level_Ultra\EWARM\Project_Slave_Level_Ultra\Obj\spi.o
#        D:\Saoviet_Git\Saoviet_Slave_Level_Ultrasonic\Project_Slave_Level_Ultra\EWARM\Project_Slave_Level_Ultra\Obj\ST7565R.o
#        D:\Saoviet_Git\Saoviet_Slave_Level_Ultrasonic\Project_Slave_Level_Ultra\EWARM\Project_Slave_Level_Ultra\Obj\startup_stm32l433xx.o
#        D:\Saoviet_Git\Saoviet_Slave_Level_Ultrasonic\Project_Slave_Level_Ultra\EWARM\Project_Slave_Level_Ultra\Obj\STM32F0xx.o
#        D:\Saoviet_Git\Saoviet_Slave_Level_Ultrasonic\Project_Slave_Level_Ultra\EWARM\Project_Slave_Level_Ultra\Obj\STM32F10x.o
#        D:\Saoviet_Git\Saoviet_Slave_Level_Ultrasonic\Project_Slave_Level_Ultra\EWARM\Project_Slave_Level_Ultra\Obj\STM32F4.o
#        D:\Saoviet_Git\Saoviet_Slave_Level_Ultrasonic\Project_Slave_Level_Ultra\EWARM\Project_Slave_Level_Ultra\Obj\STM32L4.o
#        D:\Saoviet_Git\Saoviet_Slave_Level_Ultrasonic\Project_Slave_Level_Ultra\EWARM\Project_Slave_Level_Ultra\Obj\stm32l4xx_hal.o
#        D:\Saoviet_Git\Saoviet_Slave_Level_Ultrasonic\Project_Slave_Level_Ultra\EWARM\Project_Slave_Level_Ultra\Obj\stm32l4xx_hal_cortex.o
#        D:\Saoviet_Git\Saoviet_Slave_Level_Ultrasonic\Project_Slave_Level_Ultra\EWARM\Project_Slave_Level_Ultra\Obj\stm32l4xx_hal_dac.o
#        D:\Saoviet_Git\Saoviet_Slave_Level_Ultrasonic\Project_Slave_Level_Ultra\EWARM\Project_Slave_Level_Ultra\Obj\stm32l4xx_hal_dac_ex.o
#        D:\Saoviet_Git\Saoviet_Slave_Level_Ultrasonic\Project_Slave_Level_Ultra\EWARM\Project_Slave_Level_Ultra\Obj\stm32l4xx_hal_dma.o
#        D:\Saoviet_Git\Saoviet_Slave_Level_Ultrasonic\Project_Slave_Level_Ultra\EWARM\Project_Slave_Level_Ultra\Obj\stm32l4xx_hal_dma_ex.o
#        D:\Saoviet_Git\Saoviet_Slave_Level_Ultrasonic\Project_Slave_Level_Ultra\EWARM\Project_Slave_Level_Ultra\Obj\stm32l4xx_hal_exti.o
#        D:\Saoviet_Git\Saoviet_Slave_Level_Ultrasonic\Project_Slave_Level_Ultra\EWARM\Project_Slave_Level_Ultra\Obj\stm32l4xx_hal_flash.o
#        D:\Saoviet_Git\Saoviet_Slave_Level_Ultrasonic\Project_Slave_Level_Ultra\EWARM\Project_Slave_Level_Ultra\Obj\stm32l4xx_hal_flash_ex.o
#        D:\Saoviet_Git\Saoviet_Slave_Level_Ultrasonic\Project_Slave_Level_Ultra\EWARM\Project_Slave_Level_Ultra\Obj\stm32l4xx_hal_flash_ramfunc.o
#        D:\Saoviet_Git\Saoviet_Slave_Level_Ultrasonic\Project_Slave_Level_Ultra\EWARM\Project_Slave_Level_Ultra\Obj\stm32l4xx_hal_gpio.o
#        D:\Saoviet_Git\Saoviet_Slave_Level_Ultrasonic\Project_Slave_Level_Ultra\EWARM\Project_Slave_Level_Ultra\Obj\stm32l4xx_hal_i2c.o
#        D:\Saoviet_Git\Saoviet_Slave_Level_Ultrasonic\Project_Slave_Level_Ultra\EWARM\Project_Slave_Level_Ultra\Obj\stm32l4xx_hal_i2c_ex.o
#        D:\Saoviet_Git\Saoviet_Slave_Level_Ultrasonic\Project_Slave_Level_Ultra\EWARM\Project_Slave_Level_Ultra\Obj\stm32l4xx_hal_iwdg.o
#        D:\Saoviet_Git\Saoviet_Slave_Level_Ultrasonic\Project_Slave_Level_Ultra\EWARM\Project_Slave_Level_Ultra\Obj\stm32l4xx_hal_msp.o
#        D:\Saoviet_Git\Saoviet_Slave_Level_Ultrasonic\Project_Slave_Level_Ultra\EWARM\Project_Slave_Level_Ultra\Obj\stm32l4xx_hal_pwr.o
#        D:\Saoviet_Git\Saoviet_Slave_Level_Ultrasonic\Project_Slave_Level_Ultra\EWARM\Project_Slave_Level_Ultra\Obj\stm32l4xx_hal_pwr_ex.o
#        D:\Saoviet_Git\Saoviet_Slave_Level_Ultrasonic\Project_Slave_Level_Ultra\EWARM\Project_Slave_Level_Ultra\Obj\stm32l4xx_hal_rcc.o
#        D:\Saoviet_Git\Saoviet_Slave_Level_Ultrasonic\Project_Slave_Level_Ultra\EWARM\Project_Slave_Level_Ultra\Obj\stm32l4xx_hal_rcc_ex.o
#        D:\Saoviet_Git\Saoviet_Slave_Level_Ultrasonic\Project_Slave_Level_Ultra\EWARM\Project_Slave_Level_Ultra\Obj\stm32l4xx_hal_rtc.o
#        D:\Saoviet_Git\Saoviet_Slave_Level_Ultrasonic\Project_Slave_Level_Ultra\EWARM\Project_Slave_Level_Ultra\Obj\stm32l4xx_hal_rtc_ex.o
#        D:\Saoviet_Git\Saoviet_Slave_Level_Ultrasonic\Project_Slave_Level_Ultra\EWARM\Project_Slave_Level_Ultra\Obj\stm32l4xx_hal_spi.o
#        D:\Saoviet_Git\Saoviet_Slave_Level_Ultrasonic\Project_Slave_Level_Ultra\EWARM\Project_Slave_Level_Ultra\Obj\stm32l4xx_hal_spi_ex.o
#        D:\Saoviet_Git\Saoviet_Slave_Level_Ultrasonic\Project_Slave_Level_Ultra\EWARM\Project_Slave_Level_Ultra\Obj\stm32l4xx_hal_tim.o
#        D:\Saoviet_Git\Saoviet_Slave_Level_Ultrasonic\Project_Slave_Level_Ultra\EWARM\Project_Slave_Level_Ultra\Obj\stm32l4xx_hal_tim_ex.o
#        D:\Saoviet_Git\Saoviet_Slave_Level_Ultrasonic\Project_Slave_Level_Ultra\EWARM\Project_Slave_Level_Ultra\Obj\stm32l4xx_hal_uart.o
#        D:\Saoviet_Git\Saoviet_Slave_Level_Ultrasonic\Project_Slave_Level_Ultra\EWARM\Project_Slave_Level_Ultra\Obj\stm32l4xx_hal_uart_ex.o
#        D:\Saoviet_Git\Saoviet_Slave_Level_Ultrasonic\Project_Slave_Level_Ultra\EWARM\Project_Slave_Level_Ultra\Obj\stm32l4xx_it.o
#        D:\Saoviet_Git\Saoviet_Slave_Level_Ultrasonic\Project_Slave_Level_Ultra\EWARM\Project_Slave_Level_Ultra\Obj\system_stm32l4xx.o
#        D:\Saoviet_Git\Saoviet_Slave_Level_Ultrasonic\Project_Slave_Level_Ultra\EWARM\Project_Slave_Level_Ultra\Obj\text.o
#        D:\Saoviet_Git\Saoviet_Slave_Level_Ultrasonic\Project_Slave_Level_Ultra\EWARM\Project_Slave_Level_Ultra\Obj\text_tiny.o
#        D:\Saoviet_Git\Saoviet_Slave_Level_Ultrasonic\Project_Slave_Level_Ultra\EWARM\Project_Slave_Level_Ultra\Obj\tim.o
#        D:\Saoviet_Git\Saoviet_Slave_Level_Ultrasonic\Project_Slave_Level_Ultra\EWARM\Project_Slave_Level_Ultra\Obj\unit_tests.o
#        D:\Saoviet_Git\Saoviet_Slave_Level_Ultrasonic\Project_Slave_Level_Ultra\EWARM\Project_Slave_Level_Ultra\Obj\usart.o
#        D:\Saoviet_Git\Saoviet_Slave_Level_Ultrasonic\Project_Slave_Level_Ultra\EWARM\Project_Slave_Level_Ultra\Obj\user_adv_trace.o
#        D:\Saoviet_Git\Saoviet_Slave_Level_Ultrasonic\Project_Slave_Level_Ultra\EWARM\Project_Slave_Level_Ultra\Obj\user_app_comm.o
#        D:\Saoviet_Git\Saoviet_Slave_Level_Ultrasonic\Project_Slave_Level_Ultra\EWARM\Project_Slave_Level_Ultra\Obj\user_app_modbus_rtu.o
#        D:\Saoviet_Git\Saoviet_Slave_Level_Ultrasonic\Project_Slave_Level_Ultra\EWARM\Project_Slave_Level_Ultra\Obj\user_app_rs485.o
#        D:\Saoviet_Git\Saoviet_Slave_Level_Ultrasonic\Project_Slave_Level_Ultra\EWARM\Project_Slave_Level_Ultra\Obj\user_app_sensor.o
#        D:\Saoviet_Git\Saoviet_Slave_Level_Ultrasonic\Project_Slave_Level_Ultra\EWARM\Project_Slave_Level_Ultra\Obj\user_at_serial.o
#        D:\Saoviet_Git\Saoviet_Slave_Level_Ultrasonic\Project_Slave_Level_Ultra\EWARM\Project_Slave_Level_Ultra\Obj\user_connect_sensor.o
#        D:\Saoviet_Git\Saoviet_Slave_Level_Ultrasonic\Project_Slave_Level_Ultra\EWARM\Project_Slave_Level_Ultra\Obj\user_convert_variable.o
#        D:\Saoviet_Git\Saoviet_Slave_Level_Ultrasonic\Project_Slave_Level_Ultra\EWARM\Project_Slave_Level_Ultra\Obj\user_internal_mem.o
#        D:\Saoviet_Git\Saoviet_Slave_Level_Ultrasonic\Project_Slave_Level_Ultra\EWARM\Project_Slave_Level_Ultra\Obj\user_mem_comm.o
#        D:\Saoviet_Git\Saoviet_Slave_Level_Ultrasonic\Project_Slave_Level_Ultra\EWARM\Project_Slave_Level_Ultra\Obj\user_modbus_rtu.o
#        D:\Saoviet_Git\Saoviet_Slave_Level_Ultrasonic\Project_Slave_Level_Ultra\EWARM\Project_Slave_Level_Ultra\Obj\user_obis_sv.o
#        D:\Saoviet_Git\Saoviet_Slave_Level_Ultrasonic\Project_Slave_Level_Ultra\EWARM\Project_Slave_Level_Ultra\Obj\user_rs485.o
#        D:\Saoviet_Git\Saoviet_Slave_Level_Ultrasonic\Project_Slave_Level_Ultra\EWARM\Project_Slave_Level_Ultra\Obj\user_rtc.o
#        D:\Saoviet_Git\Saoviet_Slave_Level_Ultrasonic\Project_Slave_Level_Ultra\EWARM\Project_Slave_Level_Ultra\Obj\user_string.o
#        D:\Saoviet_Git\Saoviet_Slave_Level_Ultrasonic\Project_Slave_Level_Ultra\EWARM\Project_Slave_Level_Ultra\Obj\user_time.o
#        D:\Saoviet_Git\Saoviet_Slave_Level_Ultrasonic\Project_Slave_Level_Ultra\EWARM\Project_Slave_Level_Ultra\Obj\user_timer.o
#        D:\Saoviet_Git\Saoviet_Slave_Level_Ultrasonic\Project_Slave_Level_Ultra\EWARM\Project_Slave_Level_Ultra\Obj\user_tiny_vsnprintf.o
#        D:\Saoviet_Git\Saoviet_Slave_Level_Ultrasonic\Project_Slave_Level_Ultra\EWARM\Project_Slave_Level_Ultra\Obj\user_uart.o
#        D:\Saoviet_Git\Saoviet_Slave_Level_Ultrasonic\Project_Slave_Level_Ultra\EWARM\Project_Slave_Level_Ultra\Obj\user_util.o
#        --no_out_extension -o
#        D:\Saoviet_Git\Saoviet_Slave_Level_Ultrasonic\Project_Slave_Level_Ultra\EWARM\Project_Slave_Level_Ultra\Exe\Project_Slave_Level_Ultra.out
#        --redirect _Printf=_PrintfFullNoMb --redirect _Scanf=_ScanfFullNoMb
#        --map
#        D:\Saoviet_Git\Saoviet_Slave_Level_Ultrasonic\Project_Slave_Level_Ultra\EWARM\Project_Slave_Level_Ultra\List\Project_Slave_Level_Ultra.map
#        --config
#        D:\Saoviet_Git\Saoviet_Slave_Level_Ultrasonic\Project_Slave_Level_Ultra\EWARM/stm32l433xx_flash.icf
#        --semihosting --entry __iar_program_start --vfe --text_out locale)
#
###############################################################################

*******************************************************************************
*** RUNTIME MODEL ATTRIBUTES
***

CppFlavor       = *
__Heap_Handler  = DLMalloc
__SystemLibrary = DLib
__dlib_version  = 6


*******************************************************************************
*** HEAP SELECTION
***

The advanced heap was selected because the application calls memory
allocation functions outside of system library functions, and there
are calls to deallocation functions in the application.


*******************************************************************************
*** PLACEMENT SUMMARY
***

"A0":  place at address 0x800'0000 { ro section .intvec };
"P1":  place in [from 0x800'0000 to 0x803'ffff] { ro };
define block CSTACK with size = 1K, alignment = 8 { };
define block HEAP with size = 512, alignment = 8 { };
"P2":  place in [from 0x2000'0000 to 0x2000'ffff] {
          rw, block CSTACK, block HEAP };
initialize by copy { rw };

  Section            Kind         Address      Size  Object
  -------            ----         -------      ----  ------
"A0":                                         0x18c
  .intvec            ro code   0x800'0000     0x18c  startup_stm32l433xx.o [1]
                             - 0x800'018c     0x18c

"P1":                                      0x1'0f48
  .text              ro code   0x800'018c    0x1b28  user_app_sensor.o [1]
  .text              ro code   0x800'1cb4     0x264  stm32l4xx_hal_dac.o [1]
  .text              ro code   0x800'1f18       0xc  stm32l4xx_hal.o [1]
  .text              ro code   0x800'1f24     0x21c  user_util.o [1]
  .text              ro code   0x800'2140      0x42  event_driven.o [1]
  .text              ro code   0x800'2182      0x3a  zero_init3.o [4]
  .text              ro code   0x800'21bc      0x48  FltToDbl.o [3]
  .text              ro code   0x800'2204     0x1a2  DblMul.o [3]
  .text              ro code   0x800'23a6       0xa  xsprout.o [2]
  .text              ro code   0x800'23b0     0x17a  DblAdd.o [3]
  .rodata            const     0x800'252a       0x2  xlocale_c.o [2]
  .text              ro code   0x800'252c      0x68  DblToFlt.o [3]
  .text              ro code   0x800'2594      0x80  stm32l4xx_hal_iwdg.o [1]
  .text              ro code   0x800'2614      0x66  ABImemset.o [4]
  .rodata            const     0x800'267a       0x1  xlocale_c.o [2]
  .text              ro code   0x800'267c     0x40c  user_convert_variable.o [1]
  .text              ro code   0x800'2a88     0x172  onchipflash.o [1]
  .text              ro code   0x800'2bfc    0x1098  user_app_modbus_rtu.o [1]
  .text              ro code   0x800'3c94    0x107c  stm32l4xx_hal_uart.o [1]
  .text              ro code   0x800'4d10      0xa6  ABImemcpy.o [4]
  .text              ro code   0x800'4db8      0x70  user_connect_sensor.o [1]
  .text              ro code   0x800'4e28      0xb8  dac.o [1]
  .text              ro code   0x800'4ee0      0x28  stm32l4xx_hal.o [1]
  .text              ro code   0x800'4f08      0x36  strlen.o [4]
  .text              ro code   0x800'4f40      0x22  S32ToDbl.o [3]
  .text              ro code   0x800'4f64      0x16  math_wrappers64.o [3]
  .text              ro code   0x800'4f7c     0x246  DblDiv.o [3]
  .text              ro code   0x800'51c4      0x1a  U32ToDbl.o [3]
  .text              ro code   0x800'51e0      0x40  sprintf.o [2]
  .text              ro code   0x800'5220      0xe2  DblSub.o [3]
  .text              ro code   0x800'5304     0x230  I64DivMod.o [4]
  .text              ro code   0x800'5534      0x3a  DblToS32.o [3]
  .text              ro code   0x800'5570     0x1b8  stm32l4xx_hal_flash.o [1]
  .text              ro code   0x800'5728      0xa0  stm32l4xx_hal_flash_ex.o [1]
  .text              ro code   0x800'57c8     0x380  stm32l4xx_hal_gpio.o [1]
  .text              ro code   0x800'5b48     0x1cc  user_modbus_rtu.o [1]
  .text              ro code   0x800'5d14     0x3a0  usart.o [1]
  .text              ro code   0x800'60b4     0x426  stm32l4xx_hal_dma.o [1]
  .text              ro code   0x800'64dc     0x128  user_uart.o [1]
  .text              ro code   0x800'6604      0x72  stm32l4xx_hal_uart_ex.o [1]
  .text              ro code   0x800'6678     0x9fc  stm32l4xx_hal_rcc.o [1]
  .text              ro code   0x800'7074       0x2  stm32l4xx_hal_uart.o [1]
  .text              ro code   0x800'7076       0x2  stm32l4xx_hal_uart.o [1]
  .text              ro code   0x800'7078     0x194  stm32l4xx_hal_cortex.o [1]
  .text              ro code   0x800'720c      0x14  memset.o [4]
  .text              ro code   0x800'7220      0xce  main.o [1]
  .text              ro code   0x800'72f0     0x6ec  pow64.o [3]
  .text              ro code   0x800'79dc     0xfc6  xprintffull_nomb.o [2]
  .text              ro code   0x800'89a4       0x2  I64DivZer.o [4]
  .text              ro code   0x800'89a8     0x4e8  stm32l4xx_hal_rcc_ex.o [1]
  .text              ro code   0x800'8e90     0x4f4  user_app_comm.o [1]
  .text              ro code   0x800'9384      0x70  user_rs485.o [1]
  .text              ro code   0x800'93f4     0x23a  user_adv_trace.o [1]
  .text              ro code   0x800'9630      0x60  stm32l4xx_hal.o [1]
  .text              ro code   0x800'9690      0x94  stm32l4xx_hal_pwr_ex.o [1]
  .text              ro code   0x800'9724      0x24  stm32l4xx_hal.o [1]
  .text              ro code   0x800'9748     0x158  gpio.o [1]
  .text              ro code   0x800'98a0      0x60  dma.o [1]
  .text              ro code   0x800'9900      0x2c  iwdg.o [1]
  .text              ro code   0x800'992c     0x150  rtc.o [1]
  .text              ro code   0x800'9a7c      0xc8  spi.o [1]
  .text              ro code   0x800'9b44      0xb0  tim.o [1]
  .text              ro code   0x800'9bf4      0x20  DblCmpEq.o [3]
  .text              ro code   0x800'9c14      0x70  frexp.o [3]
  .text              ro code   0x800'9c84      0x2e  DblCmpLe.o [3]
  .text              ro code   0x800'9cb4      0x2e  DblCmpGe.o [3]
  .text              ro code   0x800'9ce4     0x3e8  iar_Exp64.o [3]
  .text              ro code   0x800'a0cc      0x16  strchr.o [4]
  .text              ro code   0x800'a0e4      0x40  xfail_s.o [2]
  .text              ro code   0x800'a124      0x58  memchr.o [4]
  .text              ro code   0x800'a17c     0x13a  ldexp.o [3]
  .text              ro code   0x800'a2b8      0x28  DblToU32.o [3]
  .text              ro code   0x800'a2e0       0x8  xlocale_c.o [2]
  .text              ro code   0x800'a2e8     0x310  user_timer.o [1]
  .text              ro code   0x800'a5f8     0x1dc  user_at_serial.o [1]
  .text              ro code   0x800'a7d4      0x58  user_time.o [1]
  .text              ro code   0x800'a82c     0x144  user_app_rs485.o [1]
  .text              ro code   0x800'a970     0xa88  lcd_display.o [1]
  .text              ro code   0x800'b3f8     0x350  user_tiny_vsnprintf.o [1]
  .text              ro code   0x800'b748      0x38  stm32l4xx_hal_msp.o [1]
  .text              ro code   0x800'b780     0x78e  stm32l4xx_hal_rtc.o [1]
  .text              ro code   0x800'bf10     0x52a  stm32l4xx_hal_spi.o [1]
  .text              ro code   0x800'c43c     0x3ca  stm32l4xx_hal_tim.o [1]
  .text              ro code   0x800'c808      0x7c  stm32l4xx_hal_tim_ex.o [1]
  .text              ro code   0x800'c884       0x6  abort.o [2]
  .text              ro code   0x800'c88a     0x1e6  user_string.o [1]
  .text              ro code   0x800'ca70      0xa4  STM32L4.o [1]
  .text              ro code   0x800'cb14      0xe8  glcd.o [1]
  .text              ro code   0x800'cbfc     0x154  ST7565R.o [1]
  .text              ro code   0x800'cd50     0x290  text_tiny.o [1]
  .text              ro code   0x800'cfe0      0x14  unit_tests.o [1]
  .text              ro code   0x800'cff4    0x1664  button.o [1]
  .text              ro code   0x800'e658      0x38  roundf.o [3]
  .text              ro code   0x800'e690     0x390  text.o [1]
  .text              ro code   0x800'ea20     0x3a8  user_rtc.o [1]
  .text              ro code   0x800'edc8       0x2  stm32l4xx_hal_rtc_ex.o [1]
  .text              ro code   0x800'edca       0x2  stm32l4xx_hal_tim.o [1]
  .text              ro code   0x800'edcc       0x2  stm32l4xx_hal_tim.o [1]
  .text              ro code   0x800'edce       0x2  stm32l4xx_hal_tim.o [1]
  .text              ro code   0x800'edd0       0x2  stm32l4xx_hal_tim_ex.o [1]
  .text              ro code   0x800'edd2       0x2  stm32l4xx_hal_tim_ex.o [1]
  .text              ro code   0x800'edd4       0x2  stm32l4xx_hal_tim.o [1]
  .text              ro code   0x800'edd6       0x2  stm32l4xx_hal_tim_ex.o [1]
  .text              ro code   0x800'edd8      0x14  exit.o [5]
  .text              ro code   0x800'edec      0xf4  graphics.o [1]
  .text              ro code   0x800'eee0      0x48  stm32l4xx_hal_rtc_ex.o [1]
  .rodata            const     0x800'ef28     0x548  lcd_display.o [1]
  .rodata            const     0x800'f470      0x34  user_app_sensor.o [1]
  .rodata            const     0x800'f4a8     0x420  pow64.o [3]
  .rodata            const     0x800'f8c8     0x228  lcd_display.o [1]
  .rodata            const     0x800'faf0     0x214  lcd_display.o [1]
  .rodata            const     0x800'fd04     0x200  unit_tests.o [1]
  .text              ro code   0x800'ff04      0x94  stm32l4xx_it.o [1]
  .text              ro code   0x800'ff98      0x18  stm32l4xx_hal.o [1]
  .text              ro code   0x800'ffb0      0x78  lz77_init_single.o [4]
  .rodata            const     0x801'0028      0x34  user_app_sensor.o [1]
  .rodata            const     0x801'005c      0x34  user_app_sensor.o [1]
  .rodata            const     0x801'0090      0x34  user_app_sensor.o [1]
  .rodata            const     0x801'00c4      0x34  user_app_sensor.o [1]
  .rodata            const     0x801'00f8      0x34  user_app_sensor.o [1]
  .rodata            const     0x801'012c      0x34  user_app_sensor.o [1]
  .rodata            const     0x801'0160      0x30  system_stm32l4xx.o [1]
  .rodata            const     0x801'0190      0x2c  user_rtc.o [1]
  .rodata            const     0x801'01bc      0x28  user_tiny_vsnprintf.o [1]
  .rodata            const     0x801'01e4      0x28  user_tiny_vsnprintf.o [1]
  .text              ro code   0x801'020c      0x28  data_init.o [4]
  .text              ro code   0x801'0234      0x22  fpinit_M.o [3]
  .iar.init_table    const     0x801'0258      0x20  - Linker created -
  .rodata            const     0x801'0278      0x20  user_app_comm.o [1]
  .rodata            const     0x801'0298      0x20  user_rtc.o [1]
  .text              ro code   0x801'02b8      0x1e  cmain.o [4]
  .text              ro code   0x801'02d6       0x4  low_level_init.o [2]
  .text              ro code   0x801'02da       0x4  exit.o [2]
  .text              ro code   0x801'02e0       0xa  cexit.o [4]
  .rodata            const     0x801'02ec      0x1c  user_app_comm.o [1]
  .rodata            const     0x801'0308      0x1c  user_app_comm.o [1]
  .rodata            const     0x801'0324      0x1c  user_app_comm.o [1]
  .rodata            const     0x801'0340      0x1c  user_uart.o [1]
  .rodata            const     0x801'035c      0x18  user_app_comm.o [1]
  .rodata            const     0x801'0374      0x14  lcd_display.o [1]
  .rodata            const     0x801'0388      0x14  lcd_display.o [1]
  .rodata            const     0x801'039c      0x14  user_app_comm.o [1]
  .rodata            const     0x801'03b0      0x14  user_at_serial.o [1]
  .rodata            const     0x801'03c4      0x14  user_at_serial.o [1]
  .rodata            const     0x801'03d8      0x14  user_at_serial.o [1]
  .rodata            const     0x801'03ec      0x14  user_at_serial.o [1]
  .rodata            const     0x801'0400      0x14  user_at_serial.o [1]
  .rodata            const     0x801'0414      0x10  lcd_display.o [1]
  .rodata            const     0x801'0424      0x10  lcd_display.o [1]
  .rodata            const     0x801'0434      0x10  lcd_display.o [1]
  .rodata            const     0x801'0444      0x10  lcd_display.o [1]
  .rodata            const     0x801'0454      0x10  lcd_display.o [1]
  .rodata            const     0x801'0464      0x10  lcd_display.o [1]
  .rodata            const     0x801'0474      0x10  lcd_display.o [1]
  .rodata            const     0x801'0484      0x10  lcd_display.o [1]
  .rodata            const     0x801'0494      0x10  lcd_display.o [1]
  .rodata            const     0x801'04a4      0x10  lcd_display.o [1]
  .rodata            const     0x801'04b4      0x10  system_stm32l4xx.o [1]
  .rodata            const     0x801'04c4      0x10  user_app_sensor.o [1]
  .rodata            const     0x801'04d4      0x10  user_at_serial.o [1]
  .rodata            const     0x801'04e4      0x10  user_at_serial.o [1]
  .rodata            const     0x801'04f4      0x10  user_at_serial.o [1]
  .rodata            const     0x801'0504      0x10  user_at_serial.o [1]
  .rodata            const     0x801'0514      0x10  user_at_serial.o [1]
  .rodata            const     0x801'0524      0x10  user_at_serial.o [1]
  .rodata            const     0x801'0534      0x10  user_at_serial.o [1]
  .rodata            const     0x801'0544      0x10  user_at_serial.o [1]
  .rodata            const     0x801'0554      0x10  user_at_serial.o [1]
  .rodata            const     0x801'0564      0x10  user_at_serial.o [1]
  .rodata            const     0x801'0574      0x10  user_at_serial.o [1]
  .rodata            const     0x801'0584      0x10  user_at_serial.o [1]
  .rodata            const     0x801'0594      0x10  user_at_serial.o [1]
  .rodata            const     0x801'05a4      0x10  user_at_serial.o [1]
  .rodata            const     0x801'05b4      0x10  user_at_serial.o [1]
  .rodata            const     0x801'05c4      0x10  user_at_serial.o [1]
  .rodata            const     0x801'05d4      0x10  user_at_serial.o [1]
  .rodata            const     0x801'05e4      0x10  user_at_serial.o [1]
  .rodata            const     0x801'05f4      0x10  user_at_serial.o [1]
  .rodata            const     0x801'0604      0x10  user_at_serial.o [1]
  .rodata            const     0x801'0614      0x10  user_at_serial.o [1]
  .rodata            const     0x801'0624      0x10  user_at_serial.o [1]
  .rodata            const     0x801'0634      0x10  user_at_serial.o [1]
  .rodata            const     0x801'0644      0x10  user_at_serial.o [1]
  .rodata            const     0x801'0654      0x10  user_at_serial.o [1]
  .rodata            const     0x801'0664      0x10  user_at_serial.o [1]
  .rodata            const     0x801'0674      0x10  user_at_serial.o [1]
  .rodata            const     0x801'0684      0x10  user_at_serial.o [1]
  .rodata            const     0x801'0694      0x10  user_at_serial.o [1]
  .rodata            const     0x801'06a4      0x10  user_at_serial.o [1]
  .rodata            const     0x801'06b4      0x10  user_at_serial.o [1]
  .rodata            const     0x801'06c4      0x10  user_at_serial.o [1]
  .rodata            const     0x801'06d4      0x10  user_at_serial.o [1]
  .rodata            const     0x801'06e4      0x10  user_at_serial.o [1]
  .rodata            const     0x801'06f4      0x10  user_at_serial.o [1]
  .rodata            const     0x801'0704      0x10  user_at_serial.o [1]
  .rodata            const     0x801'0714      0x10  user_at_serial.o [1]
  .text              ro code   0x801'0724      0x10  startup_stm32l433xx.o [1]
  .text              ro code   0x801'0734      0x10  system_stm32l4xx.o [1]
  .rodata            const     0x801'0744       0xc  lcd_display.o [1]
  .rodata            const     0x801'0750       0xc  lcd_display.o [1]
  .rodata            const     0x801'075c       0xc  lcd_display.o [1]
  .rodata            const     0x801'0768       0xc  lcd_display.o [1]
  .rodata            const     0x801'0774       0xc  lcd_display.o [1]
  .rodata            const     0x801'0780       0xc  lcd_display.o [1]
  .rodata            const     0x801'078c       0xc  lcd_display.o [1]
  .rodata            const     0x801'0798       0xc  lcd_display.o [1]
  .rodata            const     0x801'07a4       0xc  lcd_display.o [1]
  .rodata            const     0x801'07b0       0xc  lcd_display.o [1]
  .rodata            const     0x801'07bc       0xc  user_app_comm.o [1]
  .rodata            const     0x801'07c8       0xc  user_app_sensor.o [1]
  .rodata            const     0x801'07d4       0xc  user_at_serial.o [1]
  .rodata            const     0x801'07e0       0xc  user_at_serial.o [1]
  .rodata            const     0x801'07ec       0xc  user_at_serial.o [1]
  .rodata            const     0x801'07f8       0xc  user_at_serial.o [1]
  .rodata            const     0x801'0804       0xc  user_at_serial.o [1]
  .rodata            const     0x801'0810       0xc  user_at_serial.o [1]
  .rodata            const     0x801'081c       0xc  user_at_serial.o [1]
  .rodata            const     0x801'0828       0xc  user_at_serial.o [1]
  .rodata            const     0x801'0834       0xc  user_at_serial.o [1]
  .rodata            const     0x801'0840       0xc  user_at_serial.o [1]
  .rodata            const     0x801'084c       0xc  user_at_serial.o [1]
  .rodata            const     0x801'0858       0xc  user_at_serial.o [1]
  .rodata            const     0x801'0864       0xc  user_at_serial.o [1]
  .rodata            const     0x801'0870       0xc  user_at_serial.o [1]
  .rodata            const     0x801'087c       0xc  user_at_serial.o [1]
  .rodata            const     0x801'0888       0xc  user_at_serial.o [1]
  .rodata            const     0x801'0894       0xc  user_at_serial.o [1]
  .rodata            const     0x801'08a0       0xc  user_at_serial.o [1]
  .rodata            const     0x801'08ac       0xc  user_at_serial.o [1]
  .rodata            const     0x801'08b8       0xc  user_at_serial.o [1]
  .rodata            const     0x801'08c4       0xc  user_at_serial.o [1]
  .rodata            const     0x801'08d0       0xc  user_at_serial.o [1]
  .rodata            const     0x801'08dc       0xc  user_at_serial.o [1]
  .rodata            const     0x801'08e8       0xc  user_at_serial.o [1]
  .rodata            const     0x801'08f4       0xc  user_at_serial.o [1]
  .rodata            const     0x801'0900       0xc  user_at_serial.o [1]
  .rodata            const     0x801'090c       0xc  user_at_serial.o [1]
  .rodata            const     0x801'0918       0xc  user_at_serial.o [1]
  .rodata            const     0x801'0924       0xc  user_rtc.o [1]
  .rodata            const     0x801'0930       0xc  user_rtc.o [1]
  .text              ro code   0x801'093c       0xc  cstartup_M.o [4]
  .rodata            const     0x801'0948       0x8  lcd_display.o [1]
  .rodata            const     0x801'0950       0x8  lcd_display.o [1]
  .rodata            const     0x801'0958       0x8  lcd_display.o [1]
  .rodata            const     0x801'0960       0x8  lcd_display.o [1]
  .rodata            const     0x801'0968       0x8  lcd_display.o [1]
  .rodata            const     0x801'0970       0x8  lcd_display.o [1]
  .rodata            const     0x801'0978       0x8  lcd_display.o [1]
  .rodata            const     0x801'0980       0x8  lcd_display.o [1]
  .rodata            const     0x801'0988       0x8  lcd_display.o [1]
  .rodata            const     0x801'0990       0x8  lcd_display.o [1]
  .rodata            const     0x801'0998       0x8  lcd_display.o [1]
  .rodata            const     0x801'09a0       0x8  system_stm32l4xx.o [1]
  .rodata            const     0x801'09a8       0x8  user_app_modbus_rtu.o [1]
  .rodata            const     0x801'09b0       0x8  user_app_modbus_rtu.o [1]
  .rodata            const     0x801'09b8       0x8  user_app_sensor.o [1]
  .rodata            const     0x801'09c0       0x8  user_app_sensor.o [1]
  .rodata            const     0x801'09c8       0x8  user_app_sensor.o [1]
  .rodata            const     0x801'09d0       0x8  user_app_sensor.o [1]
  .rodata            const     0x801'09d8       0x8  user_app_sensor.o [1]
  .rodata            const     0x801'09e0       0x8  user_app_sensor.o [1]
  .rodata            const     0x801'09e8       0x8  user_app_sensor.o [1]
  .rodata            const     0x801'09f0       0x8  user_app_sensor.o [1]
  .rodata            const     0x801'09f8       0x8  user_app_sensor.o [1]
  .rodata            const     0x801'0a00       0x8  user_at_serial.o [1]
  .rodata            const     0x801'0a08       0x8  user_at_serial.o [1]
  .rodata            const     0x801'0a10       0x8  user_at_serial.o [1]
  .rodata            const     0x801'0a18       0x8  user_at_serial.o [1]
  .rodata            const     0x801'0a20       0x8  user_at_serial.o [1]
  .rodata            const     0x801'0a28       0x8  user_tiny_vsnprintf.o [1]
  .rodata            const     0x801'0a30       0x8  user_util.o [1]
  .rodata            const     0x801'0a38       0x8  xprintffull_nomb.o [2]
  .rodata            const     0x801'0a40       0x4  lcd_display.o [1]
  .rodata            const     0x801'0a44       0x4  lcd_display.o [1]
  .text              ro code   0x801'0a48       0x4  startup_stm32l433xx.o [1]
  .text              ro code   0x801'0a4c       0x4  startup_stm32l433xx.o [1]
  .text              ro code   0x801'0a50       0x4  startup_stm32l433xx.o [1]
  .text              ro code   0x801'0a54       0x4  startup_stm32l433xx.o [1]
  .text              ro code   0x801'0a58       0x4  startup_stm32l433xx.o [1]
  .text              ro code   0x801'0a5c       0x4  startup_stm32l433xx.o [1]
  .text              ro code   0x801'0a60       0x4  startup_stm32l433xx.o [1]
  .text              ro code   0x801'0a64       0x4  startup_stm32l433xx.o [1]
  .text              ro code   0x801'0a68       0x4  startup_stm32l433xx.o [1]
  .text              ro code   0x801'0a6c       0x4  startup_stm32l433xx.o [1]
  .text              ro code   0x801'0a70       0x4  startup_stm32l433xx.o [1]
  .text              ro code   0x801'0a74       0x4  startup_stm32l433xx.o [1]
  .text              ro code   0x801'0a78       0x4  startup_stm32l433xx.o [1]
  .text              ro code   0x801'0a7c       0x4  startup_stm32l433xx.o [1]
  .text              ro code   0x801'0a80       0x4  startup_stm32l433xx.o [1]
  .text              ro code   0x801'0a84       0x4  startup_stm32l433xx.o [1]
  .text              ro code   0x801'0a88       0x4  startup_stm32l433xx.o [1]
  .text              ro code   0x801'0a8c       0x4  startup_stm32l433xx.o [1]
  .text              ro code   0x801'0a90       0x4  startup_stm32l433xx.o [1]
  .text              ro code   0x801'0a94       0x4  startup_stm32l433xx.o [1]
  .text              ro code   0x801'0a98       0x4  startup_stm32l433xx.o [1]
  .text              ro code   0x801'0a9c       0x4  startup_stm32l433xx.o [1]
  .text              ro code   0x801'0aa0       0x4  startup_stm32l433xx.o [1]
  .text              ro code   0x801'0aa4       0x4  startup_stm32l433xx.o [1]
  .text              ro code   0x801'0aa8       0x4  startup_stm32l433xx.o [1]
  .text              ro code   0x801'0aac       0x4  startup_stm32l433xx.o [1]
  .text              ro code   0x801'0ab0       0x4  startup_stm32l433xx.o [1]
  .text              ro code   0x801'0ab4       0x4  startup_stm32l433xx.o [1]
  .text              ro code   0x801'0ab8       0x4  startup_stm32l433xx.o [1]
  .text              ro code   0x801'0abc       0x4  startup_stm32l433xx.o [1]
  .text              ro code   0x801'0ac0       0x4  startup_stm32l433xx.o [1]
  .text              ro code   0x801'0ac4       0x4  startup_stm32l433xx.o [1]
  .text              ro code   0x801'0ac8       0x4  startup_stm32l433xx.o [1]
  .text              ro code   0x801'0acc       0x4  startup_stm32l433xx.o [1]
  .text              ro code   0x801'0ad0       0x4  startup_stm32l433xx.o [1]
  .text              ro code   0x801'0ad4       0x4  startup_stm32l433xx.o [1]
  .text              ro code   0x801'0ad8       0x4  startup_stm32l433xx.o [1]
  .text              ro code   0x801'0adc       0x4  startup_stm32l433xx.o [1]
  .text              ro code   0x801'0ae0       0x4  startup_stm32l433xx.o [1]
  .text              ro code   0x801'0ae4       0x4  startup_stm32l433xx.o [1]
  .text              ro code   0x801'0ae8       0x4  startup_stm32l433xx.o [1]
  .text              ro code   0x801'0aec       0x4  startup_stm32l433xx.o [1]
  .text              ro code   0x801'0af0       0x4  startup_stm32l433xx.o [1]
  .text              ro code   0x801'0af4       0x4  startup_stm32l433xx.o [1]
  .text              ro code   0x801'0af8       0x4  startup_stm32l433xx.o [1]
  .text              ro code   0x801'0afc       0x4  startup_stm32l433xx.o [1]
  .text              ro code   0x801'0b00       0x4  startup_stm32l433xx.o [1]
  .text              ro code   0x801'0b04       0x4  startup_stm32l433xx.o [1]
  .text              ro code   0x801'0b08       0x4  startup_stm32l433xx.o [1]
  .text              ro code   0x801'0b0c       0x4  startup_stm32l433xx.o [1]
  .text              ro code   0x801'0b10       0x4  startup_stm32l433xx.o [1]
  .text              ro code   0x801'0b14       0x4  startup_stm32l433xx.o [1]
  .text              ro code   0x801'0b18       0x4  startup_stm32l433xx.o [1]
  .text              ro code   0x801'0b1c       0x4  startup_stm32l433xx.o [1]
  .text              ro code   0x801'0b20       0x4  startup_stm32l433xx.o [1]
  .text              ro code   0x801'0b24       0x4  startup_stm32l433xx.o [1]
  .text              ro code   0x801'0b28       0x4  startup_stm32l433xx.o [1]
  .text              ro code   0x801'0b2c       0x4  startup_stm32l433xx.o [1]
  .rodata            const     0x801'0b30       0x0  zero_init3.o [4]
  .rodata            const     0x801'0b30       0x0  lz77_init_single.o [4]
  Initializer bytes  const     0x801'0b30     0x5a4  <for P2-1>
                             - 0x801'10d4  0x1'0f48

"P2", part 1 of 3:                            0xc9f
  P2-1                        0x2000'0000     0xc9f  <Init block>
    .data            inited   0x2000'0000       0xc  button.o [1]
    .data            inited   0x2000'000c      0x60  lcd_display.o [1]
    .data            inited   0x2000'006c       0x8  lcd_display.o [1]
    .data            inited   0x2000'0074       0x4  lcd_display.o [1]
    .data            inited   0x2000'0078      0x10  lcd_display.o [1]
    .data            inited   0x2000'0088      0x10  lcd_display.o [1]
    .data            inited   0x2000'0098      0x10  lcd_display.o [1]
    .data            inited   0x2000'00a8      0x10  lcd_display.o [1]
    .data            inited   0x2000'00b8      0x10  lcd_display.o [1]
    .data            inited   0x2000'00c8       0x8  lcd_display.o [1]
    .data            inited   0x2000'00d0       0x8  lcd_display.o [1]
    .data            inited   0x2000'00d8     0x3c0  lcd_display.o [1]
    .data            inited   0x2000'0498       0x4  stm32l4xx_hal.o [1]
    .data            inited   0x2000'049c      0x20  stm32l4xx_hal_flash.o [1]
    .data            inited   0x2000'04bc       0x4  system_stm32l4xx.o [1]
    .data            inited   0x2000'04c0      0x70  user_app_comm.o [1]
    .data            inited   0x2000'0530       0x8  user_app_comm.o [1]
    .data            inited   0x2000'0538       0x8  user_app_comm.o [1]
    .data            inited   0x2000'0540     0x17c  user_app_modbus_rtu.o [1]
    .data            inited   0x2000'06bc      0x2c  user_app_modbus_rtu.o [1]
    .data            inited   0x2000'06e8       0x4  user_app_modbus_rtu.o [1]
    .data            inited   0x2000'06ec       0x8  user_app_modbus_rtu.o [1]
    .data            inited   0x2000'06f4      0x40  user_app_rs485.o [1]
    .data            inited   0x2000'0734      0x70  user_app_sensor.o [1]
    .data            inited   0x2000'07a4       0x8  user_at_serial.o [1]
    .data            inited   0x2000'07ac     0x4a0  user_at_serial.o [1]
    .data            inited   0x2000'0c4c       0x8  user_connect_sensor.o [1]
    .data            inited   0x2000'0c54       0x8  user_rs485.o [1]
    .data            inited   0x2000'0c5c       0x4  user_tiny_vsnprintf.o [1]
    .data            inited   0x2000'0c60       0x4  user_tiny_vsnprintf.o [1]
    .data            inited   0x2000'0c64      0x38  xlocale_c.o [2]
    .data            inited   0x2000'0c9c       0x1  lcd_display.o [1]
    .data            inited   0x2000'0c9d       0x1  stm32l4xx_hal.o [1]
    .data            inited   0x2000'0c9e       0x1  user_util.o [1]
                            - 0x2000'0c9f     0xc9f

"P2", part 2 of 3:                           0x1b14
  .bss               zero     0x2000'0ca0     0x4b0  user_app_comm.o [1]
  .bss               zero     0x2000'1150     0x400  user_adv_trace.o [1]
  .bss               zero     0x2000'1550     0x200  glcd.o [1]
  .bss               zero     0x2000'1750     0x200  user_adv_trace.o [1]
  .bss               zero     0x2000'1950     0x200  user_connect_sensor.o [1]
  .bss               zero     0x2000'1b50     0x200  user_rs485.o [1]
  .bss               zero     0x2000'1d50     0x1e0  lcd_display.o [1]
  .bss               zero     0x2000'1f30      0x88  usart.o [1]
  .bss               zero     0x2000'1fb8      0x88  usart.o [1]
  .bss               zero     0x2000'2040      0x88  usart.o [1]
  .bss               zero     0x2000'20c8      0x80  user_app_modbus_rtu.o [1]
  .bss               zero     0x2000'2148      0x80  user_app_modbus_rtu.o [1]
  .bss               zero     0x2000'21c8      0x80  user_app_modbus_rtu.o [1]
  .bss               zero     0x2000'2248      0x80  user_at_serial.o [1]
  .bss               zero     0x2000'22c8      0x80  user_at_serial.o [1]
  .bss               zero     0x2000'2348      0x78  lcd_display.o [1]
  .bss               zero     0x2000'23c0      0x64  spi.o [1]
  .bss               zero     0x2000'2424      0x64  user_app_comm.o [1]
  .bss               zero     0x2000'2488      0x4c  tim.o [1]
  .bss               zero     0x2000'24d4      0x48  usart.o [1]
  .bss               zero     0x2000'251c      0x48  usart.o [1]
  .bss               zero     0x2000'2564      0x48  usart.o [1]
  .bss               zero     0x2000'25ac      0x40  lcd_display.o [1]
  .bss               zero     0x2000'25ec      0x38  user_app_sensor.o [1]
  .bss               zero     0x2000'2624      0x2c  user_rtc.o [1]
  .bss               zero     0x2000'2650      0x24  rtc.o [1]
  .bss               zero     0x2000'2674      0x20  user_app_sensor.o [1]
  .bss               zero     0x2000'2694      0x1c  user_rtc.o [1]
  .bss               zero     0x2000'26b0      0x18  button.o [1]
  .bss               zero     0x2000'26c8      0x18  user_adv_trace.o [1]
  .bss               zero     0x2000'26e0      0x18  user_app_comm.o [1]
  .bss               zero     0x2000'26f8      0x14  dac.o [1]
  .bss               zero     0x2000'270c      0x10  iwdg.o [1]
  .bss               zero     0x2000'271c      0x10  lcd_display.o [1]
  .bss               zero     0x2000'272c       0xc  text.o [1]
  .bss               zero     0x2000'2738       0xc  user_app_sensor.o [1]
  .bss               zero     0x2000'2744       0xc  user_util.o [1]
  .bss               zero     0x2000'2750       0x8  user_app_sensor.o [1]
  .bss               zero     0x2000'2758       0x4  button.o [1]
  .bss               zero     0x2000'275c       0x4  glcd.o [1]
  .bss               zero     0x2000'2760       0x4  glcd.o [1]
  .bss               zero     0x2000'2764       0x4  glcd.o [1]
  .bss               zero     0x2000'2768       0x4  lcd_display.o [1]
  .bss               zero     0x2000'276c       0x4  lcd_display.o [1]
  .bss               zero     0x2000'2770       0x4  stm32l4xx_hal.o [1]
  .bss               zero     0x2000'2774       0x4  user_app_comm.o [1]
  .bss               zero     0x2000'2778       0x4  user_app_sensor.o [1]
  .bss               zero     0x2000'277c       0x4  user_app_sensor.o [1]
  .bss               zero     0x2000'2780       0x4  user_app_sensor.o [1]
  .bss               zero     0x2000'2784       0x4  user_rtc.o [1]
  .bss               zero     0x2000'2788       0x4  user_timer.o [1]
  .bss               zero     0x2000'278c       0x4  user_util.o [1]
  .bss               zero     0x2000'2790       0x4  user_util.o [1]
  .bss               zero     0x2000'2794       0x4  user_util.o [1]
  .bss               zero     0x2000'2798       0x4  xfail_s.o [2]
  .bss               zero     0x2000'279c       0x2  lcd_display.o [1]
  .bss               zero     0x2000'279e       0x2  user_app_comm.o [1]
  .bss               zero     0x2000'27a0       0x2  user_app_comm.o [1]
  .bss               zero     0x2000'27a2       0x2  user_uart.o [1]
  .bss               zero     0x2000'27a4       0x1  button.o [1]
  .bss               zero     0x2000'27a5       0x1  lcd_display.o [1]
  .bss               zero     0x2000'27a6       0x1  lcd_display.o [1]
  .bss               zero     0x2000'27a7       0x1  lcd_display.o [1]
  .bss               zero     0x2000'27a8       0x1  user_app_comm.o [1]
  .bss               zero     0x2000'27a9       0x1  user_app_rs485.o [1]
  .bss               zero     0x2000'27aa       0x1  user_at_serial.o [1]
  .bss               zero     0x2000'27ab       0x1  user_connect_sensor.o [1]
  .bss               zero     0x2000'27ac       0x1  user_connect_sensor.o [1]
  .bss               zero     0x2000'27ad       0x1  user_rs485.o [1]
  .bss               zero     0x2000'27ae       0x1  user_rs485.o [1]
  .bss               zero     0x2000'27af       0x1  user_rtc.o [1]
  .bss               zero     0x2000'27b0       0x1  user_uart.o [1]
                            - 0x2000'27b1    0x1b11

"P2", part 3 of 3:                            0x400
  CSTACK                      0x2000'27b8     0x400  <Block>
    CSTACK           uninit   0x2000'27b8     0x400  <Block tail>
                            - 0x2000'2bb8     0x400

Unused ranges:

         From           To      Size
         ----           --      ----
   0x801'10d4   0x803'ffff  0x2'ef2c
  0x2000'0c9f  0x2000'0c9f       0x1
  0x2000'27b4  0x2000'27b7       0x4
  0x2000'2bb8  0x2000'ffff    0xd448


*******************************************************************************
*** INIT TABLE
***

          Address      Size
          -------      ----
Zero (__iar_zero_init3)
    1 destination range, total size 0x1b11:
          0x2000'0ca0  0x1b11

Copy/lz77 (__iar_lz77_init_single3)
    1 source range, total size 0x5a4 (44% of destination):
           0x801'0b30   0x5a4
    1 destination range, total size 0xc9f:
          0x2000'0000   0xc9f



*******************************************************************************
*** MODULE SUMMARY
***

    Module                    ro code  ro data  rw data
    ------                    -------  -------  -------
command line/config:
    ---------------------------------------------------
    Total:

D:\Saoviet_Git\Saoviet_Slave_Level_Ultrasonic\Project_Slave_Level_Ultra\EWARM\Project_Slave_Level_Ultra\Obj: [1]
    ST7565R.o                     340
    STM32L4.o                     164
    button.o                    5'732        5       41
    dac.o                         184                20
    dma.o                          96
    event_driven.o                 66
    glcd.o                        232               524
    gpio.o                        344
    graphics.o                    244
    iwdg.o                         44                16
    lcd_display.o               2'696    3'373    1'858
    main.o                        206
    onchipflash.o                 370
    rtc.o                         336                36
    spi.o                         200               100
    startup_stm32l433xx.o         644
    stm32l4xx_hal.o               208        2        9
    stm32l4xx_hal_cortex.o        404
    stm32l4xx_hal_dac.o           612
    stm32l4xx_hal_dma.o         1'062
    stm32l4xx_hal_flash.o         440       14       32
    stm32l4xx_hal_flash_ex.o      160
    stm32l4xx_hal_gpio.o          896
    stm32l4xx_hal_iwdg.o          128
    stm32l4xx_hal_msp.o            56
    stm32l4xx_hal_pwr_ex.o        148
    stm32l4xx_hal_rcc.o         2'556
    stm32l4xx_hal_rcc_ex.o      1'256
    stm32l4xx_hal_rtc.o         1'934
    stm32l4xx_hal_rtc_ex.o         74
    stm32l4xx_hal_spi.o         1'322
    stm32l4xx_hal_tim.o           978
    stm32l4xx_hal_tim_ex.o        130
    stm32l4xx_hal_uart.o        4'224
    stm32l4xx_hal_uart_ex.o       114
    stm32l4xx_it.o                148
    system_stm32l4xx.o             16       74        4
    text.o                        912                12
    text_tiny.o                   656
    tim.o                         176                76
    unit_tests.o                   20      512
    usart.o                       928               624
    user_adv_trace.o              570             1'560
    user_app_comm.o             1'268      229    1'461
    user_app_modbus_rtu.o       4'248      211      820
    user_app_rs485.o              324       29       65
    user_app_sensor.o           6'952      514      232
    user_at_serial.o              476    1'600    1'449
    user_connect_sensor.o         112        4      522
    user_convert_variable.o     1'036
    user_modbus_rtu.o             460
    user_rs485.o                  112        4      522
    user_rtc.o                    936      100       77
    user_string.o                 486
    user_time.o                    88
    user_timer.o                  784                 4
    user_tiny_vsnprintf.o         848       91        8
    user_uart.o                   296       28        3
    user_util.o                   540        9       25
    ---------------------------------------------------
    Total:                     50'992    6'799   10'100

dl7M_tlf.a: [2]
    abort.o                         6
    exit.o                          4
    low_level_init.o                4
    sprintf.o                      64
    xfail_s.o                      64                 4
    xlocale_c.o                     8       28       56
    xprintffull_nomb.o          4'038        8
    xsprout.o                      10
    ---------------------------------------------------
    Total:                      4'198       36       60

m7M_tls.a: [3]
    DblAdd.o                      378
    DblCmpEq.o                     32
    DblCmpGe.o                     46
    DblCmpLe.o                     46
    DblDiv.o                      582
    DblMul.o                      418
    DblSub.o                      226
    DblToFlt.o                    104
    DblToS32.o                     58
    DblToU32.o                     40
    FltToDbl.o                     72
    S32ToDbl.o                     34
    U32ToDbl.o                     26
    fpinit_M.o                     34
    frexp.o                       112
    iar_Exp64.o                 1'000
    ldexp.o                       314
    math_wrappers64.o              22
    pow64.o                     1'772    1'056
    roundf.o                       56
    ---------------------------------------------------
    Total:                      5'372    1'056

rt7M_tl.a: [4]
    ABImemcpy.o                   166
    ABImemset.o                   102
    I64DivMod.o                   560
    I64DivZer.o                     2
    cexit.o                        10
    cmain.o                        30
    cstartup_M.o                   12
    data_init.o                    40
    lz77_init_single.o            120
    memchr.o                       88
    memset.o                       20
    strchr.o                       22
    strlen.o                       54
    zero_init3.o                   58
    ---------------------------------------------------
    Total:                      1'284

shb_l.a: [5]
    exit.o                         20
    ---------------------------------------------------
    Total:                         20

    Gaps                           47        8
    Linker created                          32    1'024
-------------------------------------------------------
    Grand Total:               61'913    7'931   11'184


*******************************************************************************
*** ENTRY LIST
***

Entry                       Address   Size  Type      Object
-----                       -------   ----  ----      ------
.iar.init_table$$Base    0x801'0258          --   Gb  - Linker created -
.iar.init_table$$Limit   0x801'0278          --   Gb  - Linker created -
?main                    0x801'02b9         Code  Gb  cmain.o [4]
ADV_TRACE_Buffer        0x2000'1150  0x400  Data  Lc  user_adv_trace.o [1]
ADV_TRACE_Ctx           0x2000'26c8   0x18  Data  Lc  user_adv_trace.o [1]
AHBPrescTable            0x801'04b4   0x10  Data  Gb  system_stm32l4xx.o [1]
APBPrescTable            0x801'09a0    0x8  Data  Gb  system_stm32l4xx.o [1]
AT_CMD_Get_BR_Slave      0x800'1515   0x5a  Code  Gb  user_app_sensor.o [1]
AT_CMD_Get_Current_Out   0x800'1aa5   0x64  Code  Gb  user_app_sensor.o [1]
AT_CMD_Get_ID_Slave      0x800'1401   0x5a  Code  Gb  user_app_sensor.o [1]
AT_CMD_Get_State_Clb_DAC
                         0x800'1635   0x5a  Code  Gb  user_app_sensor.o [1]
AT_CMD_Get_Value_Clb_DAC
                         0x800'172d   0x5a  Code  Gb  user_app_sensor.o [1]
AT_CMD_Get_Value_DAC_20mA
                         0x800'1975   0x52  Code  Gb  user_app_sensor.o [1]
AT_CMD_Get_Value_DAC_4mA
                         0x800'182d   0x5a  Code  Gb  user_app_sensor.o [1]
AT_CMD_Reset_Slave       0x800'12fd   0x50  Code  Gb  user_app_sensor.o [1]
AT_CMD_Restore_Slave     0x800'1369   0x8a  Code  Gb  user_app_sensor.o [1]
AT_CMD_Set_BR_Slave      0x800'1585   0xa2  Code  Gb  user_app_sensor.o [1]
AT_CMD_Set_ID_Slave      0x800'1471   0xa4  Code  Gb  user_app_sensor.o [1]
AT_CMD_Set_State_Clb_DAC
                         0x800'1695   0x98  Code  Gb  user_app_sensor.o [1]
AT_CMD_Set_Value_Clb_DAC
                         0x800'178d   0x9a  Code  Gb  user_app_sensor.o [1]
AT_CMD_Set_Value_DAC_20mA
                         0x800'1a05   0x96  Code  Gb  user_app_sensor.o [1]
AT_CMD_Set_Value_DAC_4mA
                         0x800'18bd   0x96  Code  Gb  user_app_sensor.o [1]
AppComm_DBG_Init_RX_Mode
                         0x800'9135   0x32  Code  Gb  user_app_comm.o [1]
AppComm_DBG_Init_Uart    0x800'912d    0x8  Code  Gb  user_app_comm.o [1]
AppComm_DBG_Rx_Callback
                         0x800'9175  0x176  Code  Gb  user_app_comm.o [1]
AppComm_DBG_Stop_RX_Mode
                         0x800'9167    0xa  Code  Gb  user_app_comm.o [1]
AppComm_Get_Reset_Source
                         0x800'90f5   0x38  Code  Gb  user_app_comm.o [1]
AppComm_IRQ_Timer_CallBack
                         0x800'90b5    0xc  Code  Gb  user_app_comm.o [1]
AppComm_Init             0x800'8ff3   0x20  Code  Gb  user_app_comm.o [1]
AppComm_Set_Next_TxTimer
                         0x800'90db    0x2  Code  Gb  user_app_comm.o [1]
AppComm_Task             0x800'9013   0xa0  Code  Gb  user_app_comm.o [1]
AppComm_Uart_Debug_Send
                         0x800'90dd   0x18  Code  Lc  user_app_comm.o [1]
AppRs485_Task            0x800'a8d1   0x84  Code  Gb  user_app_rs485.o [1]
AppSensor_Task           0x800'1b85   0x84  Code  Gb  user_app_sensor.o [1]
BUTTON_Down_Process      0x800'ddd5  0x310  Code  Gb  button.o [1]
BUTTON_ESC_Process       0x800'e105  0x51e  Code  Gb  button.o [1]
BUTTON_Enter_Process     0x800'd125  0x964  Code  Gb  button.o [1]
BUTTON_Process           0x800'cff5   0x34  Code  Gb  button.o [1]
BUTTON_Up_Process        0x800'daad  0x31c  Code  Gb  button.o [1]
BUTTON_scan              0x800'd029   0xfc  Code  Gb  button.o [1]
BUTTON_scan::hold       0x2000'2758    0x4  Data  Lc  button.o [1]
BUTTON_scan::last_value
                        0x2000'27a4    0x1  Data  Lc  button.o [1]
BusFault_Handler         0x800'ff0b    0x2  Code  Gb  stm32l4xx_it.o [1]
CSTACK$$Base            0x2000'27b8          --   Gb  - Linker created -
CSTACK$$Limit           0x2000'2bb8          --   Gb  - Linker created -
Cal_CalibPlus            0x800'0fe9  0x30e  Code  Gb  user_app_sensor.o [1]
Cal_Line_AandB           0x800'0f4d   0x3c  Code  Gb  user_app_sensor.o [1]
Cal_Time                 0x800'1f43   0x12  Code  Gb  user_util.o [1]
Calculator_Scale         0x800'267d   0x54  Code  Gb  user_convert_variable.o [1]
CheckList_AT_CONFIG     0x2000'07ac  0x4a0  Data  Gb  user_at_serial.o [1]
Check_Time_Out           0x800'1f25   0x1e  Code  Gb  user_util.o [1]
Convert_Point_Int_To_String
                         0x800'26d1   0xce  Code  Gb  user_convert_variable.o [1]
Convert_Point_Int_To_String_Scale
                         0x800'279f   0xea  Code  Gb  user_convert_variable.o [1]
Convert_Scale            0x800'2095   0x5c  Code  Gb  user_util.o [1]
Convert_String_To_Dec    0x800'29f9   0x5c  Code  Gb  user_convert_variable.o [1]
Convert_uint32Hex_To_Float
                         0x800'28b5  0x144  Code  Gb  user_convert_variable.o [1]
DMA1_Channel3_IRQHandler
                         0x800'ff25    0xa  Code  Gb  stm32l4xx_it.o [1]
DMA1_Channel6_IRQHandler
                         0x800'ff2f    0xa  Code  Gb  stm32l4xx_it.o [1]
DMA2_Channel7_IRQHandler
                         0x800'ff6b    0xa  Code  Gb  stm32l4xx_it.o [1]
DMA_SetConfig            0x800'64a9   0x32  Code  Lc  stm32l4xx_hal_dma.o [1]
DaysInMonth              0x801'0924    0xc  Data  Lc  user_rtc.o [1]
DaysInMonthLeapYear      0x801'0930    0xc  Data  Lc  user_rtc.o [1]
DebugMon_Handler         0x800'ff11    0x2  Code  Gb  stm32l4xx_it.o [1]
Deinit_LCD12864          0x800'b319   0x3a  Code  Gb  lcd_display.o [1]
Display_Check_Password   0x800'b28b   0x2e  Code  Gb  lcd_display.o [1]
Display_Check_Toggle     0x800'b11d   0xac  Code  Gb  lcd_display.o [1]
Display_Check_Toggle::Hide
                        0x2000'2348   0x78  Data  Lc  lcd_display.o [1]
Display_Check_Toggle::LandMarkToggle_u32
                        0x2000'1d50  0x1e0  Data  Lc  lcd_display.o [1]
Display_Init             0x800'a971   0xbc  Code  Gb  lcd_display.o [1]
Display_Set_Screen       0x800'b255   0x36  Code  Gb  lcd_display.o [1]
Display_Set_Screen_Flag
                         0x800'b20f   0x46  Code  Gb  lcd_display.o [1]
Display_Show_Oject       0x800'aded  0x330  Code  Gb  lcd_display.o [1]
Display_Show_Screen      0x800'b1c9   0x46  Code  Gb  lcd_display.o [1]
Display_Show_State_Setting
                         0x800'b2b9   0x5c  Code  Gb  lcd_display.o [1]
Display_Task             0x800'aa2d   0x7e  Code  Gb  lcd_display.o [1]
Error_Handler            0x800'72eb    0x4  Code  Gb  main.o [1]
FLASH_FlushCaches        0x800'5753   0x6a  Code  Gb  stm32l4xx_hal_flash_ex.o [1]
FLASH_PageErase          0x800'5729   0x2a  Code  Gb  stm32l4xx_hal_flash_ex.o [1]
FLASH_Program_DoubleWord
                         0x800'56b7   0x1a  Code  Lc  stm32l4xx_hal_flash.o [1]
FLASH_Program_Fast       0x800'56d1   0x32  Code  Lc  stm32l4xx_hal_flash.o [1]
FLASH_WaitForLastOperation
                         0x800'5651   0x66  Code  Gb  stm32l4xx_hal_flash.o [1]
Find_String_V2           0x800'c88b  0x130  Code  Gb  user_string.o [1]
Find_str_fix             0x800'c9dd   0x94  Code  Gb  user_string.o [1]
Font5x7                  0x800'faf0  0x214  Data  Lc  lcd_display.o [1]
Get_RTC                  0x800'a7d5   0x4e  Code  Gb  user_time.o [1]
HAL_DAC_ConfigChannel    0x800'1d7f  0x19a  Code  Gb  stm32l4xx_hal_dac.o [1]
HAL_DAC_Init             0x800'1cb5   0x2c  Code  Gb  stm32l4xx_hal_dac.o [1]
HAL_DAC_MspInit          0x800'4e75   0x5a  Code  Gb  dac.o [1]
HAL_DAC_SetValue         0x800'1d4f   0x30  Code  Gb  stm32l4xx_hal_dac.o [1]
HAL_DAC_Start            0x800'1ce1   0x6e  Code  Gb  stm32l4xx_hal_dac.o [1]
HAL_DMA_Abort            0x800'6301   0x54  Code  Gb  stm32l4xx_hal_dma.o [1]
HAL_DMA_Abort_IT         0x800'6355   0x5e  Code  Gb  stm32l4xx_hal_dma.o [1]
HAL_DMA_DeInit           0x800'6195   0xb8  Code  Gb  stm32l4xx_hal_dma.o [1]
HAL_DMA_GetError         0x800'64a5    0x4  Code  Gb  stm32l4xx_hal_dma.o [1]
HAL_DMA_IRQHandler       0x800'63b3   0xf2  Code  Gb  stm32l4xx_hal_dma.o [1]
HAL_DMA_Init             0x800'60b5   0xe0  Code  Gb  stm32l4xx_hal_dma.o [1]
HAL_DMA_Start_IT         0x800'6269   0x98  Code  Gb  stm32l4xx_hal_dma.o [1]
HAL_Delay                0x800'4ee1   0x28  Code  Wk  stm32l4xx_hal.o [1]
HAL_FLASH_Lock           0x800'5643    0xe  Code  Gb  stm32l4xx_hal_flash.o [1]
HAL_FLASH_Program        0x800'5571   0xb0  Code  Gb  stm32l4xx_hal_flash.o [1]
HAL_FLASH_Unlock         0x800'5621   0x22  Code  Gb  stm32l4xx_hal_flash.o [1]
HAL_GPIO_DeInit          0x800'598b  0x166  Code  Gb  stm32l4xx_hal_gpio.o [1]
HAL_GPIO_Init            0x800'57c9  0x1c2  Code  Gb  stm32l4xx_hal_gpio.o [1]
HAL_GPIO_ReadPin         0x800'5af1   0x16  Code  Gb  stm32l4xx_hal_gpio.o [1]
HAL_GPIO_WritePin        0x800'5b07   0x18  Code  Gb  stm32l4xx_hal_gpio.o [1]
HAL_GetTick              0x800'1f19    0xc  Code  Wk  stm32l4xx_hal.o [1]
HAL_IWDG_Init            0x800'2595   0x72  Code  Gb  stm32l4xx_hal_iwdg.o [1]
HAL_IWDG_Refresh         0x800'2607    0xe  Code  Gb  stm32l4xx_hal_iwdg.o [1]
HAL_IncTick              0x800'ff99   0x18  Code  Wk  stm32l4xx_hal.o [1]
HAL_Init                 0x800'9725   0x24  Code  Gb  stm32l4xx_hal.o [1]
HAL_InitTick             0x800'9631   0x60  Code  Wk  stm32l4xx_hal.o [1]
HAL_MspInit              0x800'b749   0x38  Code  Gb  stm32l4xx_hal_msp.o [1]
HAL_NVIC_DisableIRQ      0x800'71cf    0xe  Code  Gb  stm32l4xx_hal_cortex.o [1]
HAL_NVIC_EnableIRQ       0x800'71c1    0xe  Code  Gb  stm32l4xx_hal_cortex.o [1]
HAL_NVIC_SetPriority     0x800'7197   0x2a  Code  Gb  stm32l4xx_hal_cortex.o [1]
HAL_NVIC_SetPriorityGrouping
                         0x800'718b    0xc  Code  Gb  stm32l4xx_hal_cortex.o [1]
HAL_PWREx_ControlVoltageScaling
                         0x800'969d   0x76  Code  Gb  stm32l4xx_hal_pwr_ex.o [1]
HAL_PWREx_GetVoltageRange
                         0x800'9691    0xc  Code  Gb  stm32l4xx_hal_pwr_ex.o [1]
HAL_RCCEx_PeriphCLKConfig
                         0x800'89a9  0x34c  Code  Gb  stm32l4xx_hal_rcc_ex.o [1]
HAL_RCC_ClockConfig      0x800'6d01  0x17a  Code  Gb  stm32l4xx_hal_rcc.o [1]
HAL_RCC_GetHCLKFreq      0x800'6f4f    0x6  Code  Gb  stm32l4xx_hal_rcc.o [1]
HAL_RCC_GetPCLK1Freq     0x800'6f55   0x1a  Code  Gb  stm32l4xx_hal_rcc.o [1]
HAL_RCC_GetPCLK2Freq     0x800'6f6f   0x1a  Code  Gb  stm32l4xx_hal_rcc.o [1]
HAL_RCC_GetResetSource   0x800'6f99   0x12  Code  Gb  stm32l4xx_hal_rcc.o [1]
HAL_RCC_GetSysClockFreq
                         0x800'6e7b   0xd4  Code  Gb  stm32l4xx_hal_rcc.o [1]
HAL_RCC_OscConfig        0x800'6679  0x688  Code  Gb  stm32l4xx_hal_rcc.o [1]
HAL_RTCEx_AlarmBEventCallback
                         0x800'edc9    0x2  Code  Wk  stm32l4xx_hal_rtc_ex.o [1]
HAL_RTCEx_EnableBypassShadow
                         0x800'eee1   0x48  Code  Gb  stm32l4xx_hal_rtc_ex.o [1]
HAL_RTC_AlarmAEventCallback
                         0x800'eb31    0xc  Code  Gb  user_rtc.o [1]
HAL_RTC_AlarmIRQHandler
                         0x800'bd85   0x60  Code  Gb  stm32l4xx_hal_rtc.o [1]
HAL_RTC_DeactivateAlarm
                         0x800'bcab   0xda  Code  Gb  stm32l4xx_hal_rtc.o [1]
HAL_RTC_GetDate          0x800'ba73   0x52  Code  Gb  stm32l4xx_hal_rtc.o [1]
HAL_RTC_GetTime          0x800'b941   0x66  Code  Gb  stm32l4xx_hal_rtc.o [1]
HAL_RTC_Init             0x800'b781   0xca  Code  Gb  stm32l4xx_hal_rtc.o [1]
HAL_RTC_MspInit          0x800'9a21   0x50  Code  Gb  rtc.o [1]
HAL_RTC_SetAlarm_IT      0x800'bac5  0x1e6  Code  Gb  stm32l4xx_hal_rtc.o [1]
HAL_RTC_SetDate          0x800'b9a7   0xcc  Code  Gb  stm32l4xx_hal_rtc.o [1]
HAL_RTC_SetTime          0x800'b84b   0xf6  Code  Gb  stm32l4xx_hal_rtc.o [1]
HAL_RTC_WaitForSynchro   0x800'bde5   0x2e  Code  Gb  stm32l4xx_hal_rtc.o [1]
HAL_SPI_Init             0x800'bf11   0xf8  Code  Gb  stm32l4xx_hal_spi.o [1]
HAL_SPI_MspInit          0x800'9acd   0x62  Code  Gb  spi.o [1]
HAL_SPI_Transmit         0x800'c009  0x1fe  Code  Gb  stm32l4xx_hal_spi.o [1]
HAL_SYSTICK_Config       0x800'71dd    0xc  Code  Gb  stm32l4xx_hal_cortex.o [1]
HAL_TIMEx_Break2Callback
                         0x800'edd3    0x2  Code  Wk  stm32l4xx_hal_tim_ex.o [1]
HAL_TIMEx_BreakCallback
                         0x800'edd1    0x2  Code  Wk  stm32l4xx_hal_tim_ex.o [1]
HAL_TIMEx_CommutCallback
                         0x800'edd7    0x2  Code  Wk  stm32l4xx_hal_tim_ex.o [1]
HAL_TIMEx_MasterConfigSynchronization
                         0x800'c809   0x74  Code  Gb  stm32l4xx_hal_tim_ex.o [1]
HAL_TIM_Base_Init        0x800'c43d   0x7a  Code  Gb  stm32l4xx_hal_tim.o [1]
HAL_TIM_Base_MspInit     0x800'9bbb   0x32  Code  Gb  tim.o [1]
HAL_TIM_ConfigClockSource
                         0x800'c60d   0xf6  Code  Gb  stm32l4xx_hal_tim.o [1]
HAL_TIM_IRQHandler       0x800'c4b7  0x156  Code  Gb  stm32l4xx_hal_tim.o [1]
HAL_TIM_PeriodElapsedCallback
                         0x800'b353   0x12  Code  Gb  lcd_display.o [1]
HAL_UARTEx_ReceiveToIdle_DMA
                         0x800'6605   0x70  Code  Gb  stm32l4xx_hal_uart_ex.o [1]
HAL_UARTEx_RxEventCallback
                         0x800'6513   0x3e  Code  Gb  user_uart.o [1]
HAL_UARTEx_WakeupCallback
                         0x800'6675    0x2  Code  Wk  stm32l4xx_hal_uart_ex.o [1]
HAL_UART_DMAStop         0x800'3e39   0xb2  Code  Gb  stm32l4xx_hal_uart.o [1]
HAL_UART_ErrorCallback   0x800'6551   0x3e  Code  Gb  user_uart.o [1]
HAL_UART_IRQHandler      0x800'3eeb  0x35c  Code  Gb  stm32l4xx_hal_uart.o [1]
HAL_UART_Init            0x800'3c95   0x7a  Code  Gb  stm32l4xx_hal_uart.o [1]
HAL_UART_MspDeInit       0x800'5ff1   0x84  Code  Gb  usart.o [1]
HAL_UART_MspInit         0x800'5dc9  0x228  Code  Gb  usart.o [1]
HAL_UART_Receive_IT      0x800'3ddb   0x5e  Code  Gb  stm32l4xx_hal_uart.o [1]
HAL_UART_RxCpltCallback
                         0x800'64dd   0x36  Code  Gb  user_uart.o [1]
HAL_UART_Transmit        0x800'3d0f   0xcc  Code  Gb  stm32l4xx_hal_uart.o [1]
Handle_Float_To_hexUint32
                         0x800'2a65   0x24  Code  Gb  user_convert_variable.o [1]
HardFault_Handler        0x800'ff07    0x2  Code  Gb  stm32l4xx_it.o [1]
IndexUartError          0x2000'27b0    0x1  Data  Lc  user_uart.o [1]
Init_AppRs485            0x800'a8bb   0x16  Code  Gb  user_app_rs485.o [1]
Init_AppSensor           0x800'1b09   0x7c  Code  Gb  user_app_sensor.o [1]
Init_CalibDAC            0x800'088b   0x5a  Code  Gb  user_app_sensor.o [1]
Init_CalibPlus           0x800'0cf1  0x25c  Code  Gb  user_app_sensor.o [1]
Init_CalibTemperature    0x800'061d  0x15e  Code  Gb  user_app_sensor.o [1]
Init_InforSlaveModbusRTU
                         0x800'3891   0x3c  Code  Gb  user_app_modbus_rtu.o [1]
Init_ModeConfig          0x800'0975   0x52  Code  Gb  user_app_sensor.o [1]
Init_TempAlarm           0x800'077b   0xa2  Code  Gb  user_app_sensor.o [1]
Init_UartRs485           0x800'a87d   0x3e  Code  Gb  user_app_rs485.o [1]
Insert_String_To_String
                         0x800'2889   0x2a  Code  Gb  user_convert_variable.o [1]
Liberation_Sans15x21_Numbers
                         0x800'f8c8  0x228  Data  Lc  lcd_display.o [1]
Liberation_Sans17x17_Alpha
                         0x800'ef28  0x548  Data  Lc  lcd_display.o [1]
MSIRangeTable            0x801'0160   0x30  Data  Gb  system_stm32l4xx.o [1]
MX_DAC1_Init             0x800'4e29   0x4c  Code  Gb  dac.o [1]
MX_DMA_Init              0x800'98a1   0x60  Code  Gb  dma.o [1]
MX_GPIO_Init             0x800'9749  0x158  Code  Gb  gpio.o [1]
MX_IWDG_Init             0x800'9901   0x2c  Code  Gb  iwdg.o [1]
MX_RTC_Init              0x800'992d   0xf4  Code  Gb  rtc.o [1]
MX_SPI2_Init             0x800'9a7d   0x50  Code  Gb  spi.o [1]
MX_TIM2_Init             0x800'9b45   0x76  Code  Gb  tim.o [1]
MX_USART1_UART_Init      0x800'5d15   0x3c  Code  Gb  usart.o [1]
MX_USART2_UART_Init      0x800'5d51   0x3c  Code  Gb  usart.o [1]
MX_USART3_UART_Init      0x800'5d8d   0x3c  Code  Gb  usart.o [1]
Main_Task                0x800'8f99   0x5a  Code  Gb  user_app_comm.o [1]
MemManage_Handler        0x800'ff09    0x2  Code  Gb  stm32l4xx_it.o [1]
ModRTU_CRC               0x800'5b49   0x3c  Code  Gb  user_modbus_rtu.o [1]
ModRTU_Slave_ACK_Read_Frame
                         0x800'5b85   0xa2  Code  Gb  user_modbus_rtu.o [1]
ModRTU_Slave_ACK_Write_Frame
                         0x800'5c27   0xee  Code  Gb  user_modbus_rtu.o [1]
Modem_Check_AT           0x800'a5f9  0x1dc  Code  Gb  user_at_serial.o [1]
Modem_Check_RTU          0x800'38e1  0x37e  Code  Gb  user_app_modbus_rtu.o [1]
NMI_Handler              0x800'ff05    0x2  Code  Gb  stm32l4xx_it.o [1]
NONE_Register_CallBack   0x800'2bfd    0x6  Code  Gb  user_app_modbus_rtu.o [1]
NVIC_EncodePriority      0x800'711b   0x40  Code  Lc  stm32l4xx_hal_cortex.o [1]
OldPosDMADebug          0x2000'279e    0x2  Data  Lc  user_app_comm.o [1]
OnchipFlashPageErase     0x800'2b15   0x5a  Code  Gb  onchipflash.o [1]
OnchipFlashWriteData     0x800'2a89   0x8c  Code  Gb  onchipflash.o [1]
PendSV_Handler           0x800'ff13    0x2  Code  Gb  stm32l4xx_it.o [1]
PortConfig              0x2000'27aa    0x1  Data  Gb  user_at_serial.o [1]
RC                       0x800'c9bb   0x22  Code  Gb  user_string.o [1]
RCCEx_PLLSAI1_Config     0x800'8d09  0x16e  Code  Lc  stm32l4xx_hal_rcc_ex.o [1]
RCC_SetFlashLatencyFromMSIRange
                         0x800'6fb1   0x8a  Code  Lc  stm32l4xx_hal_rcc.o [1]
RS232_Init_RX_Mode       0x800'4db9   0x1e  Code  Gb  user_connect_sensor.o [1]
RS232_Rx_Callback        0x800'4dd9   0x3c  Code  Gb  user_connect_sensor.o [1]
RS232_Stop_RX_Mode       0x800'4dd7    0x2  Code  Gb  user_connect_sensor.o [1]
RS485_Init_RX_Mode       0x800'9385   0x1e  Code  Gb  user_rs485.o [1]
RS485_Rx_Callback        0x800'93a5   0x3c  Code  Gb  user_rs485.o [1]
RS485_Stop_RX_Mode       0x800'93a3    0x2  Code  Gb  user_rs485.o [1]
RTC_AlarmStructure      0x2000'2624   0x2c  Data  Lc  user_rtc.o [1]
RTC_Alarm_IRQHandler     0x800'ff61    0xa  Code  Gb  stm32l4xx_it.o [1]
RTC_Bcd2ToByte           0x800'bef9   0x16  Code  Gb  stm32l4xx_hal_rtc.o [1]
RTC_ByteToBcd2           0x800'bedd   0x1c  Code  Gb  stm32l4xx_hal_rtc.o [1]
RTC_EnterInitMode        0x800'be13   0x4c  Code  Gb  stm32l4xx_hal_rtc.o [1]
RTC_ExitInitMode         0x800'be5f   0x58  Code  Gb  stm32l4xx_hal_rtc.o [1]
RTC_GetCalendarValue     0x800'ed03   0x90  Code  Lc  user_rtc.o [1]
RTC_IF_Convert_Tick2ms   0x800'eb21   0x10  Code  Gb  user_rtc.o [1]
RTC_IF_Convert_ms2Tick   0x800'eb0f   0x12  Code  Gb  user_rtc.o [1]
RTC_IF_GetMinimumTimeout
                         0x800'eb0b    0x4  Code  Gb  user_rtc.o [1]
RTC_IF_GetTimerContext   0x800'eacf    0x8  Code  Gb  user_rtc.o [1]
RTC_IF_GetTimerElapsedTime
                         0x800'ead7   0x16  Code  Gb  user_rtc.o [1]
RTC_IF_GetTimerValue     0x800'eaed   0x1e  Code  Gb  user_rtc.o [1]
RTC_IF_Init              0x800'ea59   0x30  Code  Gb  user_rtc.o [1]
RTC_IF_SetTimerContext   0x800'eab9   0x16  Code  Gb  user_rtc.o [1]
RTC_IF_StartTimer        0x800'ea89    0xe  Code  Gb  user_rtc.o [1]
RTC_IF_StopTimer         0x800'ea97   0x22  Code  Gb  user_rtc.o [1]
RTC_Initalized          0x2000'27af    0x1  Data  Lc  user_rtc.o [1]
RTC_StartWakeUpAlarm     0x800'eb3d  0x1c6  Code  Lc  user_rtc.o [1]
ReInit_Rx_Mode_Uart_Error
                         0x800'658f   0x5a  Code  Gb  user_uart.o [1]
Region$$Table$$Base      0x801'0258          --   Gb  - Linker created -
Region$$Table$$Limit     0x801'0278          --   Gb  - Linker created -
Reset_Buff               0x800'1fb5   0x24  Code  Gb  user_util.o [1]
Rs232Status_u8          0x2000'27ac    0x1  Data  Gb  user_connect_sensor.o [1]
Rs485Status_u8          0x2000'27ae    0x1  Data  Gb  user_rs485.o [1]
RtCountSystick_u32      0x2000'278c    0x4  Data  Gb  user_util.o [1]
RtcTimerContext         0x2000'2694   0x1c  Data  Lc  user_rtc.o [1]
SPI_EndRxTxTransaction   0x800'c3d1   0x6a  Code  Lc  stm32l4xx_hal_spi.o [1]
SPI_WaitFifoStateUntilTimeout
                         0x800'c2df   0xee  Code  Lc  stm32l4xx_hal_spi.o [1]
SPI_WaitFlagStateUntilTimeout
                         0x800'c207   0xd8  Code  Lc  stm32l4xx_hal_spi.o [1]
SVC_Handler              0x800'ff0f    0x2  Code  Gb  stm32l4xx_it.o [1]
Save_Array               0x800'2b75   0x86  Code  Gb  onchipflash.o [1]
Save_CalibDAC            0x800'081d   0x6e  Code  Gb  user_app_sensor.o [1]
Save_CalibPlus           0x800'09f9  0x2f8  Code  Gb  user_app_sensor.o [1]
Save_CalibTemperature    0x800'0451  0x1cc  Code  Gb  user_app_sensor.o [1]
Save_InforSlaveModbusRTU
                         0x800'383d   0x50  Code  Gb  user_app_modbus_rtu.o [1]
Save_ModeConfig          0x800'08ed   0x7a  Code  Gb  user_app_sensor.o [1]
Send_RS458_Sensor        0x800'3801   0x3c  Code  Gb  user_app_modbus_rtu.o [1]
SysApp_Init              0x800'8f4d    0xc  Code  Gb  user_app_comm.o [1]
SysApp_Setting           0x800'8f59   0x40  Code  Gb  user_app_comm.o [1]
SysTick_Config           0x800'715b   0x30  Code  Lc  stm32l4xx_hal_cortex.o [1]
SysTick_Handler          0x800'ff15   0x10  Code  Gb  stm32l4xx_it.o [1]
SystemClock_Config       0x800'7259   0x92  Code  Gb  main.o [1]
SystemCoreClock         0x2000'04bc    0x4  Data  Gb  system_stm32l4xx.o [1]
SystemInit               0x801'0735    0xc  Code  Gb  system_stm32l4xx.o [1]
TIM2_IRQHandler          0x800'ff39    0xa  Code  Gb  stm32l4xx_it.o [1]
TIM_Base_SetConfig       0x800'c705   0x7c  Code  Gb  stm32l4xx_hal_tim.o [1]
TIM_ETR_SetConfig        0x800'c7ef   0x18  Code  Gb  stm32l4xx_hal_tim.o [1]
TIM_ITRx_SetConfig       0x800'c7df   0x10  Code  Lc  stm32l4xx_hal_tim.o [1]
TIM_TI1_ConfigInputStage
                         0x800'c795   0x24  Code  Lc  stm32l4xx_hal_tim.o [1]
TIM_TI2_ConfigInputStage
                         0x800'c7b9   0x26  Code  Lc  stm32l4xx_hal_tim.o [1]
TRACE_AllocateBufer      0x800'9555   0xa2  Code  Lc  user_adv_trace.o [1]
TRACE_IsLocked           0x800'960b   0x10  Code  Lc  user_adv_trace.o [1]
TRACE_Lock               0x800'95f7    0xa  Code  Lc  user_adv_trace.o [1]
TRACE_Send               0x800'94cf   0x84  Code  Lc  user_adv_trace.o [1]
TRACE_UnLock             0x800'9601    0xa  Code  Lc  user_adv_trace.o [1]
TimerExists              0x800'a561   0x1a  Code  Gb  user_timer.o [1]
TimerInsertNewHeadTimer
                         0x800'a5d5   0x1c  Code  Gb  user_timer.o [1]
TimerInsertTimer         0x800'a5a7   0x2e  Code  Gb  user_timer.o [1]
TimerListHead           0x2000'2788    0x4  Data  Lc  user_timer.o [1]
TimerSetTimeout          0x800'a57b   0x2c  Code  Gb  user_timer.o [1]
TimerTx                 0x2000'26e0   0x18  Data  Lc  user_app_comm.o [1]
TxCpltCallback          0x2000'2774    0x4  Data  Lc  user_app_comm.o [1]
UART_AdvFeatureConfig    0x800'4545   0xda  Code  Gb  stm32l4xx_hal_uart.o [1]
UART_CheckIdleState      0x800'461f   0xd2  Code  Gb  stm32l4xx_hal_uart.o [1]
UART_DMAAbortOnError     0x800'4ad1   0x1a  Code  Lc  stm32l4xx_hal_uart.o [1]
UART_DMAError            0x800'4a81   0x50  Code  Lc  stm32l4xx_hal_uart.o [1]
UART_DMAReceiveCplt      0x800'49b5   0xa2  Code  Lc  stm32l4xx_hal_uart.o [1]
UART_DMARxHalfCplt       0x800'4a59   0x28  Code  Lc  stm32l4xx_hal_uart.o [1]
UART_EndRxTransfer       0x800'4957   0x5e  Code  Lc  stm32l4xx_hal_uart.o [1]
UART_EndTransmit_IT      0x800'4aeb   0x2a  Code  Lc  stm32l4xx_hal_uart.o [1]
UART_EndTxTransfer       0x800'493b   0x1c  Code  Lc  stm32l4xx_hal_uart.o [1]
UART_RxISR_16BIT         0x800'4c09   0xee  Code  Lc  stm32l4xx_hal_uart.o [1]
UART_RxISR_8BIT          0x800'4b15   0xec  Code  Lc  stm32l4xx_hal_uart.o [1]
UART_SetConfig           0x800'424d  0x2ec  Code  Gb  stm32l4xx_hal_uart.o [1]
UART_Start_Receive_DMA   0x800'487f   0xbc  Code  Gb  stm32l4xx_hal_uart.o [1]
UART_Start_Receive_IT    0x800'478f   0xf0  Code  Gb  stm32l4xx_hal_uart.o [1]
UART_WaitOnFlagUntilTimeout
                         0x800'46f1   0x9e  Code  Gb  stm32l4xx_hal_uart.o [1]
USART1_IRQHandler        0x800'ff43    0xa  Code  Gb  stm32l4xx_it.o [1]
USART2_IRQHandler        0x800'ff4d    0xa  Code  Gb  stm32l4xx_it.o [1]
USART3_IRQHandler        0x800'ff57    0xa  Code  Gb  stm32l4xx_it.o [1]
UTIL_ADV_TRACE_COND_FSend
                         0x800'93f5   0xda  Code  Gb  user_adv_trace.o [1]
UTIL_Log_Str             0x800'2039   0x36  Code  Gb  user_util.o [1]
UTIL_MEM_cpy             0x800'2075   0x1e  Code  Gb  user_util.o [1]
UTIL_MEM_set             0x800'1fd9   0x18  Code  Gb  user_util.o [1]
UTIL_Printf              0x800'1ff1   0x2c  Code  Gb  user_util.o [1]
UTIL_Printf_Str          0x800'201d   0x1c  Code  Gb  user_util.o [1]
UTIL_TIMER_Create        0x800'a2fd   0x4c  Code  Gb  user_timer.o [1]
UTIL_TIMER_IRQ_Handler   0x800'a4af   0xb2  Code  Gb  user_timer.o [1]
UTIL_TIMER_Init          0x800'a2e9   0x14  Code  Gb  user_timer.o [1]
UTIL_TIMER_SetPeriod     0x800'a475   0x3a  Code  Gb  user_timer.o [1]
UTIL_TIMER_Start         0x800'a349   0x92  Code  Gb  user_timer.o [1]
UTIL_TIMER_Stop          0x800'a3db   0x9a  Code  Gb  user_timer.o [1]
UTIL_TimerDriver         0x801'0190   0x2c  Data  Gb  user_rtc.o [1]
UTIL_TraceDriver         0x801'07bc    0xc  Data  Gb  user_app_comm.o [1]
Uart232RxByte           0x2000'27ab    0x1  Data  Lc  user_connect_sensor.o [1]
Uart485RxByte           0x2000'27ad    0x1  Data  Lc  user_rs485.o [1]
UartDebugBuff           0x2000'0ca0  0x4b0  Data  Gb  user_app_comm.o [1]
UartDebugCountFail      0x2000'27a2    0x2  Data  Lc  user_uart.o [1]
Update_ParaDisplay       0x800'acdd  0x10c  Code  Gb  lcd_display.o [1]
UsageFault_Handler       0x800'ff0d    0x2  Code  Gb  stm32l4xx_it.o [1]
User_RTC_Init            0x800'ea21   0x38  Code  Lc  user_rtc.o [1]
UtilFloatToString        0x800'20f1   0x2e  Code  Gb  user_util.o [1]
UtilIntToStringWithScale
                         0x800'1f55   0x60  Code  Gb  user_util.o [1]
VLevelDebug             0x2000'0c9e    0x1  Data  Gb  user_util.o [1]
_Cb_Display_Auto_SW      0x800'ac11   0x7e  Code  Lc  lcd_display.o [1]
_Cb_Display_Auto_SW::MarkButtPressed
                        0x2000'27a7    0x1  Data  Lc  lcd_display.o [1]
_Cb_Display_Auto_SW::cNext
                        0x2000'279c    0x2  Data  Lc  lcd_display.o [1]
_Cb_Display_Init         0x800'aaab   0x42  Code  Lc  lcd_display.o [1]
_Cb_Display_Logo         0x800'aaed   0xa8  Code  Lc  lcd_display.o [1]
_Cb_Display_Logo::step_u8
                        0x2000'27a5    0x1  Data  Lc  lcd_display.o [1]
_Cb_Display_Show         0x800'ab95   0x7c  Code  Lc  lcd_display.o [1]
_Cb_Display_Show::LandMarkChange_u32
                        0x2000'2768    0x4  Data  Lc  lcd_display.o [1]
_Cb_Display_Show::ScreenLast
                        0x2000'27a6    0x1  Data  Lc  lcd_display.o [1]
_Cb_HandLer_IDLE         0x800'8f3b    0x6  Code  Lc  user_app_comm.o [1]
_Cb_R_ModbusRTU_REG_4_20_DAC
                         0x800'3767   0x2c  Code  Gb  user_app_modbus_rtu.o [1]
_Cb_R_ModbusRTU_REG_4_20_Max
                         0x800'36c5   0x2c  Code  Gb  user_app_modbus_rtu.o [1]
_Cb_R_ModbusRTU_REG_4_20_Min
                         0x800'3623   0x2c  Code  Gb  user_app_modbus_rtu.o [1]
_Cb_R_ModbusRTU_REG_4_20_Mode
                         0x800'3589   0x2c  Code  Gb  user_app_modbus_rtu.o [1]
_Cb_R_ModbusRTU_REG_Baudrate
                         0x800'2cab   0x2e  Code  Gb  user_app_modbus_rtu.o [1]
_Cb_R_ModbusRTU_REG_CalibPoint_1
                         0x800'2fcb   0x5a  Code  Gb  user_app_modbus_rtu.o [1]
_Cb_R_ModbusRTU_REG_CalibPoint_2
                         0x800'30e7   0x5a  Code  Gb  user_app_modbus_rtu.o [1]
_Cb_R_ModbusRTU_REG_CalibPoint_3
                         0x800'320b   0x5a  Code  Gb  user_app_modbus_rtu.o [1]
_Cb_R_ModbusRTU_REG_CalibPoint_4
                         0x800'3327   0x5a  Code  Gb  user_app_modbus_rtu.o [1]
_Cb_R_ModbusRTU_REG_Compensation
                         0x800'2eb9   0x5a  Code  Gb  user_app_modbus_rtu.o [1]
_Cb_R_ModbusRTU_REG_Decimal_Point
                         0x800'2d73   0x2a  Code  Gb  user_app_modbus_rtu.o [1]
_Cb_R_ModbusRTU_REG_ID   0x800'2c03   0x2e  Code  Gb  user_app_modbus_rtu.o [1]
_Cb_R_ModbusRTU_REG_Mode_Config
                         0x800'3443   0x2e  Code  Gb  user_app_modbus_rtu.o [1]
_Cb_R_ModbusRTU_REG_Mode_Level
                         0x800'34df   0x32  Code  Gb  user_app_modbus_rtu.o [1]
_Cb_R_ModbusRTU_REG_Unit
                         0x800'2d49   0x2a  Code  Gb  user_app_modbus_rtu.o [1]
_Cb_R_ModbusRTU_REG_Value
                         0x800'2d9d   0x3e  Code  Gb  user_app_modbus_rtu.o [1]
_Cb_R_ModbusRTU_REG_Zero_Point
                         0x800'2ddb   0x2a  Code  Gb  user_app_modbus_rtu.o [1]
_Cb_Save_Box             0x800'8f47    0x6  Code  Lc  user_app_comm.o [1]
_Cb_Set_RTC              0x800'8f1f   0x1c  Code  Lc  user_app_comm.o [1]
_Cb_TX_Timer_Event       0x800'90c1   0x1a  Code  Lc  user_app_comm.o [1]
_Cb_Timer_IRQ            0x800'8e91    0xc  Code  Lc  user_app_comm.o [1]
_Cb_Tx_Timer             0x800'8f41    0x6  Code  Lc  user_app_comm.o [1]
_Cb_Uart_Error           0x800'8f13    0xc  Code  Lc  user_app_comm.o [1]
_Cb_Uart_Rx_Debug        0x800'8e9d   0x76  Code  Lc  user_app_comm.o [1]
_Cb_Uart_Rx_Debug::LastLengthRecv
                        0x2000'27a0    0x2  Data  Lc  user_app_comm.o [1]
_Cb_Uart_Rx_Debug::MarkFirstRecvUart
                        0x2000'27a8    0x1  Data  Lc  user_app_comm.o [1]
_Cb_W_ModbusRTU_REG_4_20_DAC
                         0x800'3793   0x6e  Code  Gb  user_app_modbus_rtu.o [1]
_Cb_W_ModbusRTU_REG_4_20_Max
                         0x800'36f1   0x76  Code  Gb  user_app_modbus_rtu.o [1]
_Cb_W_ModbusRTU_REG_4_20_Min
                         0x800'364f   0x76  Code  Gb  user_app_modbus_rtu.o [1]
_Cb_W_ModbusRTU_REG_4_20_Mode
                         0x800'35b5   0x6e  Code  Gb  user_app_modbus_rtu.o [1]
_Cb_W_ModbusRTU_REG_Baudrate
                         0x800'2cd9   0x70  Code  Gb  user_app_modbus_rtu.o [1]
_Cb_W_ModbusRTU_REG_CalibPoint_1
                         0x800'3025   0xc2  Code  Gb  user_app_modbus_rtu.o [1]
_Cb_W_ModbusRTU_REG_CalibPoint_2
                         0x800'3149   0xc2  Code  Gb  user_app_modbus_rtu.o [1]
_Cb_W_ModbusRTU_REG_CalibPoint_3
                         0x800'3265   0xc2  Code  Gb  user_app_modbus_rtu.o [1]
_Cb_W_ModbusRTU_REG_CalibPoint_4
                         0x800'3381   0xc2  Code  Gb  user_app_modbus_rtu.o [1]
_Cb_W_ModbusRTU_REG_Compensation
                         0x800'2f13   0xb8  Code  Gb  user_app_modbus_rtu.o [1]
_Cb_W_ModbusRTU_REG_ID   0x800'2c31   0x7a  Code  Gb  user_app_modbus_rtu.o [1]
_Cb_W_ModbusRTU_REG_ID_Restore
                         0x800'2e05   0xb4  Code  Gb  user_app_modbus_rtu.o [1]
_Cb_W_ModbusRTU_REG_Mode_Config
                         0x800'3471   0x6e  Code  Gb  user_app_modbus_rtu.o [1]
_Cb_W_ModbusRTU_REG_Mode_Level
                         0x800'3511   0x78  Code  Gb  user_app_modbus_rtu.o [1]
_Cb_button_detect        0x800'acc3   0x18  Code  Lc  lcd_display.o [1]
_Cb_button_scan          0x800'ac8f   0x34  Code  Lc  lcd_display.o [1]
_LitobFullNoMb           0x800'879d  0x10a  Code  Lc  xprintffull_nomb.o [2]
_Locale_lconv           0x2000'0c64   0x38  Data  Lc  xlocale_c.o [2]
_PrintfFullNoMb          0x800'79dd  0xd9c  Code  Gb  xprintffull_nomb.o [2]
_PutcharFullNoMb         0x800'890d   0x20  Code  Lc  xprintffull_nomb.o [2]
_PutcharsFullNoMb        0x800'892d   0x2e  Code  Lc  xprintffull_nomb.o [2]
_SProut                  0x800'23a7    0xa  Code  Gb  xsprout.o [2]
__NVIC_DisableIRQ        0x800'70c9   0x26  Code  Lc  stm32l4xx_hal_cortex.o [1]
__NVIC_EnableIRQ         0x800'70a9   0x20  Code  Lc  stm32l4xx_hal_cortex.o [1]
__NVIC_GetPriorityGrouping
                         0x800'709b    0xc  Code  Lc  stm32l4xx_hal_cortex.o [1]
__NVIC_SetPriority       0x800'70ef   0x2c  Code  Lc  stm32l4xx_hal_cortex.o [1]
__NVIC_SetPriorityGrouping
                         0x800'7079   0x22  Code  Lc  stm32l4xx_hal_cortex.o [1]
__aeabi_cdcmpeq          0x800'9bf5         Code  Gb  DblCmpEq.o [3]
__aeabi_cdcmple          0x800'9c85         Code  Gb  DblCmpLe.o [3]
__aeabi_cdrcmple         0x800'9cb5         Code  Gb  DblCmpGe.o [3]
__aeabi_d2f              0x800'252d         Code  Gb  DblToFlt.o [3]
__aeabi_d2iz             0x800'5535         Code  Gb  DblToS32.o [3]
__aeabi_d2uiz            0x800'a2b9         Code  Gb  DblToU32.o [3]
__aeabi_dadd             0x800'23b1         Code  Gb  DblAdd.o [3]
__aeabi_ddiv             0x800'4f7d         Code  Gb  DblDiv.o [3]
__aeabi_dmul             0x800'2205         Code  Gb  DblMul.o [3]
__aeabi_dsub             0x800'5221         Code  Gb  DblSub.o [3]
__aeabi_f2d              0x800'21bd         Code  Gb  FltToDbl.o [3]
__aeabi_i2d              0x800'4f41         Code  Gb  S32ToDbl.o [3]
__aeabi_ldiv0            0x800'89a5         Code  Gb  I64DivZer.o [4]
__aeabi_memcpy           0x800'4d11         Code  Gb  ABImemcpy.o [4]
__aeabi_memcpy4          0x800'4d31         Code  Gb  ABImemcpy.o [4]
__aeabi_memcpy8          0x800'4d31         Code  Gb  ABImemcpy.o [4]
__aeabi_memset           0x800'2615         Code  Gb  ABImemset.o [4]
__aeabi_ui2d             0x800'51c5         Code  Gb  U32ToDbl.o [3]
__aeabi_uldivmod         0x800'5305         Code  Gb  I64DivMod.o [4]
__cmain                  0x801'02b9         Code  Gb  cmain.o [4]
__exit                   0x800'edd9   0x14  Code  Gb  exit.o [5]
__iar_Exp64              0x800'9ce5  0x388  Code  Gb  iar_Exp64.o [3]
__iar_Fail_s             0x800'a0e5   0x1c  Code  Gb  xfail_s.o [2]
__iar_Memchr             0x800'a125         Code  Gb  memchr.o [4]
__iar_Memset             0x800'2615         Code  Gb  ABImemset.o [4]
__iar_Memset_word        0x800'261d         Code  Gb  ABImemset.o [4]
__iar_Strchr             0x800'a0cd         Code  Gb  strchr.o [4]
__iar_dadd               0x800'5231         Code  Gb  DblSub.o [3]
__iar_data_init3         0x801'020d   0x28  Code  Gb  data_init.o [4]
__iar_dsub               0x800'23c1         Code  Gb  DblAdd.o [3]
__iar_dsubStart          0x800'23d3         Code  Gb  DblAdd.o [3]
__iar_frexp              0x800'9c21         Code  Gb  frexp.o [3]
__iar_frexpl             0x800'9c21         Code  Gb  frexp.o [3]
__iar_init_vfp           0x801'0235         Code  Gb  fpinit_M.o [3]
__iar_ldexp64            0x800'a17d         Code  Gb  ldexp.o [3]
__iar_lz77_init_single3
                         0x800'ffb1   0x78  Code  Gb  lz77_init_single.o [4]
__iar_pow64              0x800'72f1  0x6ec  Code  Gb  pow64.o [3]
__iar_pow_medium         0x800'72f1  0x6ec  Code  Gb  pow64.o [3]
__iar_pow_medium64       0x800'72f1  0x6ec  Code  Gb  pow64.o [3]
__iar_pow_mediuml        0x800'72f1  0x6ec  Code  Gb  pow64.o [3]
__iar_program_start      0x801'093d         Code  Gb  cstartup_M.o [4]
__iar_round32            0x800'e669         Code  Gb  roundf.o [3]
__iar_scalbln64          0x800'a17d         Code  Gb  ldexp.o [3]
__iar_scalbn64           0x800'a17d         Code  Gb  ldexp.o [3]
__iar_softfp___iar_frexp64
                         0x800'9c15         Code  Gb  frexp.o [3]
__iar_softfp_frexp       0x800'9c15         Code  Gb  frexp.o [3]
__iar_softfp_frexpl      0x800'9c15         Code  Gb  frexp.o [3]
__iar_vfp___iar_round32
                         0x800'e659         Code  Gb  roundf.o [3]
__iar_vfp_pow            0x800'4f6b   0x10  Code  Gb  math_wrappers64.o [3]
__iar_vfp_roundf         0x800'e659         Code  Gb  roundf.o [3]
__iar_zero_init3         0x800'2183   0x3a  Code  Gb  zero_init3.o [4]
__low_level_init         0x801'02d7    0x4  Code  Gb  low_level_init.o [2]
__vector_table           0x800'0000         Data  Gb  startup_stm32l433xx.o [1]
_call_main               0x801'02c5         Code  Gb  cmain.o [4]
_exit                    0x801'02e1         Code  Gb  cexit.o [4]
_main                    0x801'02d3         Code  Gb  cmain.o [4]
aAT_CMD                 0x2000'22c8   0x80  Data  Lc  user_at_serial.o [1]
aBaudrate_value         0x2000'06bc   0x2c  Data  Gb  user_app_modbus_rtu.o [1]
aDATA_CONFIG            0x2000'20c8   0x80  Data  Lc  user_app_modbus_rtu.o [1]
aDATA_CONFIG            0x2000'2248   0x80  Data  Lc  user_at_serial.o [1]
aDATA_LOG_REGISTER      0x2000'2148   0x80  Data  Lc  user_app_modbus_rtu.o [1]
aModeConfig             0x2000'00c8    0x8  Data  Gb  lcd_display.o [1]
aModeInterface          0x2000'00d0    0x8  Data  Gb  lcd_display.o [1]
aPASSWORD               0x2000'0074    0x4  Data  Gb  lcd_display.o [1]
aSTT_SETTING_DONE       0x2000'00a8   0x10  Data  Gb  lcd_display.o [1]
aSTT_SETTING_ENTER      0x2000'0088   0x10  Data  Gb  lcd_display.o [1]
aSTT_SETTING_ERROR      0x2000'00b8   0x10  Data  Gb  lcd_display.o [1]
aSTT_SETTING_FREE       0x2000'0078   0x10  Data  Gb  lcd_display.o [1]
aSTT_SETTING_WAIT       0x2000'0098   0x10  Data  Gb  lcd_display.o [1]
aTEST                   0x2000'0000    0xc  Data  Lc  button.o [1]
aUART_232_DATA          0x2000'1950  0x200  Data  Lc  user_connect_sensor.o [1]
aUART_485_DATA          0x2000'1b50  0x200  Data  Lc  user_rs485.o [1]
aUART_DBG_DMA_RX        0x2000'2424   0x64  Data  Lc  user_app_comm.o [1]
abort                    0x800'c885    0x6  Code  Gb  abort.o [2]
aframe                  0x2000'21c8   0x80  Data  Gb  user_app_modbus_rtu.o [1]
bmp_SV_logo_12832        0x800'fd04  0x200  Data  Gb  unit_tests.o [1]
charNotDetectPress      0x2000'0c9c    0x1  Data  Lc  lcd_display.o [1]
delay_ms                 0x800'cb09    0xc  Code  Gb  STM32L4.o [1]
ee_number                0x800'b421  0x146  Code  Lc  user_tiny_vsnprintf.o [1]
ee_skip_atoi             0x800'b3f9   0x28  Code  Lc  user_tiny_vsnprintf.o [1]
exit                     0x801'02db    0x4  Code  Gb  exit.o [2]
fevent_active            0x800'2141   0x1e  Code  Gb  event_driven.o [1]
fevent_detect_connect    0x800'03ef   0x1c  Code  Lc  user_app_sensor.o [1]
fevent_enable            0x800'215f   0x24  Code  Gb  event_driven.o [1]
fevent_handle_measure    0x800'0221   0xec  Code  Lc  user_app_sensor.o [1]
fevent_refresh_iwdg      0x800'041f   0x1c  Code  Lc  user_app_sensor.o [1]
fevent_rs485_entry       0x800'a82d    0x6  Code  Lc  user_app_rs485.o [1]
fevent_rs485_init_uart   0x800'a833   0x2e  Code  Lc  user_app_rs485.o [1]
fevent_rs485_init_uart::stamp
                        0x2000'27a9    0x1  Data  Lc  user_app_rs485.o [1]
fevent_rs485_receive_complete
                         0x800'a861   0x16  Code  Lc  user_app_rs485.o [1]
fevent_rs485_refresh     0x800'a877    0x6  Code  Lc  user_app_rs485.o [1]
fevent_sensor_dac        0x800'030d   0xe2  Code  Lc  user_app_sensor.o [1]
fevent_sensor_entry      0x800'018d   0x12  Code  Lc  user_app_sensor.o [1]
fevent_sensor_handle     0x800'01a1   0x80  Code  Lc  user_app_sensor.o [1]
fevent_temp_alarm        0x800'040b   0x14  Code  Lc  user_app_sensor.o [1]
font_current            0x2000'272c    0xc  Data  Gb  text.o [1]
glcd_ST7565R_init        0x800'cd1d   0x34  Code  Gb  ST7565R.o [1]
glcd_bbox               0x2000'275c    0x4  Data  Gb  glcd.o [1]
glcd_bbox_refresh        0x800'cba9   0x1c  Code  Gb  glcd.o [1]
glcd_bbox_selected      0x2000'2764    0x4  Data  Gb  glcd.o [1]
glcd_buffer             0x2000'1550  0x200  Data  Gb  glcd.o [1]
glcd_buffer_selected    0x2000'2760    0x4  Data  Gb  glcd.o [1]
glcd_clear_buffer        0x800'cbc5   0x24  Code  Gb  glcd.o [1]
glcd_command             0x800'cbfd   0x18  Code  Gb  ST7565R.o [1]
glcd_data                0x800'cc15   0x18  Code  Gb  ST7565R.o [1]
glcd_draw_bitmap         0x800'eeb9   0x1e  Code  Gb  graphics.o [1]
glcd_draw_char_xy        0x800'e6ab  0x33a  Code  Gb  text.o [1]
glcd_draw_string_xy      0x800'e9e5   0x38  Code  Gb  text.o [1]
glcd_enable_backlight    0x800'ca95    0x2  Code  Gb  STM32L4.o [1]
glcd_init                0x800'ca71   0x24  Code  Gb  STM32L4.o [1]
glcd_reset               0x800'cac1   0x38  Code  Gb  STM32L4.o [1]
glcd_reset_bbox          0x800'cb8d   0x1c  Code  Gb  glcd.o [1]
glcd_select_screen       0x800'cbe9    0xa  Code  Gb  glcd.o [1]
glcd_set_column_lower    0x800'cc91    0xe  Code  Gb  ST7565R.o [1]
glcd_set_column_upper    0x800'cc7b   0x16  Code  Gb  ST7565R.o [1]
glcd_set_contrast        0x800'cc2d   0x24  Code  Gb  ST7565R.o [1]
glcd_set_font            0x800'e691   0x1a  Code  Gb  text.o [1]
glcd_set_pixel           0x800'eded   0xcc  Code  Gb  graphics.o [1]
glcd_set_x_address       0x800'cc65   0x16  Code  Gb  ST7565R.o [1]
glcd_set_y_address       0x800'cc51   0x14  Code  Gb  ST7565R.o [1]
glcd_spi_write           0x800'ca97   0x2a  Code  Gb  STM32L4.o [1]
glcd_test_bitmap_128x64
                         0x800'cfe1    0xe  Code  Gb  unit_tests.o [1]
glcd_tiny_draw_char      0x800'cd6b  0x21a  Code  Gb  text_tiny.o [1]
glcd_tiny_draw_string    0x800'cf85   0x54  Code  Gb  text_tiny.o [1]
glcd_tiny_set_font       0x800'cd51   0x1a  Code  Gb  text_tiny.o [1]
glcd_update_bbox         0x800'cb15   0x78  Code  Gb  glcd.o [1]
glcd_write               0x800'cc9f   0x70  Code  Gb  ST7565R.o [1]
hdac1                   0x2000'26f8   0x14  Data  Gb  dac.o [1]
hdma_usart1_rx          0x2000'24d4   0x48  Data  Gb  usart.o [1]
hdma_usart2_rx          0x2000'251c   0x48  Data  Gb  usart.o [1]
hdma_usart3_rx          0x2000'2564   0x48  Data  Gb  usart.o [1]
hiwdg                   0x2000'270c   0x10  Data  Gb  iwdg.o [1]
hrtc                    0x2000'2650   0x24  Data  Gb  rtc.o [1]
hspi2                   0x2000'23c0   0x64  Data  Gb  spi.o [1]
htim2                   0x2000'2488   0x4c  Data  Gb  tim.o [1]
huart1                  0x2000'1f30   0x88  Data  Gb  usart.o [1]
huart2                  0x2000'1fb8   0x88  Data  Gb  usart.o [1]
huart3                  0x2000'2040   0x88  Data  Gb  usart.o [1]
ldexp                    0x800'a17d         Code  Gb  ldexp.o [3]
ldexpl                   0x800'a17d         Code  Gb  ldexp.o [3]
lnbias                   0x800'f4a8  0x420  Data  Lc  pow64.o [3]
localeconv               0x800'a2e1    0x4  Code  Gb  xlocale_c.o [2]
lower_digits            0x2000'0c5c    0x4  Data  Lc  user_tiny_vsnprintf.o [1]
main                     0x800'7221   0x38  Code  Gb  main.o [1]
memchr                   0x800'a125         Code  Gb  memchr.o [4]
memset                   0x800'720d   0x14  Code  Gb  memset.o [4]
pFlash                  0x2000'049c   0x20  Data  Gb  stm32l4xx_hal_flash.o [1]
pFunc_UTIL_Debug_Send   0x2000'2794    0x4  Data  Gb  user_util.o [1]
pFunc_UTIL_Log_To_Mem   0x2000'2790    0x4  Data  Gb  user_util.o [1]
pModemProcessIRQTimer   0x2000'2784    0x4  Data  Gb  user_rtc.o [1]
pow                      0x800'72f1  0x6ec  Code  Gb  pow64.o [3]
powl                     0x800'72f1  0x6ec  Code  Gb  pow64.o [3]
roundf                   0x800'e669         Code  Gb  roundf.o [3]
sButton                 0x2000'26b0   0x18  Data  Gb  button.o [1]
sCalibDAC               0x2000'2750    0x8  Data  Gb  user_app_sensor.o [1]
sCalibPlus              0x2000'25ec   0x38  Data  Gb  user_app_sensor.o [1]
sCheckList_Reg_Modbus_RTU
                        0x2000'0540  0x17c  Data  Gb  user_app_modbus_rtu.o [1]
sEventAppComm           0x2000'04c0   0x70  Data  Gb  user_app_comm.o [1]
sEventAppRs485          0x2000'06f4   0x40  Data  Gb  user_app_rs485.o [1]
sEventAppSensor         0x2000'0734   0x70  Data  Gb  user_app_sensor.o [1]
sEventDisplay           0x2000'000c   0x60  Data  Gb  lcd_display.o [1]
sFirmVersion            0x2000'0530    0x8  Data  Gb  user_app_comm.o [1]
sLCD                    0x2000'271c   0x10  Data  Gb  lcd_display.o [1]
sLCDObject              0x2000'00d8  0x3c0  Data  Gb  lcd_display.o [1]
sLogData_ModbusRTU      0x2000'06ec    0x8  Data  Gb  user_app_modbus_rtu.o [1]
sModeConfig             0x2000'2778    0x4  Data  Gb  user_app_sensor.o [1]
sModelVersion           0x2000'006c    0x8  Data  Gb  lcd_display.o [1]
sParaDisplay            0x2000'25ac   0x40  Data  Gb  lcd_display.o [1]
sRTC                    0x2000'2744    0xc  Data  Gb  user_util.o [1]
sSensorLevel            0x2000'2674   0x20  Data  Gb  user_app_sensor.o [1]
sSlave_ModbusRTU        0x2000'06e8    0x4  Data  Gb  user_app_modbus_rtu.o [1]
sTempAlarm              0x2000'2738    0xc  Data  Gb  user_app_sensor.o [1]
sUart232                0x2000'0c4c    0x8  Data  Gb  user_connect_sensor.o [1]
sUart485                0x2000'0c54    0x8  Data  Gb  user_rs485.o [1]
sUartDebug              0x2000'0538    0x8  Data  Gb  user_app_comm.o [1]
scalbln                  0x800'a17d         Code  Gb  ldexp.o [3]
scalblnl                 0x800'a17d         Code  Gb  ldexp.o [3]
scalbn                   0x800'a17d         Code  Gb  ldexp.o [3]
scalbnl                  0x800'a17d         Code  Gb  ldexp.o [3]
scale                    0x800'88a7   0x46  Code  Lc  xprintffull_nomb.o [2]
sec_hand                0x2000'2798    0x4  Data  Lc  xfail_s.o [2]
sprintf                  0x800'51e1   0x40  Code  Gb  sprintf.o [2]
strATcmd                0x2000'07a4    0x8  Data  Gb  user_at_serial.o [1]
strchr                   0x800'a0cd         Code  Gb  strchr.o [4]
strlen                   0x800'4f09         Code  Gb  strlen.o [4]
sztmp                   0x2000'1750  0x200  Data  Lc  user_adv_trace.o [1]
test_gettick            0x2000'277c    0x4  Data  Gb  user_app_sensor.o [1]
test_gettick_2          0x2000'2780    0x4  Data  Gb  user_app_sensor.o [1]
test_tim2               0x2000'276c    0x4  Data  Gb  lcd_display.o [1]
tiny_vsnprintf_like      0x800'b567  0x1d6  Code  Gb  user_tiny_vsnprintf.o [1]
upper_digits            0x2000'0c60    0x4  Data  Lc  user_tiny_vsnprintf.o [1]
uwTick                  0x2000'2770    0x4  Data  Gb  stm32l4xx_hal.o [1]
uwTickFreq              0x2000'0c9d    0x1  Data  Gb  stm32l4xx_hal.o [1]
uwTickPrio              0x2000'0498    0x4  Data  Gb  stm32l4xx_hal.o [1]
vcom_DeInit              0x800'92f5   0x1e  Code  Gb  user_app_comm.o [1]
vcom_Init                0x800'92eb    0xa  Code  Gb  user_app_comm.o [1]
vcom_Trace_DMA           0x800'9313   0x24  Code  Gb  user_app_comm.o [1]


[1] = D:\Saoviet_Git\Saoviet_Slave_Level_Ultrasonic\Project_Slave_Level_Ultra\EWARM\Project_Slave_Level_Ultra\Obj
[2] = dl7M_tlf.a
[3] = m7M_tls.a
[4] = rt7M_tl.a
[5] = shb_l.a

  61'913 bytes of readonly  code memory
   7'931 bytes of readonly  data memory
  11'184 bytes of readwrite data memory

Errors: none
Warnings: none
