###############################################################################
#
# IAR ELF Linker V8.40.2.214/W32 for ARM                  29/Dec/2025  09:52:44
# Copyright 2007-2019 IAR Systems AB.
#
#    Output file  =
#        D:\Saoviet_Git\Saoviet_Slave_Level_Ultrasonic\Project_Slave_Level_Ultra\EWARM\Project_Slave_Level_Ultra\Exe\Project_Slave_Level_Ultra.out
#    Map file     =
#        D:\Saoviet_Git\Saoviet_Slave_Level_Ultrasonic\Project_Slave_Level_Ultra\EWARM\Project_Slave_Level_Ultra\List\Project_Slave_Level_Ultra.map
#    Command line =
#        -f C:\Users\PC\AppData\Local\Temp\EW5038.tmp
#        (D:\Saoviet_Git\Saoviet_Slave_Level_Ultrasonic\Project_Slave_Level_Ultra\EWARM\Project_Slave_Level_Ultra\Obj\button.o
#        D:\Saoviet_Git\Saoviet_Slave_Level_Ultrasonic\Project_Slave_Level_Ultra\EWARM\Project_Slave_Level_Ultra\Obj\dac.o
#        D:\Saoviet_Git\Saoviet_Slave_Level_Ultrasonic\Project_Slave_Level_Ultra\EWARM\Project_Slave_Level_Ultra\Obj\dma.o
#        D:\Saoviet_Git\Saoviet_Slave_Level_Ultrasonic\Project_Slave_Level_Ultra\EWARM\Project_Slave_Level_Ultra\Obj\event_driven.o
#        D:\Saoviet_Git\Saoviet_Slave_Level_Ultrasonic\Project_Slave_Level_Ultra\EWARM\Project_Slave_Level_Ultra\Obj\glcd.o
#        D:\Saoviet_Git\Saoviet_Slave_Level_Ultrasonic\Project_Slave_Level_Ultra\EWARM\Project_Slave_Level_Ultra\Obj\gpio.o
#        D:\Saoviet_Git\Saoviet_Slave_Level_Ultrasonic\Project_Slave_Level_Ultra\EWARM\Project_Slave_Level_Ultra\Obj\graphics.o
#        D:\Saoviet_Git\Saoviet_Slave_Level_Ultrasonic\Project_Slave_Level_Ultra\EWARM\Project_Slave_Level_Ultra\Obj\graphs.o
#        D:\Saoviet_Git\Saoviet_Slave_Level_Ultrasonic\Project_Slave_Level_Ultra\EWARM\Project_Slave_Level_Ultra\Obj\iwdg.o
#        D:\Saoviet_Git\Saoviet_Slave_Level_Ultrasonic\Project_Slave_Level_Ultra\EWARM\Project_Slave_Level_Ultra\Obj\lcd_display.o
#        D:\Saoviet_Git\Saoviet_Slave_Level_Ultrasonic\Project_Slave_Level_Ultra\EWARM\Project_Slave_Level_Ultra\Obj\main.o
#        D:\Saoviet_Git\Saoviet_Slave_Level_Ultrasonic\Project_Slave_Level_Ultra\EWARM\Project_Slave_Level_Ultra\Obj\NT75451.o
#        D:\Saoviet_Git\Saoviet_Slave_Level_Ultrasonic\Project_Slave_Level_Ultra\EWARM\Project_Slave_Level_Ultra\Obj\onchipflash.o
#        D:\Saoviet_Git\Saoviet_Slave_Level_Ultrasonic\Project_Slave_Level_Ultra\EWARM\Project_Slave_Level_Ultra\Obj\PCD8544.o
#        D:\Saoviet_Git\Saoviet_Slave_Level_Ultrasonic\Project_Slave_Level_Ultra\EWARM\Project_Slave_Level_Ultra\Obj\queue_p.o
#        D:\Saoviet_Git\Saoviet_Slave_Level_Ultrasonic\Project_Slave_Level_Ultra\EWARM\Project_Slave_Level_Ultra\Obj\rtc.o
#        D:\Saoviet_Git\Saoviet_Slave_Level_Ultrasonic\Project_Slave_Level_Ultra\EWARM\Project_Slave_Level_Ultra\Obj\spi.o
#        D:\Saoviet_Git\Saoviet_Slave_Level_Ultrasonic\Project_Slave_Level_Ultra\EWARM\Project_Slave_Level_Ultra\Obj\ST7565R.o
#        D:\Saoviet_Git\Saoviet_Slave_Level_Ultrasonic\Project_Slave_Level_Ultra\EWARM\Project_Slave_Level_Ultra\Obj\startup_stm32l433xx.o
#        D:\Saoviet_Git\Saoviet_Slave_Level_Ultrasonic\Project_Slave_Level_Ultra\EWARM\Project_Slave_Level_Ultra\Obj\STM32F0xx.o
#        D:\Saoviet_Git\Saoviet_Slave_Level_Ultrasonic\Project_Slave_Level_Ultra\EWARM\Project_Slave_Level_Ultra\Obj\STM32F10x.o
#        D:\Saoviet_Git\Saoviet_Slave_Level_Ultrasonic\Project_Slave_Level_Ultra\EWARM\Project_Slave_Level_Ultra\Obj\STM32F4.o
#        D:\Saoviet_Git\Saoviet_Slave_Level_Ultrasonic\Project_Slave_Level_Ultra\EWARM\Project_Slave_Level_Ultra\Obj\STM32L4.o
#        D:\Saoviet_Git\Saoviet_Slave_Level_Ultrasonic\Project_Slave_Level_Ultra\EWARM\Project_Slave_Level_Ultra\Obj\stm32l4xx_hal.o
#        D:\Saoviet_Git\Saoviet_Slave_Level_Ultrasonic\Project_Slave_Level_Ultra\EWARM\Project_Slave_Level_Ultra\Obj\stm32l4xx_hal_cortex.o
#        D:\Saoviet_Git\Saoviet_Slave_Level_Ultrasonic\Project_Slave_Level_Ultra\EWARM\Project_Slave_Level_Ultra\Obj\stm32l4xx_hal_dac.o
#        D:\Saoviet_Git\Saoviet_Slave_Level_Ultrasonic\Project_Slave_Level_Ultra\EWARM\Project_Slave_Level_Ultra\Obj\stm32l4xx_hal_dac_ex.o
#        D:\Saoviet_Git\Saoviet_Slave_Level_Ultrasonic\Project_Slave_Level_Ultra\EWARM\Project_Slave_Level_Ultra\Obj\stm32l4xx_hal_dma.o
#        D:\Saoviet_Git\Saoviet_Slave_Level_Ultrasonic\Project_Slave_Level_Ultra\EWARM\Project_Slave_Level_Ultra\Obj\stm32l4xx_hal_dma_ex.o
#        D:\Saoviet_Git\Saoviet_Slave_Level_Ultrasonic\Project_Slave_Level_Ultra\EWARM\Project_Slave_Level_Ultra\Obj\stm32l4xx_hal_exti.o
#        D:\Saoviet_Git\Saoviet_Slave_Level_Ultrasonic\Project_Slave_Level_Ultra\EWARM\Project_Slave_Level_Ultra\Obj\stm32l4xx_hal_flash.o
#        D:\Saoviet_Git\Saoviet_Slave_Level_Ultrasonic\Project_Slave_Level_Ultra\EWARM\Project_Slave_Level_Ultra\Obj\stm32l4xx_hal_flash_ex.o
#        D:\Saoviet_Git\Saoviet_Slave_Level_Ultrasonic\Project_Slave_Level_Ultra\EWARM\Project_Slave_Level_Ultra\Obj\stm32l4xx_hal_flash_ramfunc.o
#        D:\Saoviet_Git\Saoviet_Slave_Level_Ultrasonic\Project_Slave_Level_Ultra\EWARM\Project_Slave_Level_Ultra\Obj\stm32l4xx_hal_gpio.o
#        D:\Saoviet_Git\Saoviet_Slave_Level_Ultrasonic\Project_Slave_Level_Ultra\EWARM\Project_Slave_Level_Ultra\Obj\stm32l4xx_hal_i2c.o
#        D:\Saoviet_Git\Saoviet_Slave_Level_Ultrasonic\Project_Slave_Level_Ultra\EWARM\Project_Slave_Level_Ultra\Obj\stm32l4xx_hal_i2c_ex.o
#        D:\Saoviet_Git\Saoviet_Slave_Level_Ultrasonic\Project_Slave_Level_Ultra\EWARM\Project_Slave_Level_Ultra\Obj\stm32l4xx_hal_iwdg.o
#        D:\Saoviet_Git\Saoviet_Slave_Level_Ultrasonic\Project_Slave_Level_Ultra\EWARM\Project_Slave_Level_Ultra\Obj\stm32l4xx_hal_msp.o
#        D:\Saoviet_Git\Saoviet_Slave_Level_Ultrasonic\Project_Slave_Level_Ultra\EWARM\Project_Slave_Level_Ultra\Obj\stm32l4xx_hal_pwr.o
#        D:\Saoviet_Git\Saoviet_Slave_Level_Ultrasonic\Project_Slave_Level_Ultra\EWARM\Project_Slave_Level_Ultra\Obj\stm32l4xx_hal_pwr_ex.o
#        D:\Saoviet_Git\Saoviet_Slave_Level_Ultrasonic\Project_Slave_Level_Ultra\EWARM\Project_Slave_Level_Ultra\Obj\stm32l4xx_hal_rcc.o
#        D:\Saoviet_Git\Saoviet_Slave_Level_Ultrasonic\Project_Slave_Level_Ultra\EWARM\Project_Slave_Level_Ultra\Obj\stm32l4xx_hal_rcc_ex.o
#        D:\Saoviet_Git\Saoviet_Slave_Level_Ultrasonic\Project_Slave_Level_Ultra\EWARM\Project_Slave_Level_Ultra\Obj\stm32l4xx_hal_rtc.o
#        D:\Saoviet_Git\Saoviet_Slave_Level_Ultrasonic\Project_Slave_Level_Ultra\EWARM\Project_Slave_Level_Ultra\Obj\stm32l4xx_hal_rtc_ex.o
#        D:\Saoviet_Git\Saoviet_Slave_Level_Ultrasonic\Project_Slave_Level_Ultra\EWARM\Project_Slave_Level_Ultra\Obj\stm32l4xx_hal_spi.o
#        D:\Saoviet_Git\Saoviet_Slave_Level_Ultrasonic\Project_Slave_Level_Ultra\EWARM\Project_Slave_Level_Ultra\Obj\stm32l4xx_hal_spi_ex.o
#        D:\Saoviet_Git\Saoviet_Slave_Level_Ultrasonic\Project_Slave_Level_Ultra\EWARM\Project_Slave_Level_Ultra\Obj\stm32l4xx_hal_tim.o
#        D:\Saoviet_Git\Saoviet_Slave_Level_Ultrasonic\Project_Slave_Level_Ultra\EWARM\Project_Slave_Level_Ultra\Obj\stm32l4xx_hal_tim_ex.o
#        D:\Saoviet_Git\Saoviet_Slave_Level_Ultrasonic\Project_Slave_Level_Ultra\EWARM\Project_Slave_Level_Ultra\Obj\stm32l4xx_hal_uart.o
#        D:\Saoviet_Git\Saoviet_Slave_Level_Ultrasonic\Project_Slave_Level_Ultra\EWARM\Project_Slave_Level_Ultra\Obj\stm32l4xx_hal_uart_ex.o
#        D:\Saoviet_Git\Saoviet_Slave_Level_Ultrasonic\Project_Slave_Level_Ultra\EWARM\Project_Slave_Level_Ultra\Obj\stm32l4xx_it.o
#        D:\Saoviet_Git\Saoviet_Slave_Level_Ultrasonic\Project_Slave_Level_Ultra\EWARM\Project_Slave_Level_Ultra\Obj\system_stm32l4xx.o
#        D:\Saoviet_Git\Saoviet_Slave_Level_Ultrasonic\Project_Slave_Level_Ultra\EWARM\Project_Slave_Level_Ultra\Obj\text.o
#        D:\Saoviet_Git\Saoviet_Slave_Level_Ultrasonic\Project_Slave_Level_Ultra\EWARM\Project_Slave_Level_Ultra\Obj\text_tiny.o
#        D:\Saoviet_Git\Saoviet_Slave_Level_Ultrasonic\Project_Slave_Level_Ultra\EWARM\Project_Slave_Level_Ultra\Obj\tim.o
#        D:\Saoviet_Git\Saoviet_Slave_Level_Ultrasonic\Project_Slave_Level_Ultra\EWARM\Project_Slave_Level_Ultra\Obj\unit_tests.o
#        D:\Saoviet_Git\Saoviet_Slave_Level_Ultrasonic\Project_Slave_Level_Ultra\EWARM\Project_Slave_Level_Ultra\Obj\usart.o
#        D:\Saoviet_Git\Saoviet_Slave_Level_Ultrasonic\Project_Slave_Level_Ultra\EWARM\Project_Slave_Level_Ultra\Obj\user_adv_trace.o
#        D:\Saoviet_Git\Saoviet_Slave_Level_Ultrasonic\Project_Slave_Level_Ultra\EWARM\Project_Slave_Level_Ultra\Obj\user_app_comm.o
#        D:\Saoviet_Git\Saoviet_Slave_Level_Ultrasonic\Project_Slave_Level_Ultra\EWARM\Project_Slave_Level_Ultra\Obj\user_app_modbus_rtu.o
#        D:\Saoviet_Git\Saoviet_Slave_Level_Ultrasonic\Project_Slave_Level_Ultra\EWARM\Project_Slave_Level_Ultra\Obj\user_app_rs485.o
#        D:\Saoviet_Git\Saoviet_Slave_Level_Ultrasonic\Project_Slave_Level_Ultra\EWARM\Project_Slave_Level_Ultra\Obj\user_app_sensor.o
#        D:\Saoviet_Git\Saoviet_Slave_Level_Ultrasonic\Project_Slave_Level_Ultra\EWARM\Project_Slave_Level_Ultra\Obj\user_at_serial.o
#        D:\Saoviet_Git\Saoviet_Slave_Level_Ultrasonic\Project_Slave_Level_Ultra\EWARM\Project_Slave_Level_Ultra\Obj\user_connect_sensor.o
#        D:\Saoviet_Git\Saoviet_Slave_Level_Ultrasonic\Project_Slave_Level_Ultra\EWARM\Project_Slave_Level_Ultra\Obj\user_convert_variable.o
#        D:\Saoviet_Git\Saoviet_Slave_Level_Ultrasonic\Project_Slave_Level_Ultra\EWARM\Project_Slave_Level_Ultra\Obj\user_internal_mem.o
#        D:\Saoviet_Git\Saoviet_Slave_Level_Ultrasonic\Project_Slave_Level_Ultra\EWARM\Project_Slave_Level_Ultra\Obj\user_mem_comm.o
#        D:\Saoviet_Git\Saoviet_Slave_Level_Ultrasonic\Project_Slave_Level_Ultra\EWARM\Project_Slave_Level_Ultra\Obj\user_modbus_rtu.o
#        D:\Saoviet_Git\Saoviet_Slave_Level_Ultrasonic\Project_Slave_Level_Ultra\EWARM\Project_Slave_Level_Ultra\Obj\user_obis_sv.o
#        D:\Saoviet_Git\Saoviet_Slave_Level_Ultrasonic\Project_Slave_Level_Ultra\EWARM\Project_Slave_Level_Ultra\Obj\user_rs485.o
#        D:\Saoviet_Git\Saoviet_Slave_Level_Ultrasonic\Project_Slave_Level_Ultra\EWARM\Project_Slave_Level_Ultra\Obj\user_rtc.o
#        D:\Saoviet_Git\Saoviet_Slave_Level_Ultrasonic\Project_Slave_Level_Ultra\EWARM\Project_Slave_Level_Ultra\Obj\user_string.o
#        D:\Saoviet_Git\Saoviet_Slave_Level_Ultrasonic\Project_Slave_Level_Ultra\EWARM\Project_Slave_Level_Ultra\Obj\user_time.o
#        D:\Saoviet_Git\Saoviet_Slave_Level_Ultrasonic\Project_Slave_Level_Ultra\EWARM\Project_Slave_Level_Ultra\Obj\user_timer.o
#        D:\Saoviet_Git\Saoviet_Slave_Level_Ultrasonic\Project_Slave_Level_Ultra\EWARM\Project_Slave_Level_Ultra\Obj\user_tiny_vsnprintf.o
#        D:\Saoviet_Git\Saoviet_Slave_Level_Ultrasonic\Project_Slave_Level_Ultra\EWARM\Project_Slave_Level_Ultra\Obj\user_uart.o
#        D:\Saoviet_Git\Saoviet_Slave_Level_Ultrasonic\Project_Slave_Level_Ultra\EWARM\Project_Slave_Level_Ultra\Obj\user_util.o
#        --no_out_extension -o
#        D:\Saoviet_Git\Saoviet_Slave_Level_Ultrasonic\Project_Slave_Level_Ultra\EWARM\Project_Slave_Level_Ultra\Exe\Project_Slave_Level_Ultra.out
#        --redirect _Printf=_PrintfFullNoMb --redirect _Scanf=_ScanfFullNoMb
#        --map
#        D:\Saoviet_Git\Saoviet_Slave_Level_Ultrasonic\Project_Slave_Level_Ultra\EWARM\Project_Slave_Level_Ultra\List\Project_Slave_Level_Ultra.map
#        --config
#        D:\Saoviet_Git\Saoviet_Slave_Level_Ultrasonic\Project_Slave_Level_Ultra\EWARM/stm32l433xx_flash.icf
#        --semihosting --entry __iar_program_start --vfe --text_out locale)
#
###############################################################################

*******************************************************************************
*** RUNTIME MODEL ATTRIBUTES
***

CppFlavor       = *
__Heap_Handler  = DLMalloc
__SystemLibrary = DLib
__dlib_version  = 6


*******************************************************************************
*** HEAP SELECTION
***

The advanced heap was selected because the application calls memory
allocation functions outside of system library functions, and there
are calls to deallocation functions in the application.


*******************************************************************************
*** PLACEMENT SUMMARY
***

"A0":  place at address 0x800'0000 { ro section .intvec };
"P1":  place in [from 0x800'0000 to 0x803'ffff] { ro };
define block CSTACK with size = 1K, alignment = 8 { };
define block HEAP with size = 512, alignment = 8 { };
"P2":  place in [from 0x2000'0000 to 0x2000'ffff] {
          rw, block CSTACK, block HEAP };
initialize by copy { rw };

  Section            Kind         Address    Size  Object
  -------            ----         -------    ----  ------
"A0":                                       0x18c
  .intvec            ro code   0x800'0000   0x18c  startup_stm32l433xx.o [1]
                             - 0x800'018c   0x18c

"P1":                                      0xf4ab
  .text              ro code   0x800'018c  0x1210  user_app_sensor.o [1]
  .text              ro code   0x800'139c   0x264  stm32l4xx_hal_dac.o [1]
  .text              ro code   0x800'1600     0xc  stm32l4xx_hal.o [1]
  .text              ro code   0x800'160c    0x42  event_driven.o [1]
  .text              ro code   0x800'164e    0x3a  zero_init3.o [4]
  .text              ro code   0x800'1688   0x21c  user_util.o [1]
  .text              ro code   0x800'18a4    0x80  stm32l4xx_hal_iwdg.o [1]
  .text              ro code   0x800'1924    0x66  ABImemset.o [4]
  .text              ro code   0x800'198a     0xa  xsprout.o [2]
  .text              ro code   0x800'1994   0x40c  user_convert_variable.o [1]
  .text              ro code   0x800'1da0   0x172  onchipflash.o [1]
  .rodata            const     0x800'1f12     0x2  xlocale_c.o [2]
  .text              ro code   0x800'1f14   0xa5c  user_app_modbus_rtu.o [1]
  .text              ro code   0x800'2970  0x107c  stm32l4xx_hal_uart.o [1]
  .text              ro code   0x800'39ec    0xa6  ABImemcpy.o [4]
  .rodata            const     0x800'3a92     0x1  xlocale_c.o [2]
  .text              ro code   0x800'3a94    0x70  user_connect_sensor.o [1]
  .text              ro code   0x800'3b04    0xb8  dac.o [1]
  .text              ro code   0x800'3bbc    0x28  stm32l4xx_hal.o [1]
  .text              ro code   0x800'3be4    0x36  strlen.o [4]
  .text              ro code   0x800'3c1c    0x22  S32ToDbl.o [3]
  .text              ro code   0x800'3c40    0x16  math_wrappers64.o [3]
  .text              ro code   0x800'3c58   0x246  DblDiv.o [3]
  .text              ro code   0x800'3ea0    0x68  DblToFlt.o [3]
  .text              ro code   0x800'3f08    0x1a  U32ToDbl.o [3]
  .text              ro code   0x800'3f24    0x48  FltToDbl.o [3]
  .text              ro code   0x800'3f6c    0x40  sprintf.o [2]
  .text              ro code   0x800'3fac   0x230  I64DivMod.o [4]
  .text              ro code   0x800'41dc   0x1a2  DblMul.o [3]
  .text              ro code   0x800'4380   0x17a  DblAdd.o [3]
  .text              ro code   0x800'44fc    0x3a  DblToS32.o [3]
  .text              ro code   0x800'4538   0x1b8  stm32l4xx_hal_flash.o [1]
  .text              ro code   0x800'46f0    0xa0  stm32l4xx_hal_flash_ex.o [1]
  .text              ro code   0x800'4790   0x380  stm32l4xx_hal_gpio.o [1]
  .text              ro code   0x800'4b10   0x1cc  user_modbus_rtu.o [1]
  .text              ro code   0x800'4cdc   0x3a0  usart.o [1]
  .text              ro code   0x800'507c   0x426  stm32l4xx_hal_dma.o [1]
  .text              ro code   0x800'54a4   0x128  user_uart.o [1]
  .text              ro code   0x800'55cc    0x72  stm32l4xx_hal_uart_ex.o [1]
  .text              ro code   0x800'5640   0x9fc  stm32l4xx_hal_rcc.o [1]
  .text              ro code   0x800'603c     0x2  stm32l4xx_hal_uart.o [1]
  .text              ro code   0x800'603e     0x2  stm32l4xx_hal_uart.o [1]
  .text              ro code   0x800'6040   0x194  stm32l4xx_hal_cortex.o [1]
  .text              ro code   0x800'61d4    0x14  memset.o [4]
  .text              ro code   0x800'61e8    0xce  main.o [1]
  .text              ro code   0x800'62b8   0x6ec  pow64.o [3]
  .text              ro code   0x800'69a4   0xfc6  xprintffull_nomb.o [2]
  .text              ro code   0x800'796c     0x2  I64DivZer.o [4]
  .text              ro code   0x800'7970    0xe2  DblSub.o [3]
  .text              ro code   0x800'7a54   0x4e8  stm32l4xx_hal_rcc_ex.o [1]
  .text              ro code   0x800'7f3c   0x4f4  user_app_comm.o [1]
  .text              ro code   0x800'8430    0x70  user_rs485.o [1]
  .text              ro code   0x800'84a0   0x23a  user_adv_trace.o [1]
  .text              ro code   0x800'86dc    0x60  stm32l4xx_hal.o [1]
  .text              ro code   0x800'873c    0x94  stm32l4xx_hal_pwr_ex.o [1]
  .text              ro code   0x800'87d0    0x24  stm32l4xx_hal.o [1]
  .text              ro code   0x800'87f4   0x158  gpio.o [1]
  .text              ro code   0x800'894c    0x60  dma.o [1]
  .text              ro code   0x800'89ac    0x2c  iwdg.o [1]
  .text              ro code   0x800'89d8   0x150  rtc.o [1]
  .text              ro code   0x800'8b28    0xc8  spi.o [1]
  .text              ro code   0x800'8bf0    0xb0  tim.o [1]
  .text              ro code   0x800'8ca0    0x20  DblCmpEq.o [3]
  .text              ro code   0x800'8cc0    0x70  frexp.o [3]
  .text              ro code   0x800'8d30    0x2e  DblCmpLe.o [3]
  .text              ro code   0x800'8d60    0x2e  DblCmpGe.o [3]
  .text              ro code   0x800'8d90   0x3e8  iar_Exp64.o [3]
  .text              ro code   0x800'9178    0x16  strchr.o [4]
  .text              ro code   0x800'9190    0x40  xfail_s.o [2]
  .text              ro code   0x800'91d0    0x58  memchr.o [4]
  .text              ro code   0x800'9228   0x13a  ldexp.o [3]
  .text              ro code   0x800'9364    0x28  DblToU32.o [3]
  .text              ro code   0x800'938c     0x8  xlocale_c.o [2]
  .text              ro code   0x800'9394   0x310  user_timer.o [1]
  .text              ro code   0x800'96a4   0x1dc  user_at_serial.o [1]
  .text              ro code   0x800'9880    0x58  user_time.o [1]
  .text              ro code   0x800'98d8   0x144  user_app_rs485.o [1]
  .text              ro code   0x800'9a1c   0x9b8  lcd_display.o [1]
  .text              ro code   0x800'a3d4   0x350  user_tiny_vsnprintf.o [1]
  .text              ro code   0x800'a724    0x38  stm32l4xx_hal_msp.o [1]
  .text              ro code   0x800'a75c   0x78e  stm32l4xx_hal_rtc.o [1]
  .text              ro code   0x800'aeec   0x52a  stm32l4xx_hal_spi.o [1]
  .text              ro code   0x800'b418   0x3ca  stm32l4xx_hal_tim.o [1]
  .text              ro code   0x800'b7e4    0x7c  stm32l4xx_hal_tim_ex.o [1]
  .text              ro code   0x800'b860     0x6  abort.o [2]
  .text              ro code   0x800'b866   0x1e6  user_string.o [1]
  .text              ro code   0x800'ba4c    0xa4  STM32L4.o [1]
  .text              ro code   0x800'baf0    0xe8  glcd.o [1]
  .text              ro code   0x800'bbd8   0x154  ST7565R.o [1]
  .text              ro code   0x800'bd2c   0x290  text_tiny.o [1]
  .text              ro code   0x800'bfbc    0x14  unit_tests.o [1]
  .text              ro code   0x800'bfd0   0xd70  button.o [1]
  .text              ro code   0x800'cd40   0x390  text.o [1]
  .text              ro code   0x800'd0d0   0x3a8  user_rtc.o [1]
  .text              ro code   0x800'd478     0x2  stm32l4xx_hal_rtc_ex.o [1]
  .text              ro code   0x800'd47a     0x2  stm32l4xx_hal_tim.o [1]
  .text              ro code   0x800'd47c     0x2  stm32l4xx_hal_tim.o [1]
  .text              ro code   0x800'd47e     0x2  stm32l4xx_hal_tim.o [1]
  .text              ro code   0x800'd480     0x2  stm32l4xx_hal_tim_ex.o [1]
  .text              ro code   0x800'd482     0x2  stm32l4xx_hal_tim_ex.o [1]
  .text              ro code   0x800'd484     0x2  stm32l4xx_hal_tim.o [1]
  .text              ro code   0x800'd486     0x2  stm32l4xx_hal_tim_ex.o [1]
  .text              ro code   0x800'd488    0x14  exit.o [5]
  .text              ro code   0x800'd49c    0xf4  graphics.o [1]
  .text              ro code   0x800'd590    0x48  stm32l4xx_hal_rtc_ex.o [1]
  .rodata            const     0x800'd5d8   0x548  lcd_display.o [1]
  .rodata            const     0x800'db20    0x34  user_app_sensor.o [1]
  .rodata            const     0x800'db58   0x420  pow64.o [3]
  .rodata            const     0x800'df78   0x228  lcd_display.o [1]
  .rodata            const     0x800'e1a0   0x214  lcd_display.o [1]
  .rodata            const     0x800'e3b4   0x200  unit_tests.o [1]
  .text              ro code   0x800'e5b4    0x94  stm32l4xx_it.o [1]
  .text              ro code   0x800'e648    0x18  stm32l4xx_hal.o [1]
  .text              ro code   0x800'e660    0x78  lz77_init_single.o [4]
  .rodata            const     0x800'e6d8    0x34  user_app_sensor.o [1]
  .rodata            const     0x800'e70c    0x34  user_app_sensor.o [1]
  .rodata            const     0x800'e740    0x34  user_app_sensor.o [1]
  .rodata            const     0x800'e774    0x34  user_app_sensor.o [1]
  .rodata            const     0x800'e7a8    0x34  user_app_sensor.o [1]
  .rodata            const     0x800'e7dc    0x34  user_app_sensor.o [1]
  .rodata            const     0x800'e810    0x30  system_stm32l4xx.o [1]
  .rodata            const     0x800'e840    0x2c  user_rtc.o [1]
  .rodata            const     0x800'e86c    0x28  user_tiny_vsnprintf.o [1]
  .rodata            const     0x800'e894    0x28  user_tiny_vsnprintf.o [1]
  .text              ro code   0x800'e8bc    0x28  data_init.o [4]
  .text              ro code   0x800'e8e4    0x22  fpinit_M.o [3]
  .iar.init_table    const     0x800'e908    0x20  - Linker created -
  .rodata            const     0x800'e928    0x20  user_app_comm.o [1]
  .rodata            const     0x800'e948    0x20  user_rtc.o [1]
  .text              ro code   0x800'e968    0x1e  cmain.o [4]
  .text              ro code   0x800'e986     0x4  low_level_init.o [2]
  .text              ro code   0x800'e98a     0x4  exit.o [2]
  .text              ro code   0x800'e990     0xa  cexit.o [4]
  .rodata            const     0x800'e99c    0x1c  user_app_comm.o [1]
  .rodata            const     0x800'e9b8    0x1c  user_app_comm.o [1]
  .rodata            const     0x800'e9d4    0x1c  user_app_comm.o [1]
  .rodata            const     0x800'e9f0    0x1c  user_uart.o [1]
  .rodata            const     0x800'ea0c    0x18  user_app_comm.o [1]
  .rodata            const     0x800'ea24    0x14  lcd_display.o [1]
  .rodata            const     0x800'ea38    0x14  lcd_display.o [1]
  .rodata            const     0x800'ea4c    0x14  user_app_comm.o [1]
  .rodata            const     0x800'ea60    0x14  user_at_serial.o [1]
  .rodata            const     0x800'ea74    0x14  user_at_serial.o [1]
  .rodata            const     0x800'ea88    0x14  user_at_serial.o [1]
  .rodata            const     0x800'ea9c    0x14  user_at_serial.o [1]
  .rodata            const     0x800'eab0    0x14  user_at_serial.o [1]
  .rodata            const     0x800'eac4    0x10  lcd_display.o [1]
  .rodata            const     0x800'ead4    0x10  lcd_display.o [1]
  .rodata            const     0x800'eae4    0x10  lcd_display.o [1]
  .rodata            const     0x800'eaf4    0x10  lcd_display.o [1]
  .rodata            const     0x800'eb04    0x10  lcd_display.o [1]
  .rodata            const     0x800'eb14    0x10  lcd_display.o [1]
  .rodata            const     0x800'eb24    0x10  lcd_display.o [1]
  .rodata            const     0x800'eb34    0x10  lcd_display.o [1]
  .rodata            const     0x800'eb44    0x10  system_stm32l4xx.o [1]
  .rodata            const     0x800'eb54    0x10  user_app_sensor.o [1]
  .rodata            const     0x800'eb64    0x10  user_at_serial.o [1]
  .rodata            const     0x800'eb74    0x10  user_at_serial.o [1]
  .rodata            const     0x800'eb84    0x10  user_at_serial.o [1]
  .rodata            const     0x800'eb94    0x10  user_at_serial.o [1]
  .rodata            const     0x800'eba4    0x10  user_at_serial.o [1]
  .rodata            const     0x800'ebb4    0x10  user_at_serial.o [1]
  .rodata            const     0x800'ebc4    0x10  user_at_serial.o [1]
  .rodata            const     0x800'ebd4    0x10  user_at_serial.o [1]
  .rodata            const     0x800'ebe4    0x10  user_at_serial.o [1]
  .rodata            const     0x800'ebf4    0x10  user_at_serial.o [1]
  .rodata            const     0x800'ec04    0x10  user_at_serial.o [1]
  .rodata            const     0x800'ec14    0x10  user_at_serial.o [1]
  .rodata            const     0x800'ec24    0x10  user_at_serial.o [1]
  .rodata            const     0x800'ec34    0x10  user_at_serial.o [1]
  .rodata            const     0x800'ec44    0x10  user_at_serial.o [1]
  .rodata            const     0x800'ec54    0x10  user_at_serial.o [1]
  .rodata            const     0x800'ec64    0x10  user_at_serial.o [1]
  .rodata            const     0x800'ec74    0x10  user_at_serial.o [1]
  .rodata            const     0x800'ec84    0x10  user_at_serial.o [1]
  .rodata            const     0x800'ec94    0x10  user_at_serial.o [1]
  .rodata            const     0x800'eca4    0x10  user_at_serial.o [1]
  .rodata            const     0x800'ecb4    0x10  user_at_serial.o [1]
  .rodata            const     0x800'ecc4    0x10  user_at_serial.o [1]
  .rodata            const     0x800'ecd4    0x10  user_at_serial.o [1]
  .rodata            const     0x800'ece4    0x10  user_at_serial.o [1]
  .rodata            const     0x800'ecf4    0x10  user_at_serial.o [1]
  .rodata            const     0x800'ed04    0x10  user_at_serial.o [1]
  .rodata            const     0x800'ed14    0x10  user_at_serial.o [1]
  .rodata            const     0x800'ed24    0x10  user_at_serial.o [1]
  .rodata            const     0x800'ed34    0x10  user_at_serial.o [1]
  .rodata            const     0x800'ed44    0x10  user_at_serial.o [1]
  .rodata            const     0x800'ed54    0x10  user_at_serial.o [1]
  .rodata            const     0x800'ed64    0x10  user_at_serial.o [1]
  .rodata            const     0x800'ed74    0x10  user_at_serial.o [1]
  .rodata            const     0x800'ed84    0x10  user_at_serial.o [1]
  .rodata            const     0x800'ed94    0x10  user_at_serial.o [1]
  .rodata            const     0x800'eda4    0x10  user_at_serial.o [1]
  .text              ro code   0x800'edb4    0x10  startup_stm32l433xx.o [1]
  .text              ro code   0x800'edc4    0x10  system_stm32l4xx.o [1]
  .rodata            const     0x800'edd4     0xc  lcd_display.o [1]
  .rodata            const     0x800'ede0     0xc  lcd_display.o [1]
  .rodata            const     0x800'edec     0xc  lcd_display.o [1]
  .rodata            const     0x800'edf8     0xc  lcd_display.o [1]
  .rodata            const     0x800'ee04     0xc  lcd_display.o [1]
  .rodata            const     0x800'ee10     0xc  lcd_display.o [1]
  .rodata            const     0x800'ee1c     0xc  user_app_comm.o [1]
  .rodata            const     0x800'ee28     0xc  user_app_sensor.o [1]
  .rodata            const     0x800'ee34     0xc  user_at_serial.o [1]
  .rodata            const     0x800'ee40     0xc  user_at_serial.o [1]
  .rodata            const     0x800'ee4c     0xc  user_at_serial.o [1]
  .rodata            const     0x800'ee58     0xc  user_at_serial.o [1]
  .rodata            const     0x800'ee64     0xc  user_at_serial.o [1]
  .rodata            const     0x800'ee70     0xc  user_at_serial.o [1]
  .rodata            const     0x800'ee7c     0xc  user_at_serial.o [1]
  .rodata            const     0x800'ee88     0xc  user_at_serial.o [1]
  .rodata            const     0x800'ee94     0xc  user_at_serial.o [1]
  .rodata            const     0x800'eea0     0xc  user_at_serial.o [1]
  .rodata            const     0x800'eeac     0xc  user_at_serial.o [1]
  .rodata            const     0x800'eeb8     0xc  user_at_serial.o [1]
  .rodata            const     0x800'eec4     0xc  user_at_serial.o [1]
  .rodata            const     0x800'eed0     0xc  user_at_serial.o [1]
  .rodata            const     0x800'eedc     0xc  user_at_serial.o [1]
  .rodata            const     0x800'eee8     0xc  user_at_serial.o [1]
  .rodata            const     0x800'eef4     0xc  user_at_serial.o [1]
  .rodata            const     0x800'ef00     0xc  user_at_serial.o [1]
  .rodata            const     0x800'ef0c     0xc  user_at_serial.o [1]
  .rodata            const     0x800'ef18     0xc  user_at_serial.o [1]
  .rodata            const     0x800'ef24     0xc  user_at_serial.o [1]
  .rodata            const     0x800'ef30     0xc  user_at_serial.o [1]
  .rodata            const     0x800'ef3c     0xc  user_at_serial.o [1]
  .rodata            const     0x800'ef48     0xc  user_at_serial.o [1]
  .rodata            const     0x800'ef54     0xc  user_at_serial.o [1]
  .rodata            const     0x800'ef60     0xc  user_at_serial.o [1]
  .rodata            const     0x800'ef6c     0xc  user_at_serial.o [1]
  .rodata            const     0x800'ef78     0xc  user_at_serial.o [1]
  .rodata            const     0x800'ef84     0xc  user_rtc.o [1]
  .rodata            const     0x800'ef90     0xc  user_rtc.o [1]
  .text              ro code   0x800'ef9c     0xc  cstartup_M.o [4]
  .rodata            const     0x800'efa8     0x8  lcd_display.o [1]
  .rodata            const     0x800'efb0     0x8  lcd_display.o [1]
  .rodata            const     0x800'efb8     0x8  lcd_display.o [1]
  .rodata            const     0x800'efc0     0x8  lcd_display.o [1]
  .rodata            const     0x800'efc8     0x8  lcd_display.o [1]
  .rodata            const     0x800'efd0     0x8  lcd_display.o [1]
  .rodata            const     0x800'efd8     0x8  lcd_display.o [1]
  .rodata            const     0x800'efe0     0x8  system_stm32l4xx.o [1]
  .rodata            const     0x800'efe8     0x8  user_app_modbus_rtu.o [1]
  .rodata            const     0x800'eff0     0x8  user_app_modbus_rtu.o [1]
  .rodata            const     0x800'eff8     0x8  user_app_sensor.o [1]
  .rodata            const     0x800'f000     0x8  user_app_sensor.o [1]
  .rodata            const     0x800'f008     0x8  user_app_sensor.o [1]
  .rodata            const     0x800'f010     0x8  user_app_sensor.o [1]
  .rodata            const     0x800'f018     0x8  user_app_sensor.o [1]
  .rodata            const     0x800'f020     0x8  user_app_sensor.o [1]
  .rodata            const     0x800'f028     0x8  user_app_sensor.o [1]
  .rodata            const     0x800'f030     0x8  user_app_sensor.o [1]
  .rodata            const     0x800'f038     0x8  user_app_sensor.o [1]
  .rodata            const     0x800'f040     0x8  user_at_serial.o [1]
  .rodata            const     0x800'f048     0x8  user_at_serial.o [1]
  .rodata            const     0x800'f050     0x8  user_at_serial.o [1]
  .rodata            const     0x800'f058     0x8  user_at_serial.o [1]
  .rodata            const     0x800'f060     0x8  user_at_serial.o [1]
  .rodata            const     0x800'f068     0x8  user_tiny_vsnprintf.o [1]
  .rodata            const     0x800'f070     0x8  user_util.o [1]
  .rodata            const     0x800'f078     0x8  xprintffull_nomb.o [2]
  .rodata            const     0x800'f080     0x4  lcd_display.o [1]
  .rodata            const     0x800'f084     0x4  lcd_display.o [1]
  .text              ro code   0x800'f088     0x4  startup_stm32l433xx.o [1]
  .text              ro code   0x800'f08c     0x4  startup_stm32l433xx.o [1]
  .text              ro code   0x800'f090     0x4  startup_stm32l433xx.o [1]
  .text              ro code   0x800'f094     0x4  startup_stm32l433xx.o [1]
  .text              ro code   0x800'f098     0x4  startup_stm32l433xx.o [1]
  .text              ro code   0x800'f09c     0x4  startup_stm32l433xx.o [1]
  .text              ro code   0x800'f0a0     0x4  startup_stm32l433xx.o [1]
  .text              ro code   0x800'f0a4     0x4  startup_stm32l433xx.o [1]
  .text              ro code   0x800'f0a8     0x4  startup_stm32l433xx.o [1]
  .text              ro code   0x800'f0ac     0x4  startup_stm32l433xx.o [1]
  .text              ro code   0x800'f0b0     0x4  startup_stm32l433xx.o [1]
  .text              ro code   0x800'f0b4     0x4  startup_stm32l433xx.o [1]
  .text              ro code   0x800'f0b8     0x4  startup_stm32l433xx.o [1]
  .text              ro code   0x800'f0bc     0x4  startup_stm32l433xx.o [1]
  .text              ro code   0x800'f0c0     0x4  startup_stm32l433xx.o [1]
  .text              ro code   0x800'f0c4     0x4  startup_stm32l433xx.o [1]
  .text              ro code   0x800'f0c8     0x4  startup_stm32l433xx.o [1]
  .text              ro code   0x800'f0cc     0x4  startup_stm32l433xx.o [1]
  .text              ro code   0x800'f0d0     0x4  startup_stm32l433xx.o [1]
  .text              ro code   0x800'f0d4     0x4  startup_stm32l433xx.o [1]
  .text              ro code   0x800'f0d8     0x4  startup_stm32l433xx.o [1]
  .text              ro code   0x800'f0dc     0x4  startup_stm32l433xx.o [1]
  .text              ro code   0x800'f0e0     0x4  startup_stm32l433xx.o [1]
  .text              ro code   0x800'f0e4     0x4  startup_stm32l433xx.o [1]
  .text              ro code   0x800'f0e8     0x4  startup_stm32l433xx.o [1]
  .text              ro code   0x800'f0ec     0x4  startup_stm32l433xx.o [1]
  .text              ro code   0x800'f0f0     0x4  startup_stm32l433xx.o [1]
  .text              ro code   0x800'f0f4     0x4  startup_stm32l433xx.o [1]
  .text              ro code   0x800'f0f8     0x4  startup_stm32l433xx.o [1]
  .text              ro code   0x800'f0fc     0x4  startup_stm32l433xx.o [1]
  .text              ro code   0x800'f100     0x4  startup_stm32l433xx.o [1]
  .text              ro code   0x800'f104     0x4  startup_stm32l433xx.o [1]
  .text              ro code   0x800'f108     0x4  startup_stm32l433xx.o [1]
  .text              ro code   0x800'f10c     0x4  startup_stm32l433xx.o [1]
  .text              ro code   0x800'f110     0x4  startup_stm32l433xx.o [1]
  .text              ro code   0x800'f114     0x4  startup_stm32l433xx.o [1]
  .text              ro code   0x800'f118     0x4  startup_stm32l433xx.o [1]
  .text              ro code   0x800'f11c     0x4  startup_stm32l433xx.o [1]
  .text              ro code   0x800'f120     0x4  startup_stm32l433xx.o [1]
  .text              ro code   0x800'f124     0x4  startup_stm32l433xx.o [1]
  .text              ro code   0x800'f128     0x4  startup_stm32l433xx.o [1]
  .text              ro code   0x800'f12c     0x4  startup_stm32l433xx.o [1]
  .text              ro code   0x800'f130     0x4  startup_stm32l433xx.o [1]
  .text              ro code   0x800'f134     0x4  startup_stm32l433xx.o [1]
  .text              ro code   0x800'f138     0x4  startup_stm32l433xx.o [1]
  .text              ro code   0x800'f13c     0x4  startup_stm32l433xx.o [1]
  .text              ro code   0x800'f140     0x4  startup_stm32l433xx.o [1]
  .text              ro code   0x800'f144     0x4  startup_stm32l433xx.o [1]
  .text              ro code   0x800'f148     0x4  startup_stm32l433xx.o [1]
  .text              ro code   0x800'f14c     0x4  startup_stm32l433xx.o [1]
  .text              ro code   0x800'f150     0x4  startup_stm32l433xx.o [1]
  .text              ro code   0x800'f154     0x4  startup_stm32l433xx.o [1]
  .text              ro code   0x800'f158     0x4  startup_stm32l433xx.o [1]
  .text              ro code   0x800'f15c     0x4  startup_stm32l433xx.o [1]
  .text              ro code   0x800'f160     0x4  startup_stm32l433xx.o [1]
  .text              ro code   0x800'f164     0x4  startup_stm32l433xx.o [1]
  .text              ro code   0x800'f168     0x4  startup_stm32l433xx.o [1]
  .text              ro code   0x800'f16c     0x4  startup_stm32l433xx.o [1]
  .rodata            const     0x800'f170     0x0  zero_init3.o [4]
  .rodata            const     0x800'f170     0x0  lz77_init_single.o [4]
  Initializer bytes  const     0x800'f170   0x4c7  <for P2-1>
                             - 0x800'f637  0xf4ab

"P2", part 1 of 3:                          0xad5
  P2-1                        0x2000'0000   0xad5  <Init block>
    .data            inited   0x2000'0000     0xc  button.o [1]
    .data            inited   0x2000'000c    0x60  lcd_display.o [1]
    .data            inited   0x2000'006c     0x8  lcd_display.o [1]
    .data            inited   0x2000'0074     0x4  lcd_display.o [1]
    .data            inited   0x2000'0078    0x10  lcd_display.o [1]
    .data            inited   0x2000'0088    0x10  lcd_display.o [1]
    .data            inited   0x2000'0098    0x10  lcd_display.o [1]
    .data            inited   0x2000'00a8    0x10  lcd_display.o [1]
    .data            inited   0x2000'00b8    0x10  lcd_display.o [1]
    .data            inited   0x2000'00c8   0x2b8  lcd_display.o [1]
    .data            inited   0x2000'0380     0x4  stm32l4xx_hal.o [1]
    .data            inited   0x2000'0384    0x20  stm32l4xx_hal_flash.o [1]
    .data            inited   0x2000'03a4     0x4  system_stm32l4xx.o [1]
    .data            inited   0x2000'03a8    0x70  user_app_comm.o [1]
    .data            inited   0x2000'0418     0x8  user_app_comm.o [1]
    .data            inited   0x2000'0420     0x8  user_app_comm.o [1]
    .data            inited   0x2000'0428    0xdc  user_app_modbus_rtu.o [1]
    .data            inited   0x2000'0504    0x2c  user_app_modbus_rtu.o [1]
    .data            inited   0x2000'0530     0x8  user_app_modbus_rtu.o [1]
    .data            inited   0x2000'0538    0x40  user_app_rs485.o [1]
    .data            inited   0x2000'0578    0x60  user_app_sensor.o [1]
    .data            inited   0x2000'05d8     0x8  user_at_serial.o [1]
    .data            inited   0x2000'05e0   0x4a0  user_at_serial.o [1]
    .data            inited   0x2000'0a80     0x8  user_connect_sensor.o [1]
    .data            inited   0x2000'0a88     0x8  user_rs485.o [1]
    .data            inited   0x2000'0a90     0x4  user_tiny_vsnprintf.o [1]
    .data            inited   0x2000'0a94     0x4  user_tiny_vsnprintf.o [1]
    .data            inited   0x2000'0a98    0x38  xlocale_c.o [2]
    .data            inited   0x2000'0ad0     0x2  user_app_modbus_rtu.o [1]
    .data            inited   0x2000'0ad2     0x1  lcd_display.o [1]
    .data            inited   0x2000'0ad3     0x1  stm32l4xx_hal.o [1]
    .data            inited   0x2000'0ad4     0x1  user_util.o [1]
                            - 0x2000'0ad5   0xad5

"P2", part 2 of 3:                         0x1a94
  .bss               zero     0x2000'0ad8   0x4b0  user_app_comm.o [1]
  .bss               zero     0x2000'0f88   0x400  user_adv_trace.o [1]
  .bss               zero     0x2000'1388   0x200  glcd.o [1]
  .bss               zero     0x2000'1588   0x200  user_adv_trace.o [1]
  .bss               zero     0x2000'1788   0x200  user_connect_sensor.o [1]
  .bss               zero     0x2000'1988   0x200  user_rs485.o [1]
  .bss               zero     0x2000'1b88   0x15c  lcd_display.o [1]
  .bss               zero     0x2000'1ce4    0x88  usart.o [1]
  .bss               zero     0x2000'1d6c    0x88  usart.o [1]
  .bss               zero     0x2000'1df4    0x88  usart.o [1]
  .bss               zero     0x2000'1e7c    0x80  user_app_modbus_rtu.o [1]
  .bss               zero     0x2000'1efc    0x80  user_app_modbus_rtu.o [1]
  .bss               zero     0x2000'1f7c    0x80  user_app_modbus_rtu.o [1]
  .bss               zero     0x2000'1ffc    0x80  user_at_serial.o [1]
  .bss               zero     0x2000'207c    0x80  user_at_serial.o [1]
  .bss               zero     0x2000'20fc    0x64  spi.o [1]
  .bss               zero     0x2000'2160    0x64  user_app_comm.o [1]
  .bss               zero     0x2000'21c4    0x58  lcd_display.o [1]
  .bss               zero     0x2000'221c    0x4c  tim.o [1]
  .bss               zero     0x2000'2268    0x48  usart.o [1]
  .bss               zero     0x2000'22b0    0x48  usart.o [1]
  .bss               zero     0x2000'22f8    0x48  usart.o [1]
  .bss               zero     0x2000'2340    0x3c  user_app_sensor.o [1]
  .bss               zero     0x2000'237c    0x3c  user_app_sensor.o [1]
  .bss               zero     0x2000'23b8    0x2c  user_rtc.o [1]
  .bss               zero     0x2000'23e4    0x28  lcd_display.o [1]
  .bss               zero     0x2000'240c    0x24  rtc.o [1]
  .bss               zero     0x2000'2430    0x20  user_app_sensor.o [1]
  .bss               zero     0x2000'2450    0x1c  user_rtc.o [1]
  .bss               zero     0x2000'246c    0x18  button.o [1]
  .bss               zero     0x2000'2484    0x18  user_adv_trace.o [1]
  .bss               zero     0x2000'249c    0x18  user_app_comm.o [1]
  .bss               zero     0x2000'24b4    0x14  dac.o [1]
  .bss               zero     0x2000'24c8    0x10  iwdg.o [1]
  .bss               zero     0x2000'24d8    0x10  lcd_display.o [1]
  .bss               zero     0x2000'24e8     0xc  text.o [1]
  .bss               zero     0x2000'24f4     0xc  user_app_sensor.o [1]
  .bss               zero     0x2000'2500     0xc  user_util.o [1]
  .bss               zero     0x2000'250c     0x8  user_app_sensor.o [1]
  .bss               zero     0x2000'2514     0x4  button.o [1]
  .bss               zero     0x2000'2518     0x4  glcd.o [1]
  .bss               zero     0x2000'251c     0x4  glcd.o [1]
  .bss               zero     0x2000'2520     0x4  glcd.o [1]
  .bss               zero     0x2000'2524     0x4  lcd_display.o [1]
  .bss               zero     0x2000'2528     0x4  lcd_display.o [1]
  .bss               zero     0x2000'252c     0x4  stm32l4xx_hal.o [1]
  .bss               zero     0x2000'2530     0x4  user_app_comm.o [1]
  .bss               zero     0x2000'2534     0x4  user_app_sensor.o [1]
  .bss               zero     0x2000'2538     0x4  user_app_sensor.o [1]
  .bss               zero     0x2000'253c     0x4  user_rtc.o [1]
  .bss               zero     0x2000'2540     0x4  user_timer.o [1]
  .bss               zero     0x2000'2544     0x4  user_util.o [1]
  .bss               zero     0x2000'2548     0x4  user_util.o [1]
  .bss               zero     0x2000'254c     0x4  user_util.o [1]
  .bss               zero     0x2000'2550     0x4  xfail_s.o [2]
  .bss               zero     0x2000'2554     0x2  lcd_display.o [1]
  .bss               zero     0x2000'2556     0x2  user_app_comm.o [1]
  .bss               zero     0x2000'2558     0x2  user_app_comm.o [1]
  .bss               zero     0x2000'255a     0x2  user_uart.o [1]
  .bss               zero     0x2000'255c     0x1  button.o [1]
  .bss               zero     0x2000'255d     0x1  lcd_display.o [1]
  .bss               zero     0x2000'255e     0x1  lcd_display.o [1]
  .bss               zero     0x2000'255f     0x1  lcd_display.o [1]
  .bss               zero     0x2000'2560     0x1  user_app_comm.o [1]
  .bss               zero     0x2000'2561     0x1  user_app_rs485.o [1]
  .bss               zero     0x2000'2562     0x1  user_app_sensor.o [1]
  .bss               zero     0x2000'2563     0x1  user_at_serial.o [1]
  .bss               zero     0x2000'2564     0x1  user_connect_sensor.o [1]
  .bss               zero     0x2000'2565     0x1  user_connect_sensor.o [1]
  .bss               zero     0x2000'2566     0x1  user_rs485.o [1]
  .bss               zero     0x2000'2567     0x1  user_rs485.o [1]
  .bss               zero     0x2000'2568     0x1  user_rtc.o [1]
  .bss               zero     0x2000'2569     0x1  user_uart.o [1]
                            - 0x2000'256a  0x1a92

"P2", part 3 of 3:                          0x400
  CSTACK                      0x2000'2570   0x400  <Block>
    CSTACK           uninit   0x2000'2570   0x400  <Block tail>
                            - 0x2000'2970   0x400

Unused ranges:

         From           To      Size
         ----           --      ----
   0x800'f637   0x803'ffff  0x3'09c9
  0x2000'0ad5  0x2000'0ad7       0x3
  0x2000'256c  0x2000'256f       0x4
  0x2000'2970  0x2000'ffff    0xd690


*******************************************************************************
*** INIT TABLE
***

          Address      Size
          -------      ----
Zero (__iar_zero_init3)
    1 destination range, total size 0x1a92:
          0x2000'0ad8  0x1a92

Copy/lz77 (__iar_lz77_init_single3)
    1 source range, total size 0x4c7 (44% of destination):
           0x800'f170   0x4c7
    1 destination range, total size 0xad5:
          0x2000'0000   0xad5



*******************************************************************************
*** MODULE SUMMARY
***

    Module                    ro code  ro data  rw data
    ------                    -------  -------  -------
command line/config:
    ---------------------------------------------------
    Total:

D:\Saoviet_Git\Saoviet_Slave_Level_Ultrasonic\Project_Slave_Level_Ultra\EWARM\Project_Slave_Level_Ultra\Obj: [1]
    ST7565R.o                     340
    STM32L4.o                     164
    button.o                    3'440        5       41
    dac.o                         184                20
    dma.o                          96
    event_driven.o                 66
    glcd.o                        232               524
    gpio.o                        344
    graphics.o                    244
    iwdg.o                         44                16
    lcd_display.o               2'488    3'131    1'390
    main.o                        206
    onchipflash.o                 370
    rtc.o                         336                36
    spi.o                         200               100
    startup_stm32l433xx.o         644
    stm32l4xx_hal.o               208        1        9
    stm32l4xx_hal_cortex.o        404
    stm32l4xx_hal_dac.o           612
    stm32l4xx_hal_dma.o         1'062
    stm32l4xx_hal_flash.o         440       15       32
    stm32l4xx_hal_flash_ex.o      160
    stm32l4xx_hal_gpio.o          896
    stm32l4xx_hal_iwdg.o          128
    stm32l4xx_hal_msp.o            56
    stm32l4xx_hal_pwr_ex.o        148
    stm32l4xx_hal_rcc.o         2'556
    stm32l4xx_hal_rcc_ex.o      1'256
    stm32l4xx_hal_rtc.o         1'934
    stm32l4xx_hal_rtc_ex.o         74
    stm32l4xx_hal_spi.o         1'322
    stm32l4xx_hal_tim.o           978
    stm32l4xx_hal_tim_ex.o        130
    stm32l4xx_hal_uart.o        4'224
    stm32l4xx_hal_uart_ex.o       114
    stm32l4xx_it.o                148
    system_stm32l4xx.o             16       73        4
    text.o                        912                12
    text_tiny.o                   656
    tim.o                         176                76
    unit_tests.o                   20      512
    usart.o                       928               624
    user_adv_trace.o              570             1'560
    user_app_comm.o             1'268      229    1'461
    user_app_modbus_rtu.o       2'652      137      658
    user_app_rs485.o              324       28       65
    user_app_sensor.o           4'624      506      277
    user_at_serial.o              476    1'594    1'449
    user_connect_sensor.o         112        4      522
    user_convert_variable.o     1'036
    user_modbus_rtu.o             460
    user_rs485.o                  112        3      522
    user_rtc.o                    936      100       77
    user_string.o                 486
    user_time.o                    88
    user_timer.o                  784                 4
    user_tiny_vsnprintf.o         848       92        8
    user_uart.o                   296       28        3
    user_util.o                   540        9       25
    ---------------------------------------------------
    Total:                     44'568    6'467    9'515

dl7M_tlf.a: [2]
    abort.o                         6
    exit.o                          4
    low_level_init.o                4
    sprintf.o                      64
    xfail_s.o                      64                 4
    xlocale_c.o                     8       27       56
    xprintffull_nomb.o          4'038        8
    xsprout.o                      10
    ---------------------------------------------------
    Total:                      4'198       35       60

m7M_tls.a: [3]
    DblAdd.o                      378
    DblCmpEq.o                     32
    DblCmpGe.o                     46
    DblCmpLe.o                     46
    DblDiv.o                      582
    DblMul.o                      418
    DblSub.o                      226
    DblToFlt.o                    104
    DblToS32.o                     58
    DblToU32.o                     40
    FltToDbl.o                     72
    S32ToDbl.o                     34
    U32ToDbl.o                     26
    fpinit_M.o                     34
    frexp.o                       112
    iar_Exp64.o                 1'000
    ldexp.o                       314
    math_wrappers64.o              22
    pow64.o                     1'772    1'056
    ---------------------------------------------------
    Total:                      5'316    1'056

rt7M_tl.a: [4]
    ABImemcpy.o                   166
    ABImemset.o                   102
    I64DivMod.o                   560
    I64DivZer.o                     2
    cexit.o                        10
    cmain.o                        30
    cstartup_M.o                   12
    data_init.o                    40
    lz77_init_single.o            120
    memchr.o                       88
    memset.o                       20
    strchr.o                       22
    strlen.o                       54
    zero_init3.o                   58
    ---------------------------------------------------
    Total:                      1'284

shb_l.a: [5]
    exit.o                         20
    ---------------------------------------------------
    Total:                         20

    Gaps                           47        8
    Linker created                          32    1'024
-------------------------------------------------------
    Grand Total:               55'433    7'598   10'599


*******************************************************************************
*** ENTRY LIST
***

Entry                       Address   Size  Type      Object
-----                       -------   ----  ----      ------
.iar.init_table$$Base    0x800'e908          --   Gb  - Linker created -
.iar.init_table$$Limit   0x800'e928          --   Gb  - Linker created -
?main                    0x800'e969         Code  Gb  cmain.o [4]
ADV_TRACE_Buffer        0x2000'0f88  0x400  Data  Lc  user_adv_trace.o [1]
ADV_TRACE_Ctx           0x2000'2484   0x18  Data  Lc  user_adv_trace.o [1]
AHBPrescTable            0x800'eb44   0x10  Data  Gb  system_stm32l4xx.o [1]
APBPrescTable            0x800'efe0    0x8  Data  Gb  system_stm32l4xx.o [1]
AT_CMD_Get_BR_Slave      0x800'0c1d   0x5a  Code  Gb  user_app_sensor.o [1]
AT_CMD_Get_Current_Out   0x800'1125   0x64  Code  Gb  user_app_sensor.o [1]
AT_CMD_Get_ID_Slave      0x800'0b05   0x5a  Code  Gb  user_app_sensor.o [1]
AT_CMD_Get_State_Clb_DAC
                         0x800'0d29   0x5a  Code  Gb  user_app_sensor.o [1]
AT_CMD_Get_Value_Clb_DAC
                         0x800'0e2d   0x5a  Code  Gb  user_app_sensor.o [1]
AT_CMD_Get_Value_DAC_20mA
                         0x800'1017   0x52  Code  Gb  user_app_sensor.o [1]
AT_CMD_Get_Value_DAC_4mA
                         0x800'0f27   0x5a  Code  Gb  user_app_sensor.o [1]
AT_CMD_Reset_Slave       0x800'0a2b   0x4a  Code  Gb  user_app_sensor.o [1]
AT_CMD_Restore_Slave     0x800'0a7d   0x88  Code  Gb  user_app_sensor.o [1]
AT_CMD_Set_BR_Slave      0x800'0c7d   0xa0  Code  Gb  user_app_sensor.o [1]
AT_CMD_Set_ID_Slave      0x800'0b71   0xa2  Code  Gb  user_app_sensor.o [1]
AT_CMD_Set_State_Clb_DAC
                         0x800'0d91   0x98  Code  Gb  user_app_sensor.o [1]
AT_CMD_Set_Value_Clb_DAC
                         0x800'0e8d   0x9a  Code  Gb  user_app_sensor.o [1]
AT_CMD_Set_Value_DAC_20mA
                         0x800'1071   0x96  Code  Gb  user_app_sensor.o [1]
AT_CMD_Set_Value_DAC_4mA
                         0x800'0f81   0x96  Code  Gb  user_app_sensor.o [1]
AppComm_DBG_Init_RX_Mode
                         0x800'81e1   0x32  Code  Gb  user_app_comm.o [1]
AppComm_DBG_Init_Uart    0x800'81d9    0x8  Code  Gb  user_app_comm.o [1]
AppComm_DBG_Rx_Callback
                         0x800'8221  0x176  Code  Gb  user_app_comm.o [1]
AppComm_DBG_Stop_RX_Mode
                         0x800'8213    0xa  Code  Gb  user_app_comm.o [1]
AppComm_Get_Reset_Source
                         0x800'81a1   0x38  Code  Gb  user_app_comm.o [1]
AppComm_IRQ_Timer_CallBack
                         0x800'8161    0xc  Code  Gb  user_app_comm.o [1]
AppComm_Init             0x800'809f   0x20  Code  Gb  user_app_comm.o [1]
AppComm_Set_Next_TxTimer
                         0x800'8187    0x2  Code  Gb  user_app_comm.o [1]
AppComm_Task             0x800'80bf   0xa0  Code  Gb  user_app_comm.o [1]
AppComm_Uart_Debug_Send
                         0x800'8189   0x18  Code  Lc  user_app_comm.o [1]
AppRs485_Task            0x800'997d   0x84  Code  Gb  user_app_rs485.o [1]
AppSensor_Task           0x800'123d   0x84  Code  Gb  user_app_sensor.o [1]
BUTTON_Down_Process      0x800'c85d  0x1c8  Code  Gb  button.o [1]
BUTTON_ESC_Process       0x800'ca3d  0x2ce  Code  Gb  button.o [1]
BUTTON_Enter_Process     0x800'c101  0x57c  Code  Gb  button.o [1]
BUTTON_Process           0x800'bfd1   0x34  Code  Gb  button.o [1]
BUTTON_Up_Process        0x800'c67d  0x1d6  Code  Gb  button.o [1]
BUTTON_scan              0x800'c005   0xfc  Code  Gb  button.o [1]
BUTTON_scan::hold       0x2000'2514    0x4  Data  Lc  button.o [1]
BUTTON_scan::last_value
                        0x2000'255c    0x1  Data  Lc  button.o [1]
BusFault_Handler         0x800'e5bb    0x2  Code  Gb  stm32l4xx_it.o [1]
CSTACK$$Base            0x2000'2570          --   Gb  - Linker created -
CSTACK$$Limit           0x2000'2970          --   Gb  - Linker created -
Cal_Time                 0x800'16a7   0x12  Code  Gb  user_util.o [1]
Calculator_Scale         0x800'1995   0x54  Code  Gb  user_convert_variable.o [1]
CheckList_AT_CONFIG     0x2000'05e0  0x4a0  Data  Gb  user_at_serial.o [1]
Check_Time_Out           0x800'1689   0x1e  Code  Gb  user_util.o [1]
ConvertTemperature_Calib
                         0x800'04e1   0xa8  Code  Gb  user_app_sensor.o [1]
Convert_Point_Int_To_String
                         0x800'19e9   0xce  Code  Gb  user_convert_variable.o [1]
Convert_Point_Int_To_String_Scale
                         0x800'1ab7   0xea  Code  Gb  user_convert_variable.o [1]
Convert_Scale            0x800'17f9   0x5c  Code  Gb  user_util.o [1]
Convert_String_To_Dec    0x800'1d11   0x5c  Code  Gb  user_convert_variable.o [1]
Convert_uint32Hex_To_Float
                         0x800'1bcd  0x144  Code  Gb  user_convert_variable.o [1]
DMA1_Channel3_IRQHandler
                         0x800'e5d5    0xa  Code  Gb  stm32l4xx_it.o [1]
DMA1_Channel6_IRQHandler
                         0x800'e5df    0xa  Code  Gb  stm32l4xx_it.o [1]
DMA2_Channel7_IRQHandler
                         0x800'e61b    0xa  Code  Gb  stm32l4xx_it.o [1]
DMA_SetConfig            0x800'5471   0x32  Code  Lc  stm32l4xx_hal_dma.o [1]
DaysInMonth              0x800'ef84    0xc  Data  Lc  user_rtc.o [1]
DaysInMonthLeapYear      0x800'ef90    0xc  Data  Lc  user_rtc.o [1]
DebugMon_Handler         0x800'e5c1    0x2  Code  Gb  stm32l4xx_it.o [1]
Deinit_LCD12864          0x800'a305   0x3a  Code  Gb  lcd_display.o [1]
Display_Check_Password   0x800'a277   0x2e  Code  Gb  lcd_display.o [1]
Display_Check_Toggle     0x800'a109   0xac  Code  Gb  lcd_display.o [1]
Display_Check_Toggle::Hide
                        0x2000'21c4   0x58  Data  Lc  lcd_display.o [1]
Display_Check_Toggle::LandMarkToggle_u32
                        0x2000'1b88  0x15c  Data  Lc  lcd_display.o [1]
Display_Init             0x800'9a1d   0x82  Code  Gb  lcd_display.o [1]
Display_Set_Screen       0x800'a241   0x36  Code  Gb  lcd_display.o [1]
Display_Set_Screen_Flag
                         0x800'a1fb   0x46  Code  Gb  lcd_display.o [1]
Display_Show_Oject       0x800'9dd9  0x330  Code  Gb  lcd_display.o [1]
Display_Show_Screen      0x800'a1b5   0x46  Code  Gb  lcd_display.o [1]
Display_Show_State_Setting
                         0x800'a2a5   0x5c  Code  Gb  lcd_display.o [1]
Display_Task             0x800'9a9f   0x7e  Code  Gb  lcd_display.o [1]
Error_Handler            0x800'62b3    0x4  Code  Gb  main.o [1]
FLASH_FlushCaches        0x800'471b   0x6a  Code  Gb  stm32l4xx_hal_flash_ex.o [1]
FLASH_PageErase          0x800'46f1   0x2a  Code  Gb  stm32l4xx_hal_flash_ex.o [1]
FLASH_Program_DoubleWord
                         0x800'467f   0x1a  Code  Lc  stm32l4xx_hal_flash.o [1]
FLASH_Program_Fast       0x800'4699   0x32  Code  Lc  stm32l4xx_hal_flash.o [1]
FLASH_WaitForLastOperation
                         0x800'4619   0x66  Code  Gb  stm32l4xx_hal_flash.o [1]
Find_String_V2           0x800'b867  0x130  Code  Gb  user_string.o [1]
Find_str_fix             0x800'b9b9   0x94  Code  Gb  user_string.o [1]
Font5x7                  0x800'e1a0  0x214  Data  Lc  lcd_display.o [1]
Get_RTC                  0x800'9881   0x4e  Code  Gb  user_time.o [1]
HAL_DAC_ConfigChannel    0x800'1467  0x19a  Code  Gb  stm32l4xx_hal_dac.o [1]
HAL_DAC_Init             0x800'139d   0x2c  Code  Gb  stm32l4xx_hal_dac.o [1]
HAL_DAC_MspInit          0x800'3b51   0x5a  Code  Gb  dac.o [1]
HAL_DAC_SetValue         0x800'1437   0x30  Code  Gb  stm32l4xx_hal_dac.o [1]
HAL_DAC_Start            0x800'13c9   0x6e  Code  Gb  stm32l4xx_hal_dac.o [1]
HAL_DMA_Abort            0x800'52c9   0x54  Code  Gb  stm32l4xx_hal_dma.o [1]
HAL_DMA_Abort_IT         0x800'531d   0x5e  Code  Gb  stm32l4xx_hal_dma.o [1]
HAL_DMA_DeInit           0x800'515d   0xb8  Code  Gb  stm32l4xx_hal_dma.o [1]
HAL_DMA_GetError         0x800'546d    0x4  Code  Gb  stm32l4xx_hal_dma.o [1]
HAL_DMA_IRQHandler       0x800'537b   0xf2  Code  Gb  stm32l4xx_hal_dma.o [1]
HAL_DMA_Init             0x800'507d   0xe0  Code  Gb  stm32l4xx_hal_dma.o [1]
HAL_DMA_Start_IT         0x800'5231   0x98  Code  Gb  stm32l4xx_hal_dma.o [1]
HAL_Delay                0x800'3bbd   0x28  Code  Wk  stm32l4xx_hal.o [1]
HAL_FLASH_Lock           0x800'460b    0xe  Code  Gb  stm32l4xx_hal_flash.o [1]
HAL_FLASH_Program        0x800'4539   0xb0  Code  Gb  stm32l4xx_hal_flash.o [1]
HAL_FLASH_Unlock         0x800'45e9   0x22  Code  Gb  stm32l4xx_hal_flash.o [1]
HAL_GPIO_DeInit          0x800'4953  0x166  Code  Gb  stm32l4xx_hal_gpio.o [1]
HAL_GPIO_Init            0x800'4791  0x1c2  Code  Gb  stm32l4xx_hal_gpio.o [1]
HAL_GPIO_ReadPin         0x800'4ab9   0x16  Code  Gb  stm32l4xx_hal_gpio.o [1]
HAL_GPIO_WritePin        0x800'4acf   0x18  Code  Gb  stm32l4xx_hal_gpio.o [1]
HAL_GetTick              0x800'1601    0xc  Code  Wk  stm32l4xx_hal.o [1]
HAL_IWDG_Init            0x800'18a5   0x72  Code  Gb  stm32l4xx_hal_iwdg.o [1]
HAL_IWDG_Refresh         0x800'1917    0xe  Code  Gb  stm32l4xx_hal_iwdg.o [1]
HAL_IncTick              0x800'e649   0x18  Code  Wk  stm32l4xx_hal.o [1]
HAL_Init                 0x800'87d1   0x24  Code  Gb  stm32l4xx_hal.o [1]
HAL_InitTick             0x800'86dd   0x60  Code  Wk  stm32l4xx_hal.o [1]
HAL_MspInit              0x800'a725   0x38  Code  Gb  stm32l4xx_hal_msp.o [1]
HAL_NVIC_DisableIRQ      0x800'6197    0xe  Code  Gb  stm32l4xx_hal_cortex.o [1]
HAL_NVIC_EnableIRQ       0x800'6189    0xe  Code  Gb  stm32l4xx_hal_cortex.o [1]
HAL_NVIC_SetPriority     0x800'615f   0x2a  Code  Gb  stm32l4xx_hal_cortex.o [1]
HAL_NVIC_SetPriorityGrouping
                         0x800'6153    0xc  Code  Gb  stm32l4xx_hal_cortex.o [1]
HAL_PWREx_ControlVoltageScaling
                         0x800'8749   0x76  Code  Gb  stm32l4xx_hal_pwr_ex.o [1]
HAL_PWREx_GetVoltageRange
                         0x800'873d    0xc  Code  Gb  stm32l4xx_hal_pwr_ex.o [1]
HAL_RCCEx_PeriphCLKConfig
                         0x800'7a55  0x34c  Code  Gb  stm32l4xx_hal_rcc_ex.o [1]
HAL_RCC_ClockConfig      0x800'5cc9  0x17a  Code  Gb  stm32l4xx_hal_rcc.o [1]
HAL_RCC_GetHCLKFreq      0x800'5f17    0x6  Code  Gb  stm32l4xx_hal_rcc.o [1]
HAL_RCC_GetPCLK1Freq     0x800'5f1d   0x1a  Code  Gb  stm32l4xx_hal_rcc.o [1]
HAL_RCC_GetPCLK2Freq     0x800'5f37   0x1a  Code  Gb  stm32l4xx_hal_rcc.o [1]
HAL_RCC_GetResetSource   0x800'5f61   0x12  Code  Gb  stm32l4xx_hal_rcc.o [1]
HAL_RCC_GetSysClockFreq
                         0x800'5e43   0xd4  Code  Gb  stm32l4xx_hal_rcc.o [1]
HAL_RCC_OscConfig        0x800'5641  0x688  Code  Gb  stm32l4xx_hal_rcc.o [1]
HAL_RTCEx_AlarmBEventCallback
                         0x800'd479    0x2  Code  Wk  stm32l4xx_hal_rtc_ex.o [1]
HAL_RTCEx_EnableBypassShadow
                         0x800'd591   0x48  Code  Gb  stm32l4xx_hal_rtc_ex.o [1]
HAL_RTC_AlarmAEventCallback
                         0x800'd1e1    0xc  Code  Gb  user_rtc.o [1]
HAL_RTC_AlarmIRQHandler
                         0x800'ad61   0x60  Code  Gb  stm32l4xx_hal_rtc.o [1]
HAL_RTC_DeactivateAlarm
                         0x800'ac87   0xda  Code  Gb  stm32l4xx_hal_rtc.o [1]
HAL_RTC_GetDate          0x800'aa4f   0x52  Code  Gb  stm32l4xx_hal_rtc.o [1]
HAL_RTC_GetTime          0x800'a91d   0x66  Code  Gb  stm32l4xx_hal_rtc.o [1]
HAL_RTC_Init             0x800'a75d   0xca  Code  Gb  stm32l4xx_hal_rtc.o [1]
HAL_RTC_MspInit          0x800'8acd   0x50  Code  Gb  rtc.o [1]
HAL_RTC_SetAlarm_IT      0x800'aaa1  0x1e6  Code  Gb  stm32l4xx_hal_rtc.o [1]
HAL_RTC_SetDate          0x800'a983   0xcc  Code  Gb  stm32l4xx_hal_rtc.o [1]
HAL_RTC_SetTime          0x800'a827   0xf6  Code  Gb  stm32l4xx_hal_rtc.o [1]
HAL_RTC_WaitForSynchro   0x800'adc1   0x2e  Code  Gb  stm32l4xx_hal_rtc.o [1]
HAL_SPI_Init             0x800'aeed   0xf8  Code  Gb  stm32l4xx_hal_spi.o [1]
HAL_SPI_MspInit          0x800'8b79   0x62  Code  Gb  spi.o [1]
HAL_SPI_Transmit         0x800'afe5  0x1fe  Code  Gb  stm32l4xx_hal_spi.o [1]
HAL_SYSTICK_Config       0x800'61a5    0xc  Code  Gb  stm32l4xx_hal_cortex.o [1]
HAL_TIMEx_Break2Callback
                         0x800'd483    0x2  Code  Wk  stm32l4xx_hal_tim_ex.o [1]
HAL_TIMEx_BreakCallback
                         0x800'd481    0x2  Code  Wk  stm32l4xx_hal_tim_ex.o [1]
HAL_TIMEx_CommutCallback
                         0x800'd487    0x2  Code  Wk  stm32l4xx_hal_tim_ex.o [1]
HAL_TIMEx_MasterConfigSynchronization
                         0x800'b7e5   0x74  Code  Gb  stm32l4xx_hal_tim_ex.o [1]
HAL_TIM_Base_Init        0x800'b419   0x7a  Code  Gb  stm32l4xx_hal_tim.o [1]
HAL_TIM_Base_MspInit     0x800'8c67   0x32  Code  Gb  tim.o [1]
HAL_TIM_ConfigClockSource
                         0x800'b5e9   0xf6  Code  Gb  stm32l4xx_hal_tim.o [1]
HAL_TIM_IRQHandler       0x800'b493  0x156  Code  Gb  stm32l4xx_hal_tim.o [1]
HAL_TIM_PeriodElapsedCallback
                         0x800'a33f   0x12  Code  Gb  lcd_display.o [1]
HAL_UARTEx_ReceiveToIdle_DMA
                         0x800'55cd   0x70  Code  Gb  stm32l4xx_hal_uart_ex.o [1]
HAL_UARTEx_RxEventCallback
                         0x800'54db   0x3e  Code  Gb  user_uart.o [1]
HAL_UARTEx_WakeupCallback
                         0x800'563d    0x2  Code  Wk  stm32l4xx_hal_uart_ex.o [1]
HAL_UART_DMAStop         0x800'2b15   0xb2  Code  Gb  stm32l4xx_hal_uart.o [1]
HAL_UART_ErrorCallback   0x800'5519   0x3e  Code  Gb  user_uart.o [1]
HAL_UART_IRQHandler      0x800'2bc7  0x35c  Code  Gb  stm32l4xx_hal_uart.o [1]
HAL_UART_Init            0x800'2971   0x7a  Code  Gb  stm32l4xx_hal_uart.o [1]
HAL_UART_MspDeInit       0x800'4fb9   0x84  Code  Gb  usart.o [1]
HAL_UART_MspInit         0x800'4d91  0x228  Code  Gb  usart.o [1]
HAL_UART_Receive_IT      0x800'2ab7   0x5e  Code  Gb  stm32l4xx_hal_uart.o [1]
HAL_UART_RxCpltCallback
                         0x800'54a5   0x36  Code  Gb  user_uart.o [1]
HAL_UART_Transmit        0x800'29eb   0xcc  Code  Gb  stm32l4xx_hal_uart.o [1]
Handle_Float_To_hexUint32
                         0x800'1d7d   0x24  Code  Gb  user_convert_variable.o [1]
HardFault_Handler        0x800'e5b7    0x2  Code  Gb  stm32l4xx_it.o [1]
IndexUartError          0x2000'2569    0x1  Data  Lc  user_uart.o [1]
Init_AppRs485            0x800'9967   0x16  Code  Gb  user_app_rs485.o [1]
Init_AppSensor           0x800'11c5   0x74  Code  Gb  user_app_sensor.o [1]
Init_CalibDAC            0x800'09cd   0x5e  Code  Gb  user_app_sensor.o [1]
Init_CalibTemperature    0x800'0759  0x160  Code  Gb  user_app_sensor.o [1]
Init_InforSlaveModbusRTU
                         0x800'258d   0x30  Code  Gb  user_app_modbus_rtu.o [1]
Init_TempAlarm           0x800'08bd   0xa2  Code  Gb  user_app_sensor.o [1]
Init_UartRs485           0x800'9929   0x3e  Code  Gb  user_app_rs485.o [1]
Insert_String_To_String
                         0x800'1ba1   0x2a  Code  Gb  user_convert_variable.o [1]
Liberation_Sans15x21_Numbers
                         0x800'df78  0x228  Data  Lc  lcd_display.o [1]
Liberation_Sans17x17_Alpha
                         0x800'd5d8  0x548  Data  Lc  lcd_display.o [1]
MSIRangeTable            0x800'e810   0x30  Data  Gb  system_stm32l4xx.o [1]
MX_DAC1_Init             0x800'3b05   0x4c  Code  Gb  dac.o [1]
MX_DMA_Init              0x800'894d   0x60  Code  Gb  dma.o [1]
MX_GPIO_Init             0x800'87f5  0x158  Code  Gb  gpio.o [1]
MX_IWDG_Init             0x800'89ad   0x2c  Code  Gb  iwdg.o [1]
MX_RTC_Init              0x800'89d9   0xf4  Code  Gb  rtc.o [1]
MX_SPI2_Init             0x800'8b29   0x50  Code  Gb  spi.o [1]
MX_TIM2_Init             0x800'8bf1   0x76  Code  Gb  tim.o [1]
MX_USART1_UART_Init      0x800'4cdd   0x3c  Code  Gb  usart.o [1]
MX_USART2_UART_Init      0x800'4d19   0x3c  Code  Gb  usart.o [1]
MX_USART3_UART_Init      0x800'4d55   0x3c  Code  Gb  usart.o [1]
Main_Task                0x800'8045   0x5a  Code  Gb  user_app_comm.o [1]
MemManage_Handler        0x800'e5b9    0x2  Code  Gb  stm32l4xx_it.o [1]
ModRTU_CRC               0x800'4b11   0x3c  Code  Gb  user_modbus_rtu.o [1]
ModRTU_Slave_ACK_Read_Frame
                         0x800'4b4d   0xa2  Code  Gb  user_modbus_rtu.o [1]
ModRTU_Slave_ACK_Write_Frame
                         0x800'4bef   0xee  Code  Gb  user_modbus_rtu.o [1]
Modem_Check_AT           0x800'96a5  0x1dc  Code  Gb  user_at_serial.o [1]
Modem_Check_RTU          0x800'25bd  0x37e  Code  Gb  user_app_modbus_rtu.o [1]
NMI_Handler              0x800'e5b5    0x2  Code  Gb  stm32l4xx_it.o [1]
NONE_Register_CallBack   0x800'1f15    0x6  Code  Gb  user_app_modbus_rtu.o [1]
NVIC_EncodePriority      0x800'60e3   0x40  Code  Lc  stm32l4xx_hal_cortex.o [1]
OldPosDMADebug          0x2000'2556    0x2  Data  Lc  user_app_comm.o [1]
OnchipFlashPageErase     0x800'1e2d   0x5a  Code  Gb  onchipflash.o [1]
OnchipFlashWriteData     0x800'1da1   0x8c  Code  Gb  onchipflash.o [1]
PendSV_Handler           0x800'e5c3    0x2  Code  Gb  stm32l4xx_it.o [1]
PortConfig              0x2000'2563    0x1  Data  Gb  user_at_serial.o [1]
RC                       0x800'b997   0x22  Code  Gb  user_string.o [1]
RCCEx_PLLSAI1_Config     0x800'7db5  0x16e  Code  Lc  stm32l4xx_hal_rcc_ex.o [1]
RCC_SetFlashLatencyFromMSIRange
                         0x800'5f79   0x8a  Code  Lc  stm32l4xx_hal_rcc.o [1]
RS232_Init_RX_Mode       0x800'3a95   0x1e  Code  Gb  user_connect_sensor.o [1]
RS232_Rx_Callback        0x800'3ab5   0x3c  Code  Gb  user_connect_sensor.o [1]
RS232_Stop_RX_Mode       0x800'3ab3    0x2  Code  Gb  user_connect_sensor.o [1]
RS485_Init_RX_Mode       0x800'8431   0x1e  Code  Gb  user_rs485.o [1]
RS485_Rx_Callback        0x800'8451   0x3c  Code  Gb  user_rs485.o [1]
RS485_Stop_RX_Mode       0x800'844f    0x2  Code  Gb  user_rs485.o [1]
RTC_AlarmStructure      0x2000'23b8   0x2c  Data  Lc  user_rtc.o [1]
RTC_Alarm_IRQHandler     0x800'e611    0xa  Code  Gb  stm32l4xx_it.o [1]
RTC_Bcd2ToByte           0x800'aed5   0x16  Code  Gb  stm32l4xx_hal_rtc.o [1]
RTC_ByteToBcd2           0x800'aeb9   0x1c  Code  Gb  stm32l4xx_hal_rtc.o [1]
RTC_EnterInitMode        0x800'adef   0x4c  Code  Gb  stm32l4xx_hal_rtc.o [1]
RTC_ExitInitMode         0x800'ae3b   0x58  Code  Gb  stm32l4xx_hal_rtc.o [1]
RTC_GetCalendarValue     0x800'd3b3   0x90  Code  Lc  user_rtc.o [1]
RTC_IF_Convert_Tick2ms   0x800'd1d1   0x10  Code  Gb  user_rtc.o [1]
RTC_IF_Convert_ms2Tick   0x800'd1bf   0x12  Code  Gb  user_rtc.o [1]
RTC_IF_GetMinimumTimeout
                         0x800'd1bb    0x4  Code  Gb  user_rtc.o [1]
RTC_IF_GetTimerContext   0x800'd17f    0x8  Code  Gb  user_rtc.o [1]
RTC_IF_GetTimerElapsedTime
                         0x800'd187   0x16  Code  Gb  user_rtc.o [1]
RTC_IF_GetTimerValue     0x800'd19d   0x1e  Code  Gb  user_rtc.o [1]
RTC_IF_Init              0x800'd109   0x30  Code  Gb  user_rtc.o [1]
RTC_IF_SetTimerContext   0x800'd169   0x16  Code  Gb  user_rtc.o [1]
RTC_IF_StartTimer        0x800'd139    0xe  Code  Gb  user_rtc.o [1]
RTC_IF_StopTimer         0x800'd147   0x22  Code  Gb  user_rtc.o [1]
RTC_Initalized          0x2000'2568    0x1  Data  Lc  user_rtc.o [1]
RTC_StartWakeUpAlarm     0x800'd1ed  0x1c6  Code  Lc  user_rtc.o [1]
ReInit_Rx_Mode_Uart_Error
                         0x800'5557   0x5a  Code  Gb  user_uart.o [1]
Region$$Table$$Base      0x800'e908          --   Gb  - Linker created -
Region$$Table$$Limit     0x800'e928          --   Gb  - Linker created -
Reset_Buff               0x800'1719   0x24  Code  Gb  user_util.o [1]
Rs232Status_u8          0x2000'2565    0x1  Data  Gb  user_connect_sensor.o [1]
Rs485Status_u8          0x2000'2567    0x1  Data  Gb  user_rs485.o [1]
RtCountSystick_u32      0x2000'2544    0x4  Data  Gb  user_util.o [1]
RtcTimerContext         0x2000'2450   0x1c  Data  Lc  user_rtc.o [1]
SPI_EndRxTxTransaction   0x800'b3ad   0x6a  Code  Lc  stm32l4xx_hal_spi.o [1]
SPI_WaitFifoStateUntilTimeout
                         0x800'b2bb   0xee  Code  Lc  stm32l4xx_hal_spi.o [1]
SPI_WaitFlagStateUntilTimeout
                         0x800'b1e3   0xd8  Code  Lc  stm32l4xx_hal_spi.o [1]
SVC_Handler              0x800'e5bf    0x2  Code  Gb  stm32l4xx_it.o [1]
Save_Array               0x800'1e8d   0x86  Code  Gb  onchipflash.o [1]
Save_CalibDAC            0x800'095f   0x6e  Code  Gb  user_app_sensor.o [1]
Save_CalibTemperature    0x800'0589  0x1c4  Code  Gb  user_app_sensor.o [1]
Save_InforSlaveModbusRTU
                         0x800'2549   0x44  Code  Gb  user_app_modbus_rtu.o [1]
Send_RS458_Sensor        0x800'250d   0x3c  Code  Gb  user_app_modbus_rtu.o [1]
SysApp_Init              0x800'7ff9    0xc  Code  Gb  user_app_comm.o [1]
SysApp_Setting           0x800'8005   0x40  Code  Gb  user_app_comm.o [1]
SysTick_Config           0x800'6123   0x30  Code  Lc  stm32l4xx_hal_cortex.o [1]
SysTick_Handler          0x800'e5c5   0x10  Code  Gb  stm32l4xx_it.o [1]
SystemClock_Config       0x800'6221   0x92  Code  Gb  main.o [1]
SystemCoreClock         0x2000'03a4    0x4  Data  Gb  system_stm32l4xx.o [1]
SystemInit               0x800'edc5    0xc  Code  Gb  system_stm32l4xx.o [1]
TIM2_IRQHandler          0x800'e5e9    0xa  Code  Gb  stm32l4xx_it.o [1]
TIM_Base_SetConfig       0x800'b6e1   0x7c  Code  Gb  stm32l4xx_hal_tim.o [1]
TIM_ETR_SetConfig        0x800'b7cb   0x18  Code  Gb  stm32l4xx_hal_tim.o [1]
TIM_ITRx_SetConfig       0x800'b7bb   0x10  Code  Lc  stm32l4xx_hal_tim.o [1]
TIM_TI1_ConfigInputStage
                         0x800'b771   0x24  Code  Lc  stm32l4xx_hal_tim.o [1]
TIM_TI2_ConfigInputStage
                         0x800'b795   0x26  Code  Lc  stm32l4xx_hal_tim.o [1]
TRACE_AllocateBufer      0x800'8601   0xa2  Code  Lc  user_adv_trace.o [1]
TRACE_IsLocked           0x800'86b7   0x10  Code  Lc  user_adv_trace.o [1]
TRACE_Lock               0x800'86a3    0xa  Code  Lc  user_adv_trace.o [1]
TRACE_Send               0x800'857b   0x84  Code  Lc  user_adv_trace.o [1]
TRACE_UnLock             0x800'86ad    0xa  Code  Lc  user_adv_trace.o [1]
TimerExists              0x800'960d   0x1a  Code  Gb  user_timer.o [1]
TimerInsertNewHeadTimer
                         0x800'9681   0x1c  Code  Gb  user_timer.o [1]
TimerInsertTimer         0x800'9653   0x2e  Code  Gb  user_timer.o [1]
TimerListHead           0x2000'2540    0x4  Data  Lc  user_timer.o [1]
TimerSetTimeout          0x800'9627   0x2c  Code  Gb  user_timer.o [1]
TimerTx                 0x2000'249c   0x18  Data  Lc  user_app_comm.o [1]
TxCpltCallback          0x2000'2530    0x4  Data  Lc  user_app_comm.o [1]
UART_AdvFeatureConfig    0x800'3221   0xda  Code  Gb  stm32l4xx_hal_uart.o [1]
UART_CheckIdleState      0x800'32fb   0xd2  Code  Gb  stm32l4xx_hal_uart.o [1]
UART_DMAAbortOnError     0x800'37ad   0x1a  Code  Lc  stm32l4xx_hal_uart.o [1]
UART_DMAError            0x800'375d   0x50  Code  Lc  stm32l4xx_hal_uart.o [1]
UART_DMAReceiveCplt      0x800'3691   0xa2  Code  Lc  stm32l4xx_hal_uart.o [1]
UART_DMARxHalfCplt       0x800'3735   0x28  Code  Lc  stm32l4xx_hal_uart.o [1]
UART_EndRxTransfer       0x800'3633   0x5e  Code  Lc  stm32l4xx_hal_uart.o [1]
UART_EndTransmit_IT      0x800'37c7   0x2a  Code  Lc  stm32l4xx_hal_uart.o [1]
UART_EndTxTransfer       0x800'3617   0x1c  Code  Lc  stm32l4xx_hal_uart.o [1]
UART_RxISR_16BIT         0x800'38e5   0xee  Code  Lc  stm32l4xx_hal_uart.o [1]
UART_RxISR_8BIT          0x800'37f1   0xec  Code  Lc  stm32l4xx_hal_uart.o [1]
UART_SetConfig           0x800'2f29  0x2ec  Code  Gb  stm32l4xx_hal_uart.o [1]
UART_Start_Receive_DMA   0x800'355b   0xbc  Code  Gb  stm32l4xx_hal_uart.o [1]
UART_Start_Receive_IT    0x800'346b   0xf0  Code  Gb  stm32l4xx_hal_uart.o [1]
UART_WaitOnFlagUntilTimeout
                         0x800'33cd   0x9e  Code  Gb  stm32l4xx_hal_uart.o [1]
USART1_IRQHandler        0x800'e5f3    0xa  Code  Gb  stm32l4xx_it.o [1]
USART2_IRQHandler        0x800'e5fd    0xa  Code  Gb  stm32l4xx_it.o [1]
USART3_IRQHandler        0x800'e607    0xa  Code  Gb  stm32l4xx_it.o [1]
UTIL_ADV_TRACE_COND_FSend
                         0x800'84a1   0xda  Code  Gb  user_adv_trace.o [1]
UTIL_Log_Str             0x800'179d   0x36  Code  Gb  user_util.o [1]
UTIL_MEM_cpy             0x800'17d9   0x1e  Code  Gb  user_util.o [1]
UTIL_MEM_set             0x800'173d   0x18  Code  Gb  user_util.o [1]
UTIL_Printf              0x800'1755   0x2c  Code  Gb  user_util.o [1]
UTIL_Printf_Str          0x800'1781   0x1c  Code  Gb  user_util.o [1]
UTIL_TIMER_Create        0x800'93a9   0x4c  Code  Gb  user_timer.o [1]
UTIL_TIMER_IRQ_Handler   0x800'955b   0xb2  Code  Gb  user_timer.o [1]
UTIL_TIMER_Init          0x800'9395   0x14  Code  Gb  user_timer.o [1]
UTIL_TIMER_SetPeriod     0x800'9521   0x3a  Code  Gb  user_timer.o [1]
UTIL_TIMER_Start         0x800'93f5   0x92  Code  Gb  user_timer.o [1]
UTIL_TIMER_Stop          0x800'9487   0x9a  Code  Gb  user_timer.o [1]
UTIL_TimerDriver         0x800'e840   0x2c  Data  Gb  user_rtc.o [1]
UTIL_TraceDriver         0x800'ee1c    0xc  Data  Gb  user_app_comm.o [1]
Uart232RxByte           0x2000'2564    0x1  Data  Lc  user_connect_sensor.o [1]
Uart485RxByte           0x2000'2566    0x1  Data  Lc  user_rs485.o [1]
UartDebugBuff           0x2000'0ad8  0x4b0  Data  Gb  user_app_comm.o [1]
UartDebugCountFail      0x2000'255a    0x2  Data  Lc  user_uart.o [1]
Update_ParaDisplay       0x800'9d4d   0x86  Code  Gb  lcd_display.o [1]
UsageFault_Handler       0x800'e5bd    0x2  Code  Gb  stm32l4xx_it.o [1]
User_RTC_Init            0x800'd0d1   0x38  Code  Lc  user_rtc.o [1]
UtilFloatToString        0x800'1855   0x2e  Code  Gb  user_util.o [1]
UtilIntToStringWithScale
                         0x800'16b9   0x60  Code  Gb  user_util.o [1]
VLevelDebug             0x2000'0ad4    0x1  Data  Gb  user_util.o [1]
_Cb_Display_Auto_SW      0x800'9c83   0x7e  Code  Lc  lcd_display.o [1]
_Cb_Display_Auto_SW::MarkButtPressed
                        0x2000'255f    0x1  Data  Lc  lcd_display.o [1]
_Cb_Display_Auto_SW::cNext
                        0x2000'2554    0x2  Data  Lc  lcd_display.o [1]
_Cb_Display_Init         0x800'9b1d   0x42  Code  Lc  lcd_display.o [1]
_Cb_Display_Logo         0x800'9b5f   0xa8  Code  Lc  lcd_display.o [1]
_Cb_Display_Logo::step_u8
                        0x2000'255d    0x1  Data  Lc  lcd_display.o [1]
_Cb_Display_Show         0x800'9c07   0x7c  Code  Lc  lcd_display.o [1]
_Cb_Display_Show::LandMarkChange_u32
                        0x2000'2524    0x4  Data  Lc  lcd_display.o [1]
_Cb_Display_Show::ScreenLast
                        0x2000'255e    0x1  Data  Lc  lcd_display.o [1]
_Cb_HandLer_IDLE         0x800'7fe7    0x6  Code  Lc  user_app_comm.o [1]
_Cb_R_ModbusRTU_REG_Baudrate
                         0x800'1fc1   0x2e  Code  Gb  user_app_modbus_rtu.o [1]
_Cb_R_ModbusRTU_REG_CalibPoint_1
                         0x800'22df   0x5a  Code  Gb  user_app_modbus_rtu.o [1]
_Cb_R_ModbusRTU_REG_CalibPoint_2
                         0x800'23f1   0x5a  Code  Gb  user_app_modbus_rtu.o [1]
_Cb_R_ModbusRTU_REG_Compensation
                         0x800'21cd   0x5a  Code  Gb  user_app_modbus_rtu.o [1]
_Cb_R_ModbusRTU_REG_Decimal_Point
                         0x800'2087   0x2a  Code  Gb  user_app_modbus_rtu.o [1]
_Cb_R_ModbusRTU_REG_ID   0x800'1f1b   0x2e  Code  Gb  user_app_modbus_rtu.o [1]
_Cb_R_ModbusRTU_REG_Unit
                         0x800'205d   0x2a  Code  Gb  user_app_modbus_rtu.o [1]
_Cb_R_ModbusRTU_REG_Value
                         0x800'20b1   0x3e  Code  Gb  user_app_modbus_rtu.o [1]
_Cb_R_ModbusRTU_REG_Zero_Point
                         0x800'20ef   0x2a  Code  Gb  user_app_modbus_rtu.o [1]
_Cb_Save_Box             0x800'7ff3    0x6  Code  Lc  user_app_comm.o [1]
_Cb_Set_RTC              0x800'7fcb   0x1c  Code  Lc  user_app_comm.o [1]
_Cb_TX_Timer_Event       0x800'816d   0x1a  Code  Lc  user_app_comm.o [1]
_Cb_Timer_IRQ            0x800'7f3d    0xc  Code  Lc  user_app_comm.o [1]
_Cb_Tx_Timer             0x800'7fed    0x6  Code  Lc  user_app_comm.o [1]
_Cb_Uart_Error           0x800'7fbf    0xc  Code  Lc  user_app_comm.o [1]
_Cb_Uart_Rx_Debug        0x800'7f49   0x76  Code  Lc  user_app_comm.o [1]
_Cb_Uart_Rx_Debug::LastLengthRecv
                        0x2000'2558    0x2  Data  Lc  user_app_comm.o [1]
_Cb_Uart_Rx_Debug::MarkFirstRecvUart
                        0x2000'2560    0x1  Data  Lc  user_app_comm.o [1]
_Cb_W_ModbusRTU_REG_Baudrate
                         0x800'1fef   0x6e  Code  Gb  user_app_modbus_rtu.o [1]
_Cb_W_ModbusRTU_REG_CalibPoint_1
                         0x800'2339   0xb8  Code  Gb  user_app_modbus_rtu.o [1]
_Cb_W_ModbusRTU_REG_CalibPoint_2
                         0x800'2451   0xb8  Code  Gb  user_app_modbus_rtu.o [1]
_Cb_W_ModbusRTU_REG_Compensation
                         0x800'2227   0xb8  Code  Gb  user_app_modbus_rtu.o [1]
_Cb_W_ModbusRTU_REG_ID   0x800'1f49   0x78  Code  Gb  user_app_modbus_rtu.o [1]
_Cb_W_ModbusRTU_REG_ID_Restore
                         0x800'2119   0xb4  Code  Gb  user_app_modbus_rtu.o [1]
_Cb_button_detect        0x800'9d35   0x18  Code  Lc  lcd_display.o [1]
_Cb_button_scan          0x800'9d01   0x34  Code  Lc  lcd_display.o [1]
_LitobFullNoMb           0x800'7765  0x10a  Code  Lc  xprintffull_nomb.o [2]
_Locale_lconv           0x2000'0a98   0x38  Data  Lc  xlocale_c.o [2]
_PrintfFullNoMb          0x800'69a5  0xd9c  Code  Gb  xprintffull_nomb.o [2]
_PutcharFullNoMb         0x800'78d5   0x20  Code  Lc  xprintffull_nomb.o [2]
_PutcharsFullNoMb        0x800'78f5   0x2e  Code  Lc  xprintffull_nomb.o [2]
_SProut                  0x800'198b    0xa  Code  Gb  xsprout.o [2]
__NVIC_DisableIRQ        0x800'6091   0x26  Code  Lc  stm32l4xx_hal_cortex.o [1]
__NVIC_EnableIRQ         0x800'6071   0x20  Code  Lc  stm32l4xx_hal_cortex.o [1]
__NVIC_GetPriorityGrouping
                         0x800'6063    0xc  Code  Lc  stm32l4xx_hal_cortex.o [1]
__NVIC_SetPriority       0x800'60b7   0x2c  Code  Lc  stm32l4xx_hal_cortex.o [1]
__NVIC_SetPriorityGrouping
                         0x800'6041   0x22  Code  Lc  stm32l4xx_hal_cortex.o [1]
__aeabi_cdcmpeq          0x800'8ca1         Code  Gb  DblCmpEq.o [3]
__aeabi_cdcmple          0x800'8d31         Code  Gb  DblCmpLe.o [3]
__aeabi_cdrcmple         0x800'8d61         Code  Gb  DblCmpGe.o [3]
__aeabi_d2f              0x800'3ea1         Code  Gb  DblToFlt.o [3]
__aeabi_d2iz             0x800'44fd         Code  Gb  DblToS32.o [3]
__aeabi_d2uiz            0x800'9365         Code  Gb  DblToU32.o [3]
__aeabi_dadd             0x800'4381         Code  Gb  DblAdd.o [3]
__aeabi_ddiv             0x800'3c59         Code  Gb  DblDiv.o [3]
__aeabi_dmul             0x800'41dd         Code  Gb  DblMul.o [3]
__aeabi_dsub             0x800'7971         Code  Gb  DblSub.o [3]
__aeabi_f2d              0x800'3f25         Code  Gb  FltToDbl.o [3]
__aeabi_i2d              0x800'3c1d         Code  Gb  S32ToDbl.o [3]
__aeabi_ldiv0            0x800'796d         Code  Gb  I64DivZer.o [4]
__aeabi_memcpy           0x800'39ed         Code  Gb  ABImemcpy.o [4]
__aeabi_memcpy4          0x800'3a0d         Code  Gb  ABImemcpy.o [4]
__aeabi_memcpy8          0x800'3a0d         Code  Gb  ABImemcpy.o [4]
__aeabi_memset           0x800'1925         Code  Gb  ABImemset.o [4]
__aeabi_ui2d             0x800'3f09         Code  Gb  U32ToDbl.o [3]
__aeabi_uldivmod         0x800'3fad         Code  Gb  I64DivMod.o [4]
__cmain                  0x800'e969         Code  Gb  cmain.o [4]
__exit                   0x800'd489   0x14  Code  Gb  exit.o [5]
__iar_Exp64              0x800'8d91  0x388  Code  Gb  iar_Exp64.o [3]
__iar_Fail_s             0x800'9191   0x1c  Code  Gb  xfail_s.o [2]
__iar_Memchr             0x800'91d1         Code  Gb  memchr.o [4]
__iar_Memset             0x800'1925         Code  Gb  ABImemset.o [4]
__iar_Memset_word        0x800'192d         Code  Gb  ABImemset.o [4]
__iar_Strchr             0x800'9179         Code  Gb  strchr.o [4]
__iar_dadd               0x800'7981         Code  Gb  DblSub.o [3]
__iar_data_init3         0x800'e8bd   0x28  Code  Gb  data_init.o [4]
__iar_dsub               0x800'4391         Code  Gb  DblAdd.o [3]
__iar_dsubStart          0x800'43a3         Code  Gb  DblAdd.o [3]
__iar_frexp              0x800'8ccd         Code  Gb  frexp.o [3]
__iar_frexpl             0x800'8ccd         Code  Gb  frexp.o [3]
__iar_init_vfp           0x800'e8e5         Code  Gb  fpinit_M.o [3]
__iar_ldexp64            0x800'9229         Code  Gb  ldexp.o [3]
__iar_lz77_init_single3
                         0x800'e661   0x78  Code  Gb  lz77_init_single.o [4]
__iar_pow64              0x800'62b9  0x6ec  Code  Gb  pow64.o [3]
__iar_pow_medium         0x800'62b9  0x6ec  Code  Gb  pow64.o [3]
__iar_pow_medium64       0x800'62b9  0x6ec  Code  Gb  pow64.o [3]
__iar_pow_mediuml        0x800'62b9  0x6ec  Code  Gb  pow64.o [3]
__iar_program_start      0x800'ef9d         Code  Gb  cstartup_M.o [4]
__iar_scalbln64          0x800'9229         Code  Gb  ldexp.o [3]
__iar_scalbn64           0x800'9229         Code  Gb  ldexp.o [3]
__iar_softfp___iar_frexp64
                         0x800'8cc1         Code  Gb  frexp.o [3]
__iar_softfp_frexp       0x800'8cc1         Code  Gb  frexp.o [3]
__iar_softfp_frexpl      0x800'8cc1         Code  Gb  frexp.o [3]
__iar_vfp_pow            0x800'3c47   0x10  Code  Gb  math_wrappers64.o [3]
__iar_zero_init3         0x800'164f   0x3a  Code  Gb  zero_init3.o [4]
__low_level_init         0x800'e987    0x4  Code  Gb  low_level_init.o [2]
__vector_table           0x800'0000         Data  Gb  startup_stm32l433xx.o [1]
_call_main               0x800'e975         Code  Gb  cmain.o [4]
_exit                    0x800'e991         Code  Gb  cexit.o [4]
_main                    0x800'e983         Code  Gb  cmain.o [4]
aAT_CMD                 0x2000'207c   0x80  Data  Lc  user_at_serial.o [1]
aBaudrate_value         0x2000'0504   0x2c  Data  Gb  user_app_modbus_rtu.o [1]
aDATA_CONFIG            0x2000'1e7c   0x80  Data  Lc  user_app_modbus_rtu.o [1]
aDATA_CONFIG            0x2000'1ffc   0x80  Data  Lc  user_at_serial.o [1]
aDATA_LOG_REGISTER      0x2000'1efc   0x80  Data  Lc  user_app_modbus_rtu.o [1]
aPASSWORD               0x2000'0074    0x4  Data  Gb  lcd_display.o [1]
aSTT_SETTING_DONE       0x2000'00a8   0x10  Data  Gb  lcd_display.o [1]
aSTT_SETTING_ENTER      0x2000'0088   0x10  Data  Gb  lcd_display.o [1]
aSTT_SETTING_ERROR      0x2000'00b8   0x10  Data  Gb  lcd_display.o [1]
aSTT_SETTING_FREE       0x2000'0078   0x10  Data  Gb  lcd_display.o [1]
aSTT_SETTING_WAIT       0x2000'0098   0x10  Data  Gb  lcd_display.o [1]
aSampling_STT           0x2000'2340   0x3c  Data  Gb  user_app_sensor.o [1]
aSampling_VALUE         0x2000'237c   0x3c  Data  Gb  user_app_sensor.o [1]
aTEST                   0x2000'0000    0xc  Data  Lc  button.o [1]
aUART_232_DATA          0x2000'1788  0x200  Data  Lc  user_connect_sensor.o [1]
aUART_485_DATA          0x2000'1988  0x200  Data  Lc  user_rs485.o [1]
aUART_DBG_DMA_RX        0x2000'2160   0x64  Data  Lc  user_app_comm.o [1]
abort                    0x800'b861    0x6  Code  Gb  abort.o [2]
aframe                  0x2000'1f7c   0x80  Data  Gb  user_app_modbus_rtu.o [1]
bmp_SV_logo_12832        0x800'e3b4  0x200  Data  Gb  unit_tests.o [1]
charNotDetectPress      0x2000'0ad2    0x1  Data  Lc  lcd_display.o [1]
delay_ms                 0x800'bae5    0xc  Code  Gb  STM32L4.o [1]
ee_number                0x800'a3fd  0x146  Code  Lc  user_tiny_vsnprintf.o [1]
ee_skip_atoi             0x800'a3d5   0x28  Code  Lc  user_tiny_vsnprintf.o [1]
exit                     0x800'e98b    0x4  Code  Gb  exit.o [2]
fevent_active            0x800'160d   0x1e  Code  Gb  event_driven.o [1]
fevent_detect_connect    0x800'031b   0x1c  Code  Lc  user_app_sensor.o [1]
fevent_enable            0x800'162b   0x24  Code  Gb  event_driven.o [1]
fevent_refresh_iwdg      0x800'034b   0x1c  Code  Lc  user_app_sensor.o [1]
fevent_rs485_entry       0x800'98d9    0x6  Code  Lc  user_app_rs485.o [1]
fevent_rs485_init_uart   0x800'98df   0x2e  Code  Lc  user_app_rs485.o [1]
fevent_rs485_init_uart::stamp
                        0x2000'2561    0x1  Data  Lc  user_app_rs485.o [1]
fevent_rs485_receive_complete
                         0x800'990d   0x16  Code  Lc  user_app_rs485.o [1]
fevent_rs485_refresh     0x800'9923    0x6  Code  Lc  user_app_rs485.o [1]
fevent_sensor_dac        0x800'0239   0xe2  Code  Lc  user_app_sensor.o [1]
fevent_sensor_entry      0x800'018d   0x12  Code  Lc  user_app_sensor.o [1]
fevent_sensor_handle     0x800'019f   0x98  Code  Lc  user_app_sensor.o [1]
fevent_temp_alarm        0x800'0337   0x14  Code  Lc  user_app_sensor.o [1]
font_current            0x2000'24e8    0xc  Data  Gb  text.o [1]
glcd_ST7565R_init        0x800'bcf9   0x34  Code  Gb  ST7565R.o [1]
glcd_bbox               0x2000'2518    0x4  Data  Gb  glcd.o [1]
glcd_bbox_refresh        0x800'bb85   0x1c  Code  Gb  glcd.o [1]
glcd_bbox_selected      0x2000'2520    0x4  Data  Gb  glcd.o [1]
glcd_buffer             0x2000'1388  0x200  Data  Gb  glcd.o [1]
glcd_buffer_selected    0x2000'251c    0x4  Data  Gb  glcd.o [1]
glcd_clear_buffer        0x800'bba1   0x24  Code  Gb  glcd.o [1]
glcd_command             0x800'bbd9   0x18  Code  Gb  ST7565R.o [1]
glcd_data                0x800'bbf1   0x18  Code  Gb  ST7565R.o [1]
glcd_draw_bitmap         0x800'd569   0x1e  Code  Gb  graphics.o [1]
glcd_draw_char_xy        0x800'cd5b  0x33a  Code  Gb  text.o [1]
glcd_draw_string_xy      0x800'd095   0x38  Code  Gb  text.o [1]
glcd_enable_backlight    0x800'ba71    0x2  Code  Gb  STM32L4.o [1]
glcd_init                0x800'ba4d   0x24  Code  Gb  STM32L4.o [1]
glcd_reset               0x800'ba9d   0x38  Code  Gb  STM32L4.o [1]
glcd_reset_bbox          0x800'bb69   0x1c  Code  Gb  glcd.o [1]
glcd_select_screen       0x800'bbc5    0xa  Code  Gb  glcd.o [1]
glcd_set_column_lower    0x800'bc6d    0xe  Code  Gb  ST7565R.o [1]
glcd_set_column_upper    0x800'bc57   0x16  Code  Gb  ST7565R.o [1]
glcd_set_contrast        0x800'bc09   0x24  Code  Gb  ST7565R.o [1]
glcd_set_font            0x800'cd41   0x1a  Code  Gb  text.o [1]
glcd_set_pixel           0x800'd49d   0xcc  Code  Gb  graphics.o [1]
glcd_set_x_address       0x800'bc41   0x16  Code  Gb  ST7565R.o [1]
glcd_set_y_address       0x800'bc2d   0x14  Code  Gb  ST7565R.o [1]
glcd_spi_write           0x800'ba73   0x2a  Code  Gb  STM32L4.o [1]
glcd_test_bitmap_128x64
                         0x800'bfbd    0xe  Code  Gb  unit_tests.o [1]
glcd_tiny_draw_char      0x800'bd47  0x21a  Code  Gb  text_tiny.o [1]
glcd_tiny_draw_string    0x800'bf61   0x54  Code  Gb  text_tiny.o [1]
glcd_tiny_set_font       0x800'bd2d   0x1a  Code  Gb  text_tiny.o [1]
glcd_update_bbox         0x800'baf1   0x78  Code  Gb  glcd.o [1]
glcd_write               0x800'bc7b   0x70  Code  Gb  ST7565R.o [1]
hdac1                   0x2000'24b4   0x14  Data  Gb  dac.o [1]
hdma_usart1_rx          0x2000'2268   0x48  Data  Gb  usart.o [1]
hdma_usart2_rx          0x2000'22b0   0x48  Data  Gb  usart.o [1]
hdma_usart3_rx          0x2000'22f8   0x48  Data  Gb  usart.o [1]
hiwdg                   0x2000'24c8   0x10  Data  Gb  iwdg.o [1]
hrtc                    0x2000'240c   0x24  Data  Gb  rtc.o [1]
hspi2                   0x2000'20fc   0x64  Data  Gb  spi.o [1]
htim2                   0x2000'221c   0x4c  Data  Gb  tim.o [1]
huart1                  0x2000'1ce4   0x88  Data  Gb  usart.o [1]
huart2                  0x2000'1d6c   0x88  Data  Gb  usart.o [1]
huart3                  0x2000'1df4   0x88  Data  Gb  usart.o [1]
ldexp                    0x800'9229         Code  Gb  ldexp.o [3]
ldexpl                   0x800'9229         Code  Gb  ldexp.o [3]
lnbias                   0x800'db58  0x420  Data  Lc  pow64.o [3]
localeconv               0x800'938d    0x4  Code  Gb  xlocale_c.o [2]
lower_digits            0x2000'0a90    0x4  Data  Lc  user_tiny_vsnprintf.o [1]
main                     0x800'61e9   0x38  Code  Gb  main.o [1]
memchr                   0x800'91d1         Code  Gb  memchr.o [4]
memset                   0x800'61d5   0x14  Code  Gb  memset.o [4]
pFlash                  0x2000'0384   0x20  Data  Gb  stm32l4xx_hal_flash.o [1]
pFunc_UTIL_Debug_Send   0x2000'254c    0x4  Data  Gb  user_util.o [1]
pFunc_UTIL_Log_To_Mem   0x2000'2548    0x4  Data  Gb  user_util.o [1]
pModemProcessIRQTimer   0x2000'253c    0x4  Data  Gb  user_rtc.o [1]
pow                      0x800'62b9  0x6ec  Code  Gb  pow64.o [3]
powl                     0x800'62b9  0x6ec  Code  Gb  pow64.o [3]
quickSort_Sampling       0x800'0367   0x9a  Code  Gb  user_app_sensor.o [1]
quickSort_Sampling_Value
                         0x800'0401   0xd4  Code  Gb  user_app_sensor.o [1]
quickSort_Sampling_Value::Handle_Once
                        0x2000'2562    0x1  Data  Lc  user_app_sensor.o [1]
sButton                 0x2000'246c   0x18  Data  Gb  button.o [1]
sCalibDAC               0x2000'250c    0x8  Data  Gb  user_app_sensor.o [1]
sCheckList_Reg_Modbus_RTU
                        0x2000'0428   0xdc  Data  Gb  user_app_modbus_rtu.o [1]
sEventAppComm           0x2000'03a8   0x70  Data  Gb  user_app_comm.o [1]
sEventAppRs485          0x2000'0538   0x40  Data  Gb  user_app_rs485.o [1]
sEventAppSensor         0x2000'0578   0x60  Data  Gb  user_app_sensor.o [1]
sEventDisplay           0x2000'000c   0x60  Data  Gb  lcd_display.o [1]
sFirmVersion            0x2000'0418    0x8  Data  Gb  user_app_comm.o [1]
sLCD                    0x2000'24d8   0x10  Data  Gb  lcd_display.o [1]
sLCDObject              0x2000'00c8  0x2b8  Data  Gb  lcd_display.o [1]
sLogData_ModbusRTU      0x2000'0530    0x8  Data  Gb  user_app_modbus_rtu.o [1]
sModelVersion           0x2000'006c    0x8  Data  Gb  lcd_display.o [1]
sParaDisplay            0x2000'23e4   0x28  Data  Gb  lcd_display.o [1]
sRTC                    0x2000'2500    0xc  Data  Gb  user_util.o [1]
sSensorLevel            0x2000'2430   0x20  Data  Gb  user_app_sensor.o [1]
sSlave_ModbusRTU        0x2000'0ad0    0x2  Data  Gb  user_app_modbus_rtu.o [1]
sTempAlarm              0x2000'24f4    0xc  Data  Gb  user_app_sensor.o [1]
sUart232                0x2000'0a80    0x8  Data  Gb  user_connect_sensor.o [1]
sUart485                0x2000'0a88    0x8  Data  Gb  user_rs485.o [1]
sUartDebug              0x2000'0420    0x8  Data  Gb  user_app_comm.o [1]
scalbln                  0x800'9229         Code  Gb  ldexp.o [3]
scalblnl                 0x800'9229         Code  Gb  ldexp.o [3]
scalbn                   0x800'9229         Code  Gb  ldexp.o [3]
scalbnl                  0x800'9229         Code  Gb  ldexp.o [3]
scale                    0x800'786f   0x46  Code  Lc  xprintffull_nomb.o [2]
sec_hand                0x2000'2550    0x4  Data  Lc  xfail_s.o [2]
sprintf                  0x800'3f6d   0x40  Code  Gb  sprintf.o [2]
strATcmd                0x2000'05d8    0x8  Data  Gb  user_at_serial.o [1]
strchr                   0x800'9179         Code  Gb  strchr.o [4]
strlen                   0x800'3be5         Code  Gb  strlen.o [4]
sztmp                   0x2000'1588  0x200  Data  Lc  user_adv_trace.o [1]
test_gettick            0x2000'2534    0x4  Data  Gb  user_app_sensor.o [1]
test_gettick_2          0x2000'2538    0x4  Data  Gb  user_app_sensor.o [1]
test_tim2               0x2000'2528    0x4  Data  Gb  lcd_display.o [1]
tiny_vsnprintf_like      0x800'a543  0x1d6  Code  Gb  user_tiny_vsnprintf.o [1]
upper_digits            0x2000'0a94    0x4  Data  Lc  user_tiny_vsnprintf.o [1]
uwTick                  0x2000'252c    0x4  Data  Gb  stm32l4xx_hal.o [1]
uwTickFreq              0x2000'0ad3    0x1  Data  Gb  stm32l4xx_hal.o [1]
uwTickPrio              0x2000'0380    0x4  Data  Gb  stm32l4xx_hal.o [1]
vcom_DeInit              0x800'83a1   0x1e  Code  Gb  user_app_comm.o [1]
vcom_Init                0x800'8397    0xa  Code  Gb  user_app_comm.o [1]
vcom_Trace_DMA           0x800'83bf   0x24  Code  Gb  user_app_comm.o [1]


[1] = D:\Saoviet_Git\Saoviet_Slave_Level_Ultrasonic\Project_Slave_Level_Ultra\EWARM\Project_Slave_Level_Ultra\Obj
[2] = dl7M_tlf.a
[3] = m7M_tls.a
[4] = rt7M_tl.a
[5] = shb_l.a

  55'433 bytes of readonly  code memory
   7'598 bytes of readonly  data memory
  10'599 bytes of readwrite data memory

Errors: none
Warnings: none
